BdsDxe: loading Boot0000 "UiApp" from Fv(7CB8BDC9-F8EB-4F34-AAEA-3EE4AF6516A1)/FvFile(462CAA21-7614-4503-836E-8AB6F4662331)
BdsDxe: starting Boot0000 "UiApp" from Fv(7CB8BDC9-F8EB-4F34-AAEA-3EE4AF6516A1)/FvFile(462CAA21-7614-4503-836E-8AB6F4662331)
BdsDxe: loading Boot0001 "UEFI Misc Device" from PciRoot(0x0)/Pci(0x2,0x2)/Pci(0x0,0x0)
BdsDxe: starting Boot0001 "UEFI Misc Device" from PciRoot(0x0)/Pci(0x2,0x2)/Pci(0x0,0x0)
error: Secure Boot forbids loading module from
(cd0)/boot/grub/x86_64-efi/part_acorn.mod.
error: Secure Boot forbids loading module from
(cd0)/boot/grub/x86_64-efi/part_amiga.mod.
error: Secure Boot forbids loading module from
(cd0)/boot/grub/x86_64-efi/part_bsd.mod.
error: Secure Boot forbids loading module from
(cd0)/boot/grub/x86_64-efi/part_dfly.mod.
error: Secure Boot forbids loading module from
(cd0)/boot/grub/x86_64-efi/part_dvh.mod.
error: Secure Boot forbids loading module from
(cd0)/boot/grub/x86_64-efi/part_plan.mod.
error: Secure Boot forbids loading module from
(cd0)/boot/grub/x86_64-efi/part_sun.mod.
error: Secure Boot forbids loading module from
(cd0)/boot/grub/x86_64-efi/part_sunpc.mod.
EFI stub: UEFI Secure Boot is enabled.
[    0.000000] Linux version 4.19.0-9-amd64 (debian-kernel@lists.debian.org) (gcc version 8.3.0 (Debian 8.3.0-6)) #1 SMP Debian 4.19.118-2 (2020-04-29)
[    0.000000] Command line: BOOT_IMAGE=/install.amd/vmlinuz init=/bin/ash console=tty1 console=ttyS0
[    0.000000] x86/fpu: Supporting XSAVE feature 0x001: 'x87 floating point registers'
[    0.000000] x86/fpu: Supporting XSAVE feature 0x002: 'SSE registers'
[    0.000000] x86/fpu: Supporting XSAVE feature 0x004: 'AVX registers'
[    0.000000] x86/fpu: xstate_offset[2]:  576, xstate_sizes[2]:  256
[    0.000000] x86/fpu: Enabled xstate features 0x7, context size is 832 bytes, using 'standard' format.
[    0.000000] BIOS-provided physical RAM map:
[    0.000000] BIOS-e820: [mem 0x0000000000000000-0x000000000009ffff] usable
[    0.000000] BIOS-e820: [mem 0x0000000000100000-0x000000003da5ffff] usable
[    0.000000] BIOS-e820: [mem 0x000000003da60000-0x000000003da73fff] reserved
[    0.000000] BIOS-e820: [mem 0x000000003da74000-0x000000003dac7fff] usable
[    0.000000] BIOS-e820: [mem 0x000000003dac8000-0x000000003db19fff] reserved
[    0.000000] BIOS-e820: [mem 0x000000003db1a000-0x000000003eb99fff] usable
[    0.000000] BIOS-e820: [mem 0x000000003eb9a000-0x000000003ebf1fff] reserved
[    0.000000] BIOS-e820: [mem 0x000000003ebf2000-0x000000003ebf9fff] ACPI data
[    0.000000] BIOS-e820: [mem 0x000000003ebfa000-0x000000003ebfdfff] ACPI NVS
[    0.000000] BIOS-e820: [mem 0x000000003ebfe000-0x000000003effffff] usable
[    0.000000] BIOS-e820: [mem 0x000000003f000000-0x000000003fffffff] reserved
[    0.000000] BIOS-e820: [mem 0x00000000b0000000-0x00000000bfffffff] reserved
[    0.000000] NX (Execute Disable) protection: active
[    0.000000] extended physical RAM map:
[    0.000000] reserve setup_data: [mem 0x0000000000000000-0x000000000009ffff] usable
[    0.000000] reserve setup_data: [mem 0x0000000000100000-0x000000003d7ad017] usable
[    0.000000] reserve setup_data: [mem 0x000000003d7ad018-0x000000003d7b6657] usable
[    0.000000] reserve setup_data: [mem 0x000000003d7b6658-0x000000003da5ffff] usable
[    0.000000] reserve setup_data: [mem 0x000000003da60000-0x000000003da73fff] reserved
[    0.000000] reserve setup_data: [mem 0x000000003da74000-0x000000003dac7fff] usable
[    0.000000] reserve setup_data: [mem 0x000000003dac8000-0x000000003db19fff] reserved
[    0.000000] reserve setup_data: [mem 0x000000003db1a000-0x000000003eb99fff] usable
[    0.000000] reserve setup_data: [mem 0x000000003eb9a000-0x000000003ebf1fff] reserved
[    0.000000] reserve setup_data: [mem 0x000000003ebf2000-0x000000003ebf9fff] ACPI data
[    0.000000] reserve setup_data: [mem 0x000000003ebfa000-0x000000003ebfdfff] ACPI NVS
[    0.000000] reserve setup_data: [mem 0x000000003ebfe000-0x000000003effffff] usable
[    0.000000] reserve setup_data: [mem 0x000000003f000000-0x000000003fffffff] reserved
[    0.000000] reserve setup_data: [mem 0x00000000b0000000-0x00000000bfffffff] reserved
[    0.000000] efi: EFI v2.70 by EDK II
[    0.000000] efi:  SMBIOS=0x3ebd2000  ACPI=0x3ebf9000  ACPI 2.0=0x3ebf9014  MEMATTR=0x3dd63018 
[    0.000000] secureboot: Secure boot enabled
[    0.000000] Kernel is locked down from EFI secure boot; see https://wiki.debian.org/SecureBoot
[    0.000000] SMBIOS 2.8 present.
[    0.000000] DMI: KubeVirt None/RHEL-AV, BIOS 0.0.0 02/06/2015
[    0.000000] Hypervisor detected: KVM
[    0.000000] kvm-clock: Using msrs 4b564d01 and 4b564d00
[    0.000005] kvm-clock: cpu 0, msr c1e8001, primary cpu clock
[    0.000005] kvm-clock: using sched offset of 410035404106 cycles
[    0.001113] clocksource: kvm-clock: mask: 0xffffffffffffffff max_cycles: 0x1cd42e4dffb, max_idle_ns: 881590591483 ns
[    0.002998] tsc: Detected 2394.454 MHz processor
[    0.044266] last_pfn = 0x3f000 max_arch_pfn = 0x400000000
[    0.069254] x86/PAT: Configuration [0-7]: WB  WC  UC- UC  WB  WP  UC- WT  
[    0.127356] Using GB pages for direct mapping
[    0.131174] RAMDISK: [mem 0x291bc000-0x2be20fff]
[    0.135209] ACPI: Early table checksum verification disabled
[    0.139930] ACPI: RSDP 0x000000003EBF9014 000024 (v02 BOCHS )
[    0.140011] ACPI: XSDT 0x000000003EBF80E8 000044 (v01 BOCHS  BXPCFACP 00000001      01000013)
[    0.141161] ACPI: FACP 0x000000003EBF5000 0000F4 (v03 BOCHS  BXPCFACP 00000001 BXPC 00000001)
[    0.142150] ACPI: DSDT 0x000000003EBF6000 001EBE (v01 BOCHS  BXPCDSDT 00000001 BXPC 00000001)
[    0.142209] ACPI: FACS 0x000000003EBFC000 000040
[    0.142275] ACPI: APIC 0x000000003EBF4000 000078 (v01 BOCHS  BXPCAPIC 00000001 BXPC 00000001)
[    0.142341] ACPI: MCFG 0x000000003EBF3000 00003C (v01 BOCHS  BXPCMCFG 00000001 BXPC 00000001)
[    0.142401] ACPI: BGRT 0x000000003EBF2000 000038 (v01 INTEL  EDK2     00000002      01000013)
[    0.215959] No NUMA configuration found
[    0.215997] Faking a node at [mem 0x0000000000000000-0x000000003effffff]
[    0.216112] NODE_DATA(0) allocated [mem 0x3ef81000-0x3ef85fff]
[    0.230201] Zone ranges:
[    0.230222]   DMA      [mem 0x0000000000001000-0x0000000000ffffff]
[    0.230224]   DMA32    [mem 0x0000000001000000-0x000000003effffff]
[    0.230225]   Normal   empty
[    0.230226]   Device   empty
[    0.230227] Movable zone start for each node
[    0.230228] Early memory node ranges
[    0.230229]   node   0: [mem 0x0000000000001000-0x000000000009ffff]
[    0.230230]   node   0: [mem 0x0000000000100000-0x000000003da5ffff]
[    0.230231]   node   0: [mem 0x000000003da74000-0x000000003dac7fff]
[    0.230232]   node   0: [mem 0x000000003db1a000-0x000000003eb99fff]
[    0.230233]   node   0: [mem 0x000000003ebfe000-0x000000003effffff]
[    0.249017] Zeroed struct page in unavailable ranges: 4395 pages
[    0.249029] Initmem setup node 0 [mem 0x0000000000001000-0x000000003effffff]
[    1.413977] ACPI: PM-Timer IO Port: 0x608
[    1.415995] ACPI: LAPIC_NMI (acpi_id[0xff] dfl dfl lint[0x1])
[    1.423869] IOAPIC[0]: apic_id 0, version 17, address 0xfec00000, GSI 0-23
[    1.423879] ACPI: INT_SRC_OVR (bus 0 bus_irq 0 global_irq 2 dfl dfl)
[    1.423892] ACPI: INT_SRC_OVR (bus 0 bus_irq 5 global_irq 5 high level)
[    1.423894] ACPI: INT_SRC_OVR (bus 0 bus_irq 9 global_irq 9 high level)
[    1.424922] ACPI: INT_SRC_OVR (bus 0 bus_irq 10 global_irq 10 high level)
[    1.424925] ACPI: INT_SRC_OVR (bus 0 bus_irq 11 global_irq 11 high level)
[    1.424944] Using ACPI (MADT) for SMP configuration information
[    1.426195] smpboot: Allowing 1 CPUs, 0 hotplug CPUs
[    1.430231] PM: Registered nosave memory: [mem 0x00000000-0x00000fff]
[    1.430239] PM: Registered nosave memory: [mem 0x000a0000-0x000fffff]
[    1.430241] PM: Registered nosave memory: [mem 0x3d5ad000-0x3d5d3fff]
[    1.430242] PM: Registered nosave memory: [mem 0x3d7ad000-0x3d7adfff]
[    1.430244] PM: Registered nosave memory: [mem 0x3d7b6000-0x3d7b6fff]
[    1.430245] PM: Registered nosave memory: [mem 0x3da60000-0x3da73fff]
[    1.430246] PM: Registered nosave memory: [mem 0x3dac8000-0x3db19fff]
[    1.430248] PM: Registered nosave memory: [mem 0x3eb9a000-0x3ebf1fff]
[    1.430249] PM: Registered nosave memory: [mem 0x3ebf2000-0x3ebf9fff]
[    1.430249] PM: Registered nosave memory: [mem 0x3ebfa000-0x3ebfdfff]
[    1.430254] [mem 0x40000000-0xafffffff] available for PCI devices
[    1.430259] Booting paravirtualized kernel on KVM
[    1.431212] clocksource: refined-jiffies: mask: 0xffffffff max_cycles: 0xffffffff, max_idle_ns: 7645519600211568 ns
[    1.641094] random: get_random_bytes called from start_kernel+0x93/0x52c with crng_init=0
[    1.641206] setup_percpu: NR_CPUS:512 nr_cpumask_bits:512 nr_cpu_ids:1 nr_node_ids:1
[    1.701228] percpu: Embedded 45 pages/cpu s144408 r8192 d31720 u2097152
[    1.705459] KVM setup async PF for cpu 0
[    1.706996] kvm-stealtime: cpu 0, msr 3c0161c0
[    1.711078] Built 1 zonelists, mobility grouping on.  Total pages: 251679
[    1.711084] Policy zone: DMA32
[    1.711106] Kernel command line: BOOT_IMAGE=/install.amd/vmlinuz init=/bin/ash console=tty1 console=ttyS0
[    1.741063] Memory: 907312K/1030996K available (10252K kernel code, 1241K rwdata, 3316K rodata, 1588K init, 2276K bss, 123684K reserved, 0K cma-reserved)
[    1.751373] SLUB: HWalign=64, Order=0-3, MinObjects=0, CPUs=1, Nodes=1
[    1.752219] Kernel/User page tables isolation: enabled
[    1.754078] ftrace: allocating 31879 entries in 125 pages
[    3.071966] rcu: Hierarchical RCU implementation.
[    3.072001] rcu:     RCU restricting CPUs from NR_CPUS=512 to nr_cpu_ids=1.
[    3.072004] rcu: Adjusting geometry for rcu_fanout_leaf=16, nr_cpu_ids=1
[    3.088409] NR_IRQS: 33024, nr_irqs: 256, preallocated irqs: 16
[    3.098195] Console: colour dummy device 80x25
[    3.098366] console [tty1] enabled
[   21.573171] console [ttyS0] enabled
[   21.659429] ACPI: Core revision 20180810
[   21.766338] APIC: Switch to symmetric I/O mode setup
[   22.261311] x2apic enabled
[   22.430176] Switched APIC routing to physical x2apic.
[   22.963076] ..TIMER: vector=0x30 apic1=0 pin1=2 apic2=-1 pin2=-1
[   23.134225] clocksource: tsc-early: mask: 0xffffffffffffffff max_cycles: 0x2283c0783fd, max_idle_ns: 440795301468 ns
[   23.388461] Calibrating delay loop (skipped) preset value.. 4788.90 BogoMIPS (lpj=9577816)
[   23.400408] pid_max: default: 32768 minimum: 301
[   23.440473] Security Framework initialized
[   23.452407] Yama: disabled by default; enable with sysctl kernel.yama.*
[   23.460557] AppArmor: AppArmor initialized
[   23.502133] Dentry cache hash table entries: 131072 (order: 8, 1048576 bytes)
[   23.531472] Inode-cache hash table entries: 65536 (order: 7, 524288 bytes)
[   23.537100] Mount-cache hash table entries: 2048 (order: 2, 16384 bytes)
[   23.548594] Mountpoint-cache hash table entries: 2048 (order: 2, 16384 bytes)
[   23.605979] x86/cpu: Activated the Intel User Mode Instruction Prevention (UMIP) CPU feature
[   23.641685] Last level iTLB entries: 4KB 0, 2MB 0, 4MB 0
[   23.648401] Last level dTLB entries: 4KB 0, 2MB 0, 4MB 0, 1GB 0
[   23.653500] Spectre V1 : Mitigation: usercopy/swapgs barriers and __user pointer sanitization
[   23.656404] Spectre V2 : Mitigation: Full generic retpoline
[   23.668400] Spectre V2 : Spectre v2 / SpectreRSB mitigation: Filling RSB on context switch
[   23.684407] Spectre V2 : Enabling Restricted Speculation for firmware calls
[   23.692445] Spectre V2 : mitigation: Enabling conditional Indirect Branch Prediction Barrier
[   23.696403] Speculative Store Bypass: Mitigation: Speculative Store Bypass disabled via prctl and seccomp
[   23.700478] MDS: Vulnerable: Clear CPU buffers attempted, no microcode
[   23.757409] Freeing SMP alternatives memory: 24K
[   23.820394] smpboot: CPU0: Intel Core Processor (Haswell, no TSX, IBRS) (family: 0x6, model: 0x3c, stepping: 0x1)
[   23.826385] Performance Events: unsupported p6 CPU model 60 no PMU driver, software events only.
[   23.834266] rcu: Hierarchical SRCU implementation.
[   23.841291] random: crng done (trusting CPU's manufacturer)
[   23.845839] NMI watchdog: Perf NMI watchdog permanently disabled
[   23.849580] smp: Bringing up secondary CPUs ...
[   23.853277] smp: Brought up 1 node, 1 CPU
[   23.857536] smpboot: Max logical packages: 1
[   23.860926] smpboot: Total of 1 processors activated (4788.90 BogoMIPS)
[   23.874242] devtmpfs: initialized
[   23.877590] x86/mm: Memory block size: 128MB
[   23.885673] PM: Registering ACPI NVS region [mem 0x3ebfa000-0x3ebfdfff] (16384 bytes)
[   23.893605] clocksource: jiffies: mask: 0xffffffff max_cycles: 0xffffffff, max_idle_ns: 7645041785100000 ns
[   23.897245] futex hash table entries: 256 (order: 2, 16384 bytes)
[   23.902202] pinctrl core: initialized pinctrl subsystem
[   23.908394] NET: Registered protocol family 16
[   23.910625] audit: initializing netlink subsys (disabled)
[   23.915531] cpuidle: using governor ladder
[   23.917265] cpuidle: using governor menu
[   23.920873] audit: type=2000 audit(1603809647.968:1): state=initialized audit_enabled=0 res=1
[   23.926118] ACPI: bus type PCI registered
[   23.929341] acpiphp: ACPI Hot Plug PCI Controller Driver version: 0.5
[   23.948098] PCI: MMCONFIG for domain 0000 [bus 00-ff] at [mem 0xb0000000-0xbfffffff] (base 0xb0000000)
[   23.949347] PCI: MMCONFIG at [mem 0xb0000000-0xbfffffff] reserved in E820
[   23.952820] PCI: Using configuration type 1 for base access
[   23.967356] HugeTLB registered 1.00 GiB page size, pre-allocated 0 pages
[   23.969319] HugeTLB registered 2.00 MiB page size, pre-allocated 0 pages
[   23.979598] ACPI: Added _OSI(Module Device)
[   23.981558] ACPI: Added _OSI(Processor Device)
[   23.985292] ACPI: Added _OSI(3.0 _SCP Extensions)
[   23.989277] ACPI: Added _OSI(Processor Aggregator Device)
[   23.993294] ACPI: Added _OSI(Linux-Dell-Video)
[   23.997419] ACPI: Added _OSI(Linux-Lenovo-NV-HDMI-Audio)
[   24.005535] ACPI: 1 ACPI AML tables successfully acquired and loaded
[   24.045418] ACPI: Interpreter enabled
[   24.049295] ACPI: (supports S0 S5)
[   24.053220] ACPI: Using IOAPIC for interrupt routing
[   24.059550] PCI: Using host bridge windows from ACPI; if necessary, use "pci=nocrs" and report a bug
[   24.063200] ACPI: Enabled 1 GPEs in block 00 to 3F
[   24.127438] ACPI: PCI Root Bridge [PCI0] (domain 0000 [bus 00-ff])
[   24.129218] acpi PNP0A08:00: _OSC: OS supports [ExtendedConfig ASPM ClockPM Segments MSI]
[   24.133511] acpi PNP0A08:00: _OSC: platform does not support [LTR]
[   24.137557] acpi PNP0A08:00: _OSC: OS now controls [PCIeHotplug SHPCHotplug PME AER PCIeCapability]
[   24.151060] PCI host bridge to bus 0000:00
[   24.153245] pci_bus 0000:00: root bus resource [io  0x0000-0x0cf7 window]
[   24.157221] pci_bus 0000:00: root bus resource [io  0x0d00-0xffff window]
[   24.160833] pci_bus 0000:00: root bus resource [mem 0x000a0000-0x000bffff window]
[   24.164836] pci_bus 0000:00: root bus resource [mem 0x40000000-0xafffffff window]
[   24.169407] pci_bus 0000:00: root bus resource [mem 0xc0000000-0xfebfffff window]
[   24.173974] pci_bus 0000:00: root bus resource [mem 0x800000000-0xfffffffff window]
[   24.176849] pci_bus 0000:00: root bus resource [bus 00-ff]
[   24.537248] pci 0000:00:01.0: BAR 0: assigned to efifb
[   25.910097] pci 0000:00:1f.0: quirk: [io  0x0600-0x067f] claimed by ICH6 ACPI/GPIO/TCO
[   25.924394] pci 0000:00:1f.0: quirk_ich7_lpc+0x0/0x60 took 15625 usecs
[   26.776851] pci 0000:00:02.0: PCI bridge to [bus 01]
[   27.206634] pci 0000:00:02.1: PCI bridge to [bus 02]
[   27.645312] pci 0000:00:02.2: PCI bridge to [bus 03]
[   28.105261] pci 0000:00:02.3: PCI bridge to [bus 04]
[   28.169347] pci 0000:00:02.4: PCI bridge to [bus 05]
[   28.263157] ACPI: PCI Interrupt Link [LNKA] (IRQs 5 *10 11)
[   28.273353] ACPI: PCI Interrupt Link [LNKB] (IRQs 5 *10 11)
[   28.283215] ACPI: PCI Interrupt Link [LNKC] (IRQs 5 10 *11)
[   28.293258] ACPI: PCI Interrupt Link [LNKD] (IRQs 5 10 *11)
[   28.305276] ACPI: PCI Interrupt Link [LNKE] (IRQs 5 *10 11)
[   28.317338] ACPI: PCI Interrupt Link [LNKF] (IRQs 5 *10 11)
[   28.329301] ACPI: PCI Interrupt Link [LNKG] (IRQs 5 10 *11)
[   28.341225] ACPI: PCI Interrupt Link [LNKH] (IRQs 5 10 *11)
[   28.348792] ACPI: PCI Interrupt Link [GSIA] (IRQs *16)
[   28.352860] ACPI: PCI Interrupt Link [GSIB] (IRQs *17)
[   28.357486] ACPI: PCI Interrupt Link [GSIC] (IRQs *18)
[   28.361252] ACPI: PCI Interrupt Link [GSID] (IRQs *19)
[   28.365449] ACPI: PCI Interrupt Link [GSIE] (IRQs *20)
[   28.368799] ACPI: PCI Interrupt Link [GSIF] (IRQs *21)
[   28.373279] ACPI: PCI Interrupt Link [GSIG] (IRQs *22)
[   28.376820] ACPI: PCI Interrupt Link [GSIH] (IRQs *23)
[   28.432394] pci 0000:00:01.0: vgaarb: setting as boot VGA device
[   28.432394] pci 0000:00:01.0: vgaarb: VGA device added: decodes=io+mem,owns=io+mem,locks=none
[   28.433282] pci 0000:00:01.0: vgaarb: bridge control possible
[   28.437358] vgaarb: loaded
[   28.461304] pps_core: LinuxPPS API ver. 1 registered
[   28.465263] pps_core: Software ver. 5.3.6 - Copyright 2005-2007 Rodolfo Giometti <giometti@linux.it>
[   28.470571] PTP clock support registered
[   28.474324] EDAC MC: Ver: 3.0.0
[   28.575999] Registered efivars operations
[   28.584276] PCI: Using ACPI for IRQ routing
[   42.733225] pci 0000:00:1f.2: can't claim BAR 4 [io  0xa240-0xa25f]: address conflict with PCI Bus 0000:01 [io  0xa000-0xafff]
[   42.738912] pci 0000:00:1f.3: can't claim BAR 4 [io  0xa200-0xa23f]: address conflict with PCI Bus 0000:01 [io  0xa000-0xafff]
[   42.814011] clocksource: Switched to clocksource kvm-clock
[   44.298435] VFS: Disk quotas dquot_6.6.0
[   44.390417] VFS: Dquot-cache hash table entries: 512 (order 0, 4096 bytes)
[   44.555456] AppArmor: AppArmor Filesystem Enabled
[   44.663780] pnp: PnP ACPI init
[   44.774606] pnp: PnP ACPI: found 4 devices
[   44.918349] clocksource: acpi_pm: mask: 0xffffff max_cycles: 0xffffff, max_idle_ns: 2085701024 ns
[   45.117352] pci 0000:00:01.0: can't claim BAR 6 [mem 0xffff0000-0xffffffff pref]: no compatible bridge window
[   45.410871] pci 0000:00:02.4: BAR 15: assigned [mem 0x800400000-0x8005fffff 64bit pref]
[   45.606377] pci 0000:00:01.0: BAR 6: assigned [mem 0x40000000-0x4000ffff pref]
[   45.765724] pci 0000:00:1f.3: BAR 4: assigned [io  0x1000-0x103f]
[   45.906847] pci 0000:00:1f.2: BAR 4: assigned [io  0x1040-0x105f]
[   46.076410] pci 0000:00:02.0: PCI bridge to [bus 01]
[   46.211400] pci 0000:00:02.0:   bridge window [io  0xa000-0xafff]
[   46.356773] pci 0000:00:02.0:   bridge window [mem 0xc1800000-0xc19fffff]
[   46.542663] pci 0000:00:02.0:   bridge window [mem 0x800000000-0x8000fffff 64bit pref]
[   46.754422] pci 0000:00:02.1: PCI bridge to [bus 02]
[   46.894604] pci 0000:00:02.1:   bridge window [io  0x9000-0x9fff]
[   47.035394] pci 0000:00:02.1:   bridge window [mem 0xc1600000-0xc17fffff]
[   47.206613] pci 0000:00:02.1:   bridge window [mem 0x800100000-0x8001fffff 64bit pref]
[   47.410653] pci 0000:00:02.2: PCI bridge to [bus 03]
[   47.536293] pci 0000:00:02.2:   bridge window [io  0x8000-0x8fff]
[   47.675626] pci 0000:00:02.2:   bridge window [mem 0xc1400000-0xc15fffff]
[   47.851609] pci 0000:00:02.2:   bridge window [mem 0x800200000-0x8002fffff 64bit pref]
[   48.056355] pci 0000:00:02.3: PCI bridge to [bus 04]
[   48.196472] pci 0000:00:02.3:   bridge window [io  0x7000-0x7fff]
[   48.339573] pci 0000:00:02.3:   bridge window [mem 0xc1200000-0xc13fffff]
[   48.510712] pci 0000:00:02.3:   bridge window [mem 0x800300000-0x8003fffff 64bit pref]
[   48.718254] pci 0000:00:02.4: PCI bridge to [bus 05]
[   48.851341] pci 0000:00:02.4:   bridge window [io  0x6000-0x6fff]
[   48.993656] pci 0000:00:02.4:   bridge window [mem 0xc1000000-0xc11fffff]
[   49.171654] pci 0000:00:02.4:   bridge window [mem 0x800400000-0x8005fffff 64bit pref]
[   49.374621] NET: Registered protocol family 2
[   49.518658] tcp_listen_portaddr_hash hash table entries: 512 (order: 1, 8192 bytes)
[   49.684338] TCP established hash table entries: 8192 (order: 4, 65536 bytes)
[   49.839384] TCP bind hash table entries: 8192 (order: 5, 131072 bytes)
[   49.983594] TCP: Hash tables configured (established 8192 bind 8192)
[   50.118684] UDP hash table entries: 512 (order: 2, 16384 bytes)
[   50.248446] UDP-Lite hash table entries: 512 (order: 2, 16384 bytes)
[   50.387323] NET: Registered protocol family 1
[   50.487332] NET: Registered protocol family 44
[   50.592315] pci 0000:00:01.0: Video device with shadowed ROM at [mem 0x000c0000-0x000dffff]
[   50.763396] pci 0000:00:01.0: pci_fixup_video+0x0/0x110 took 174803 usecs
[   50.944083] Unpacking initramfs...
[   75.681847] Freeing initrd memory: 45460K
[   75.799309] clocksource: tsc: mask: 0xffffffffffffffff max_cycles: 0x2283c0783fd, max_idle_ns: 440795301468 ns
[   76.083438] Initialise system trusted keyrings
[   76.191658] Key type blacklist registered
[   76.297711] workingset: timestamp_bits=40 max_order=18 bucket_order=0
[   76.567501] zbud: loaded
[   77.271446] Key type asymmetric registered
[   77.370398] Asymmetric key parser 'x509' registered
[   77.487410] Block layer SCSI generic (bsg) driver version 0.4 loaded (major 247)
[   77.666643] io scheduler noop registered
[   77.760465] io scheduler deadline registered
[   77.863592] io scheduler cfq registered (default)
[   77.975197] io scheduler mq-deadline registered
[   78.115512] PCI Interrupt Link [GSIG] enabled at IRQ 22
[   78.338703] pcieport 0000:00:02.0: Signaling PME with IRQ 24
[   78.517648] pcieport 0000:00:02.0: AER enabled with IRQ 24
[   78.658323] pciehp 0000:00:02.0:pcie004: Slot #0 AttnBtn+ PwrCtrl+ MRL- AttnInd+ PwrInd+ HotPlug+ Surprise+ Interlock+ NoCompl- LLActRep+
[   79.149712] pcieport 0000:00:02.1: Signaling PME with IRQ 25
[   79.334187] pcieport 0000:00:02.1: AER enabled with IRQ 25
[   79.474157] pciehp 0000:00:02.1:pcie004: Slot #0 AttnBtn+ PwrCtrl+ MRL- AttnInd+ PwrInd+ HotPlug+ Surprise+ Interlock+ NoCompl- LLActRep+
[   79.950658] pcieport 0000:00:02.2: Signaling PME with IRQ 26
[   80.134375] pcieport 0000:00:02.2: AER enabled with IRQ 26
[   80.275274] pciehp 0000:00:02.2:pcie004: Slot #0 AttnBtn+ PwrCtrl+ MRL- AttnInd+ PwrInd+ HotPlug+ Surprise+ Interlock+ NoCompl- LLActRep+
[   80.762310] pcieport 0000:00:02.3: Signaling PME with IRQ 27
[   80.939257] pcieport 0000:00:02.3: AER enabled with IRQ 27
[   81.075370] pciehp 0000:00:02.3:pcie004: Slot #0 AttnBtn+ PwrCtrl+ MRL- AttnInd+ PwrInd+ HotPlug+ Surprise+ Interlock+ NoCompl- LLActRep+
[   81.554215] pcieport 0000:00:02.4: Signaling PME with IRQ 28
[   81.739047] pcieport 0000:00:02.4: AER enabled with IRQ 28
[   81.876001] pciehp 0000:00:02.4:pcie004: Slot #0 AttnBtn+ PwrCtrl+ MRL- AttnInd+ PwrInd+ HotPlug+ Surprise+ Interlock+ NoCompl- LLActRep+
[   82.264058] shpchp: Standard Hot Plug PCI Controller Driver version: 0.4
[   82.422244] efifb: probing for efifb
[   82.512209] efifb: framebuffer at 0xc0000000, using 1876k, total 1875k
[   82.665575] efifb: mode is 800x600x32, linelength=3200, pages=1
[   82.804363] efifb: scrolling: redraw
[   82.890055] efifb: Truecolor: size=8:8:8:8, shift=24:16:8:0
[   83.610357] Console: switching to colour frame buffer device 100x37
[   83.760419] fb0: EFI VGA frame buffer device
[   83.883990] Serial: 8250/16550 driver, 4 ports, IRQ sharing enabled
[   84.456107] 00:03: ttyS0 at I/O 0x3f8 (irq = 4, base_baud = 115200) is a 16550A
[   84.646010] Linux agpgart interface v0.103
[   84.750117] AMD IOMMUv2 driver by Joerg Roedel <jroedel@suse.de>
[   84.891923] AMD IOMMUv2 functionality not available on this system
[   85.051478] i8042: PNP: PS/2 Controller [PNP0303:KBD,PNP0f13:MOU] at 0x60,0x64 irq 1,12
[   85.390083] serio: i8042 KBD port at 0x60,0x64 irq 1
[   85.510377] serio: i8042 AUX port at 0x60,0x64 irq 12
[   85.631977] mousedev: PS/2 mouse device common for all mice
[   85.782933] rtc_cmos 00:00: RTC can wake from S4
[   85.936033] input: AT Translated Set 2 keyboard as /devices/platform/i8042/serio0/input/input0
[   86.210997] rtc_cmos 00:00: registered as rtc0
[   86.342191] rtc_cmos 00:00: alarms up to one day, y3k, 114 bytes nvram
[   86.494174] ledtrig-cpu: registered to indicate activity on CPUs
[   86.638399] NET: Registered protocol family 10
[   86.948329] Segment Routing with IPv6
[   87.038322] mip6: Mobile IPv6
[   87.109989] NET: Registered protocol family 17
[   87.220032] mpls_gso: MPLS GSO support
[   87.319955] mce: Using 10 MCE banks
[   87.410010] registered taskstats version 1
[   87.510012] Loading compiled-in X.509 certificates
[   87.708342] Loaded X.509 cert 'Debian Secure Boot CA: 6ccece7e4c6c0d1f6149f3dd27dfcc5cbb419ea1'
[   87.914316] Loaded X.509 cert 'Debian Secure Boot Signer: 00a7468def'
[   88.192070] Loaded UEFI:db cert 'Microsoft Windows Production PCA 2011: a92902398e16c49778cd90f99e4f9ae17c55af53' linked to secondary sys keyring
[   88.498130] Loaded UEFI:db cert 'Microsoft Corporation UEFI CA 2011: 13adbf4309bd82709c8cd54f316ed522988a1bd4' linked to secondary sys keyring
[   88.872233] zswap: loaded using pool lzo/zbud
[   88.978366] AppArmor: AppArmor sha1 policy hashing enabled
[   89.131915] rtc_cmos 00:00: setting system clock to 2020-10-27 14:42:34 UTC (1603809754)
[   89.324357] Lockdown: Hibernation is restricted; see https://wiki.debian.org/SecureBoot
[   89.509778] Unstable clock detected, switching default tracing clock to "global"
[   89.509778] If you want to keep using the local clock, then add:
[   89.509778]   "trace_clock=local"
[   89.509778] on the kernel command line
[   90.323159] Freeing unused kernel image memory: 1588K
[   90.449851] Write protecting the kernel read-only data: 16384k
[   91.206806] Freeing unused kernel image memory: 2028K
[   91.330850] Freeing unused kernel image memory: 780K
[   91.471864] x86/mm: Checked W+X mappings: passed, no W+X pages found.
[   91.623237] x86/mm: Checking user space page tables
[   91.758723] x86/mm: Checked W+X mappings: passed, no W+X pages found.
[   91.912115] Run /init as init process
[   93.737883] input: VirtualPS/2 VMware VMMouse as /devices/platform/i8042/serio1/input/input3
[   93.991620] SCSI subsystem initialized
[   94.474057] input: VirtualPS/2 VMware VMMouse as /devices/platform/i8042/serio1/input/input2
[   94.767780] PCI Interrupt Link [GSIA] enabled at IRQ 16
[   95.331108] ahci 0000:00:1f.2: AHCI 0001.0000 32 slots 6 ports 1.5 Gbps 0x3f impl SATA mode
[   95.529002] ahci 0000:00:1f.2: flags: 64bit ncq only 
[   96.369741] virtio_blk virtio2: [vda] 272384 512-byte logical blocks (139 MB/133 MiB)
[   96.891775] scsi host0: ahci
[   97.006659]  vda: vda1 vda2
[   97.114965] scsi host1: ahci
[   97.310695] scsi host2: ahci
[   97.482681] scsi host3: ahci
[   97.665782] scsi host4: ahci
[   97.875795] scsi host5: ahci
[   98.073900] ata1: SATA max UDMA/133 abar m4096@0xc1a10000 port 0xc1a10100 irq 29
[   98.251014] ata2: SATA max UDMA/133 abar m4096@0xc1a10000 port 0xc1a10180 irq 29
[   98.427881] ata3: SATA max UDMA/133 abar m4096@0xc1a10000 port 0xc1a10200 irq 29
[   98.605851] ata4: SATA max UDMA/133 abar m4096@0xc1a10000 port 0xc1a10280 irq 29
[   98.782909] ata5: SATA max UDMA/133 abar m4096@0xc1a10000 port 0xc1a10300 irq 29
[   98.959009] ata6: SATA max UDMA/133 abar m4096@0xc1a10000 port 0xc1a10380 irq 29
[   99.595761] ata4: SATA link down (SStatus 0 SControl 300)
[   99.762833] ata2: SATA link down (SStatus 0 SControl 300)
[   99.927906] ata1: SATA link down (SStatus 0 SControl 300)
[  100.095636] ata6: SATA link down (SStatus 0 SControl 300)
[  100.259384] ata5: SATA link down (SStatus 0 SControl 300)
[  100.422744] ata3: SATA link down (SStatus 0 SControl 300)


BusyBox v1.30.1 (Debian 1:1.30.1-4) built-in shell (ash)
Enter 'help' for a list of built-in commands.

/bin/ash: can't access tty; job control turned off
~ # dmesg | grep -i cert
[   87.510012] Loading compiled-in X.509 certificates
[   87.708342] Loaded X.509 cert 'Debian Secure Boot CA: 6ccece7e4c6c0d1f6149f3dd27dfcc5cbb419ea1'
[   87.914316] Loaded X.509 cert 'Debian Secure Boot Signer: 00a7468def'
[   88.192070] Loaded UEFI:db cert 'Microsoft Windows Production PCA 2011: a92902398e16c49778cd90f99e4f9ae17c55af53' linked to secondary sys keyring
[   88.498130] Loaded UEFI:db cert 'Microsoft Corporation UEFI CA 2011: 13adbf4309bd82709c8cd54f316ed522988a1bd4' linked to secondary sys keyring
~ # dmesg | grep -i secur
[    0.000000] secureboot: Secure boot enabled
[    0.000000] Kernel is locked down from EFI secure boot; see https://wiki.debian.org/SecureBoot
[   23.440473] Security Framework initialized
[   87.708342] Loaded X.509 cert 'Debian Secure Boot CA: 6ccece7e4c6c0d1f6149f3dd27dfcc5cbb419ea1'
[   87.914316] Loaded X.509 cert 'Debian Secure Boot Signer: 00a7468def'
[   89.324357] Lockdown: Hibernation is restricted; see https://wiki.debian.org/SecureBoot
~ # dmesg | grep -i secboot
~ # dmesg | grep -i uefi
[   88.192070] Loaded UEFI:db cert 'Microsoft Windows Production PCA 2011: a92902398e16c49778cd90f99e4f9ae17c55af53' linked to secondary sys keyring
[   88.498130] Loaded UEFI:db cert 'Microsoft Corporation UEFI CA 2011: 13adbf4309bd82709c8cd54f316ed522988a1bd4' linked to secondary sys keyring
~ # dmesg | grep -i efi
[    0.000000] efi: EFI v2.70 by EDK II
[    0.000000] efi:  SMBIOS=0x3ebd2000  ACPI=0x3ebf9000  ACPI 2.0=0x3ebf9014  MEMATTR=0x3dd63018 
[    0.000000] Kernel is locked down from EFI secure boot; see https://wiki.debian.org/SecureBoot
[    1.431212] clocksource: refined-jiffies: mask: 0xffffffff max_cycles: 0xffffffff, max_idle_ns: 7645519600211568 ns
[   24.537248] pci 0000:00:01.0: BAR 0: assigned to efifb
[   28.575999] Registered efivars operations
[   82.422244] efifb: probing for efifb
[   82.512209] efifb: framebuffer at 0xc0000000, using 1876k, total 1875k
[   82.665575] efifb: mode is 800x600x32, linelength=3200, pages=1
[   82.804363] efifb: scrolling: redraw
[   82.890055] efifb: Truecolor: size=8:8:8:8, shift=24:16:8:0
[   83.760419] fb0: EFI VGA frame buffer device
[   88.192070] Loaded UEFI:db cert 'Microsoft Windows Production PCA 2011: a92902398e16c49778cd90f99e4f9ae17c55af53' linked to secondary sys keyring
[   88.498130] Loaded UEFI:db cert 'Microsoft Corporation UEFI CA 2011: 13adbf4309bd82709c8cd54f316ed522988a1bd4' linked to secondary sys keyring
~ # 


