






































































































































































































[    0.111327] last_pfn = 0x3f000 max_arch_pfn = 0x400000000
[    0.164989] x86/PAT: Configuration [0-7]: WB  WC  UC- UC  WB  WP  UC- WT  
[    0.251350] Using GB pages for direct mapping
[    0.263251] RAMDISK: [mem 0x29117000-0x2bd7bfff]
[    0.271036] ACPI: Early table checksum verification disabled
[    0.286108] ACPI: RSDP 0x000000003EBF9014 000024 (v02 BOCHS )
[    0.286437] ACPI: XSDT 0x000000003EBF80E8 000044 (v01 BOCHS  BXPCFACP 00000001      01000013)
[    0.288239] ACPI: FACP 0x000000003EBF5000 0000F4 (v03 BOCHS  BXPCFACP 00000001 BXPC 00000001)
[    0.289427] ACPI: DSDT 0x000000003EBF6000 001EBE (v01 BOCHS  BXPCDSDT 00000001 BXPC 00000001)
[    0.290048] ACPI: FACS 0x000000003EBFC000 000040
[    0.290120] ACPI: APIC 0x000000003EBF4000 000078 (v01 BOCHS  BXPCAPIC 00000001 BXPC 00000001)
[    0.290194] ACPI: MCFG 0x000000003EBF3000 00003C (v01 BOCHS  BXPCMCFG 00000001 BXPC 00000001)
[    0.290261] ACPI: BGRT 0x000000003EBF2000 000038 (v01 INTEL  EDK2     00000002      01000013)
[    0.408294] No NUMA configuration found
[    0.409076] Faking a node at [mem 0x0000000000000000-0x000000003effffff]
[    0.409420] NODE_DATA(0) allocated [mem 0x3ef81000-0x3ef85fff]
[    0.443126] Zone ranges:
[    0.443306]   DMA      [mem 0x0000000000001000-0x0000000000ffffff]
[    0.443309]   DMA32    [mem 0x0000000001000000-0x000000003effffff]
[    0.443310]   Normal   empty
[    0.443311]   Device   empty
[    0.443313] Movable zone start for each node
[    0.443314] Early memory node ranges
[    0.443315]   node   0: [mem 0x0000000000001000-0x000000000009ffff]
[    0.443316]   node   0: [mem 0x0000000000100000-0x000000003da5ffff]
[    0.443317]   node   0: [mem 0x000000003da74000-0x000000003dac7fff]
[    0.443318]   node   0: [mem 0x000000003db1a000-0x000000003eb99fff]
[    0.443319]   node   0: [mem 0x000000003ebfe000-0x000000003effffff]
[    0.474122] Zeroed struct page in unavailable ranges: 4395 pages
[    0.474285] Initmem setup node 0 [mem 0x0000000000001000-0x000000003effffff]
[    3.095417] ACPI: PM-Timer IO Port: 0x608
[    3.100164] ACPI: LAPIC_NMI (acpi_id[0xff] dfl dfl lint[0x1])
[    3.132421] IOAPIC[0]: apic_id 0, version 17, address 0xfec00000, GSI 0-23
[    3.133048] ACPI: INT_SRC_OVR (bus 0 bus_irq 0 global_irq 2 dfl dfl)
[    3.133067] ACPI: INT_SRC_OVR (bus 0 bus_irq 5 global_irq 5 high level)
[    3.133068] ACPI: INT_SRC_OVR (bus 0 bus_irq 9 global_irq 9 high level)
[    3.135234] ACPI: INT_SRC_OVR (bus 0 bus_irq 10 global_irq 10 high level)
[    3.135237] ACPI: INT_SRC_OVR (bus 0 bus_irq 11 global_irq 11 high level)
[    3.135428] Using ACPI (MADT) for SMP configuration information
[    3.139391] smpboot: Allowing 1 CPUs, 0 hotplug CPUs
[    3.154117] PM: Registered nosave memory: [mem 0x00000000-0x00000fff]
[    3.154135] PM: Registered nosave memory: [mem 0x000a0000-0x000fffff]
[    3.154137] PM: Registered nosave memory: [mem 0x3d7ad000-0x3d7adfff]
[    3.154139] PM: Registered nosave memory: [mem 0x3d7b6000-0x3d7b6fff]
[    3.154140] PM: Registered nosave memory: [mem 0x3da60000-0x3da73fff]
[    3.154153] PM: Registered nosave memory: [mem 0x3dac8000-0x3db19fff]
[    3.154154] PM: Registered nosave memory: [mem 0x3dc4b000-0x3dc71fff]
[    3.154156] PM: Registered nosave memory: [mem 0x3eb9a000-0x3ebf1fff]
[    3.154157] PM: Registered nosave memory: [mem 0x3ebf2000-0x3ebf9fff]
[    3.154158] PM: Registered nosave memory: [mem 0x3ebfa000-0x3ebfdfff]
[    3.154240] [mem 0x40000000-0xafffffff] available for PCI devices
[    3.154251] Booting paravirtualized kernel on KVM
[    3.157020] clocksource: refined-jiffies: mask: 0xffffffff max_cycles: 0xffffffff, max_idle_ns: 7645519600211568 ns
[    3.591263] random: get_random_bytes called from start_kernel+0x93/0x52c with crng_init=0
[    3.601359] setup_percpu: NR_CPUS:512 nr_cpumask_bits:512 nr_cpu_ids:1 nr_node_ids:1
[    3.646384] percpu: Embedded 45 pages/cpu s144408 r8192 d31720 u2097152
[    3.654416] KVM setup async PF for cpu 0
[    3.665989] kvm-stealtime: cpu 0, msr 3e6161c0
[    3.672326] Built 1 zonelists, mobility grouping on.  Total pages: 251679
[    3.674689] Policy zone: DMA32
[    3.676266] Kernel command line: BOOT_IMAGE=/install.amd/vmlinuz init=/bin/ash console=tty1 console=ttyS0
[    3.772392] Memory: 923084K/1030996K available (10252K kernel code, 1241K rwdata, 3316K rodata, 1588K init, 2276K bss, 107912K reserved, 0K cma-reserved)
[    3.785373] SLUB: HWalign=64, Order=0-3, MinObjects=0, CPUs=1, Nodes=1
[    3.788156] Kernel/User page tables isolation: enabled
[    3.795076] ftrace: allocating 31879 entries in 125 pages
[    6.908387] rcu: Hierarchical RCU implementation.
[    6.909153] rcu:     RCU restricting CPUs from NR_CPUS=512 to nr_cpu_ids=1.
[    6.909159] rcu: Adjusting geometry for rcu_fanout_leaf=16, nr_cpu_ids=1
[    6.932056] NR_IRQS: 33024, nr_irqs: 256, preallocated irqs: 16
[    6.952340] Console: colour dummy device 80x25
[    6.953159] console [tty1] enabled
[   37.356076] console [ttyS0] enabled
[   37.462229] ACPI: Core revision 20180810
[   37.638159] APIC: Switch to symmetric I/O mode setup
[   38.187001] x2apic enabled
[   38.439380] Switched APIC routing to physical x2apic.
[   39.098926] ..TIMER: vector=0x30 apic1=0 pin1=2 apic2=-1 pin2=-1
[   39.268222] clocksource: tsc-early: mask: 0xffffffffffffffff max_cycles: 0x22837a616e0, max_idle_ns: 440795284909 ns
[   39.574309] Calibrating delay loop (skipped) preset value.. 4788.76 BogoMIPS (lpj=9577520)
[   39.576165] pid_max: default: 32768 minimum: 301
[   39.605242] Security Framework initialized
[   39.608738] Yama: disabled by default; enable with sysctl kernel.yama.*
[   39.620183] AppArmor: AppArmor initialized
[   39.644329] Dentry cache hash table entries: 131072 (order: 8, 1048576 bytes)
[   39.648572] Inode-cache hash table entries: 65536 (order: 7, 524288 bytes)
[   39.652224] Mount-cache hash table entries: 2048 (order: 2, 16384 bytes)
[   39.656133] Mountpoint-cache hash table entries: 2048 (order: 2, 16384 bytes)
[   39.744138] x86/cpu: Activated the Intel User Mode Instruction Prevention (UMIP) CPU feature
[   39.784112] Last level iTLB entries: 4KB 0, 2MB 0, 4MB 0
[   39.784122] Last level dTLB entries: 4KB 0, 2MB 0, 4MB 0, 1GB 0
[   39.797642] Spectre V1 : Mitigation: usercopy/swapgs barriers and __user pointer sanitization
[   39.800128] Spectre V2 : Mitigation: Full generic retpoline
[   39.804120] Spectre V2 : Spectre v2 / SpectreRSB mitigation: Filling RSB on context switch
[   39.808119] Spectre V2 : Enabling Restricted Speculation for firmware calls
[   39.812317] Spectre V2 : mitigation: Enabling conditional Indirect Branch Prediction Barrier
[   39.816122] Speculative Store Bypass: Mitigation: Speculative Store Bypass disabled via prctl and seccomp
[   39.825403] MDS: Vulnerable: Clear CPU buffers attempted, no microcode
[   39.955312] Freeing SMP alternatives memory: 24K
[   40.068112] smpboot: CPU0: Intel Core Processor (Haswell, no TSX, IBRS) (family: 0x6, model: 0x3c, stepping: 0x1)
[   40.076112] Performance Events: unsupported p6 CPU model 60 no PMU driver, software events only.
[   40.090100] rcu: Hierarchical SRCU implementation.
[   40.099531] random: crng done (trusting CPU's manufacturer)
[   40.104677] NMI watchdog: Perf NMI watchdog permanently disabled
[   40.108799] smp: Bringing up secondary CPUs ...
[   40.112770] smp: Brought up 1 node, 1 CPU
[   40.117948] smpboot: Max logical packages: 1
[   40.123366] smpboot: Total of 1 processors activated (4788.76 BogoMIPS)
[   40.147687] devtmpfs: initialized
[   40.149760] x86/mm: Memory block size: 128MB
[   40.156112] PM: Registering ACPI NVS region [mem 0x3ebfa000-0x3ebfdfff] (16384 bytes)
[   40.167168] clocksource: jiffies: mask: 0xffffffff max_cycles: 0xffffffff, max_idle_ns: 7645041785100000 ns
[   40.169955] futex hash table entries: 256 (order: 2, 16384 bytes)
[   40.174286] pinctrl core: initialized pinctrl subsystem
[   40.182431] NET: Registered protocol family 16
[   40.185653] audit: initializing netlink subsys (disabled)
[   40.189809] cpuidle: using governor ladder
[   40.192777] audit: type=2000 audit(1603927212.500:1): state=initialized audit_enabled=0 res=1
[   40.197298] cpuidle: using governor menu
[   40.204112] ACPI: bus type PCI registered
[   40.206204] acpiphp: ACPI Hot Plug PCI Controller Driver version: 0.5
[   40.221435] PCI: MMCONFIG for domain 0000 [bus 00-ff] at [mem 0xb0000000-0xbfffffff] (base 0xb0000000)
[   40.226109] PCI: MMCONFIG at [mem 0xb0000000-0xbfffffff] reserved in E820
[   40.228807] PCI: Using configuration type 1 for base access
[   40.243355] HugeTLB registered 1.00 GiB page size, pre-allocated 0 pages
[   40.244763] HugeTLB registered 2.00 MiB page size, pre-allocated 0 pages
[   40.250333] ACPI: Added _OSI(Module Device)
[   40.252745] ACPI: Added _OSI(Processor Device)
[   40.258031] ACPI: Added _OSI(3.0 _SCP Extensions)
[   40.260716] ACPI: Added _OSI(Processor Aggregator Device)
[   40.264711] ACPI: Added _OSI(Linux-Dell-Video)
[   40.269332] ACPI: Added _OSI(Linux-Lenovo-NV-HDMI-Audio)
[   40.277517] ACPI: 1 ACPI AML tables successfully acquired and loaded
[   40.304727] ACPI: Interpreter enabled
[   40.309418] ACPI: (supports S0 S5)
[   40.312994] ACPI: Using IOAPIC for interrupt routing
[   40.317122] PCI: Using host bridge windows from ACPI; if necessary, use "pci=nocrs" and report a bug
[   40.327531] ACPI: Enabled 1 GPEs in block 00 to 3F
[   40.365244] ACPI: PCI Root Bridge [PCI0] (domain 0000 [bus 00-ff])
[   40.368839] acpi PNP0A08:00: _OSC: OS supports [ExtendedConfig ASPM ClockPM Segments MSI]
[   40.373414] acpi PNP0A08:00: _OSC: platform does not support [LTR]
[   40.376818] acpi PNP0A08:00: _OSC: OS now controls [PCIeHotplug SHPCHotplug PME AER PCIeCapability]
[   40.386727] PCI host bridge to bus 0000:00
[   40.388721] pci_bus 0000:00: root bus resource [io  0x0000-0x0cf7 window]
[   40.392755] pci_bus 0000:00: root bus resource [io  0x0d00-0xffff window]
[   40.396702] pci_bus 0000:00: root bus resource [mem 0x000a0000-0x000bffff window]
[   40.404793] pci_bus 0000:00: root bus resource [mem 0x40000000-0xafffffff window]
[   40.408749] pci_bus 0000:00: root bus resource [mem 0xc0000000-0xfebfffff window]
[   40.412902] pci_bus 0000:00: root bus resource [mem 0x800000000-0xfffffffff window]
[   40.416689] pci_bus 0000:00: root bus resource [bus 00-ff]
[   40.812112] pci 0000:00:01.0: BAR 0: assigned to efifb
[   40.820112] pci 0000:00:01.0: efifb_fixup_resources+0x0/0x130 took 11718 usecs
[   41.644112] pci 0000:00:1f.0: quirk: [io  0x0600-0x067f] claimed by ICH6 ACPI/GPIO/TCO
[   41.652112] pci 0000:00:1f.0: quirk_ich7_lpc+0x0/0x60 took 11718 usecs
[   42.145587] pci 0000:00:02.0: PCI bridge to [bus 01]
[   42.426981] pci 0000:00:02.1: PCI bridge to [bus 02]
[   42.644686] pci 0000:00:02.2: PCI bridge to [bus 03]
[   42.880112] pci 0000:00:02.3: PCI bridge to [bus 04]
[   42.899189] pci 0000:00:02.4: PCI bridge to [bus 05]
[   43.002126] ACPI: PCI Interrupt Link [LNKA] (IRQs 5 *10 11)
[   43.014870] ACPI: PCI Interrupt Link [LNKB] (IRQs 5 *10 11)
[   43.020112] ACPI: PCI Interrupt Link [LNKC] (IRQs 5 10 *11)
[   43.024112] ACPI: PCI Interrupt Link [LNKD] (IRQs 5 10 *11)
[   43.032112] ACPI: PCI Interrupt Link [LNKE] (IRQs 5 *10 11)
[   43.040112] ACPI: PCI Interrupt Link [LNKF] (IRQs 5 *10 11)
[   43.044112] ACPI: PCI Interrupt Link [LNKG] (IRQs 5 10 *11)
[   43.056953] ACPI: PCI Interrupt Link [LNKH] (IRQs 5 10 *11)
[   43.064112] ACPI: PCI Interrupt Link [GSIA] (IRQs *16)
[   43.065319] ACPI: PCI Interrupt Link [GSIB] (IRQs *17)
[   43.068745] ACPI: PCI Interrupt Link [GSIC] (IRQs *18)
[   43.072770] ACPI: PCI Interrupt Link [GSID] (IRQs *19)
[   43.076763] ACPI: PCI Interrupt Link [GSIE] (IRQs *20)
[   43.080746] ACPI: PCI Interrupt Link [GSIF] (IRQs *21)
[   43.086225] ACPI: PCI Interrupt Link [GSIG] (IRQs *22)
[   43.088853] ACPI: PCI Interrupt Link [GSIH] (IRQs *23)
[   43.240112] pci 0000:00:01.0: vgaarb: setting as boot VGA device
[   43.240112] pci 0000:00:01.0: vgaarb: VGA device added: decodes=io+mem,owns=io+mem,locks=none
[   43.245093] pci 0000:00:01.0: vgaarb: bridge control possible
[   43.249523] vgaarb: loaded
[   43.308112] pps_core: LinuxPPS API ver. 1 registered
[   43.313372] pps_core: Software ver. 5.3.6 - Copyright 2005-2007 Rodolfo Giometti <giometti@linux.it>
[   43.322071] PTP clock support registered
[   43.328112] EDAC MC: Ver: 3.0.0
[   43.470282] Registered efivars operations
[   43.495638] PCI: Using ACPI for IRQ routing
[   48.584820] pci 0000:00:1f.2: can't claim BAR 4 [io  0xa240-0xa25f]: address conflict with PCI Bus 0000:01 [io  0xa000-0xafff]
[   48.594407] pci 0000:00:1f.3: can't claim BAR 4 [io  0xa200-0xa23f]: address conflict with PCI Bus 0000:01 [io  0xa000-0xafff]
[   48.776112] clocksource: Switched to clocksource kvm-clock
[   49.734202] VFS: Disk quotas dquot_6.6.0
[   49.877953] VFS: Dquot-cache hash table entries: 512 (order 0, 4096 bytes)
[   50.152163] AppArmor: AppArmor Filesystem Enabled
[   50.310010] pnp: PnP ACPI init
[   50.532127] pnp: PnP ACPI: found 4 devices
[   50.810680] clocksource: acpi_pm: mask: 0xffffff max_cycles: 0xffffff, max_idle_ns: 2085701024 ns
[   51.235065] pci 0000:00:01.0: can't claim BAR 6 [mem 0xffff0000-0xffffffff pref]: no compatible bridge window
[   51.631909] pci 0000:00:02.4: BAR 15: assigned [mem 0x800400000-0x8005fffff 64bit pref]
[   52.011729] pci 0000:00:01.0: BAR 6: assigned [mem 0x40000000-0x4000ffff pref]
[   52.275659] pci 0000:00:1f.3: BAR 4: assigned [io  0x1000-0x103f]
[   52.499224] pci 0000:00:1f.2: BAR 4: assigned [io  0x1040-0x105f]
[   52.853951] pci 0000:00:02.0: PCI bridge to [bus 01]
[   53.093841] pci 0000:00:02.0:   bridge window [io  0xa000-0xafff]
[   53.345072] pci 0000:00:02.0:   bridge window [mem 0xc1800000-0xc19fffff]
[   53.662412] pci 0000:00:02.0:   bridge window [mem 0x800000000-0x8000fffff 64bit pref]
[   53.928819] pci 0000:00:02.1: PCI bridge to [bus 02]
[   54.165993] pci 0000:00:02.1:   bridge window [io  0x9000-0x9fff]
[   54.414267] pci 0000:00:02.1:   bridge window [mem 0xc1600000-0xc17fffff]
[   54.705032] pci 0000:00:02.1:   bridge window [mem 0x800100000-0x8001fffff 64bit pref]
[   55.047953] pci 0000:00:02.2: PCI bridge to [bus 03]
[   55.280213] pci 0000:00:02.2:   bridge window [io  0x8000-0x8fff]
[   55.544962] pci 0000:00:02.2:   bridge window [mem 0xc1400000-0xc15fffff]
[   55.803769] pci 0000:00:02.2:   bridge window [mem 0x800200000-0x8002fffff 64bit pref]
[   56.229910] pci 0000:00:02.3: PCI bridge to [bus 04]
[   56.387165] pci 0000:00:02.3:   bridge window [io  0x7000-0x7fff]
[   56.536670] pci 0000:00:02.3:   bridge window [mem 0xc1200000-0xc13fffff]
[   56.732744] pci 0000:00:02.3:   bridge window [mem 0x800300000-0x8003fffff 64bit pref]
[   57.244943] pci 0000:00:02.4: PCI bridge to [bus 05]
[   57.574900] pci 0000:00:02.4:   bridge window [io  0x6000-0x6fff]
[   57.980768] pci 0000:00:02.4:   bridge window [mem 0xc1000000-0xc11fffff]
[   58.357978] pci 0000:00:02.4:   bridge window [mem 0x800400000-0x8005fffff 64bit pref]
[   58.893851] NET: Registered protocol family 2
[   59.462064] tcp_listen_portaddr_hash hash table entries: 512 (order: 1, 8192 bytes)
[   59.781686] TCP established hash table entries: 8192 (order: 4, 65536 bytes)
[   60.054862] TCP bind hash table entries: 8192 (order: 5, 131072 bytes)
[   60.243150] TCP: Hash tables configured (established 8192 bind 8192)
[   60.462968] UDP hash table entries: 512 (order: 2, 16384 bytes)
[   60.649942] UDP-Lite hash table entries: 512 (order: 2, 16384 bytes)
[   61.050280] NET: Registered protocol family 1
[   61.388153] NET: Registered protocol family 44
[   61.638309] pci 0000:00:01.0: Video device with shadowed ROM at [mem 0x000c0000-0x000dffff]
[   61.947277] pci 0000:00:01.0: pci_fixup_video+0x0/0x110 took 312177 usecs
[   62.218286] Unpacking initramfs...
[   77.782979] Freeing initrd memory: 45460K
[   78.051287] clocksource: tsc: mask: 0xffffffffffffffff max_cycles: 0x22837a616e0, max_idle_ns: 440795284909 ns
[   78.442909] Initialise system trusted keyrings
[   78.578136] Key type blacklist registered
[   78.722263] workingset: timestamp_bits=40 max_order=18 bucket_order=0
[   78.950288] zbud: loaded
[   79.936803] Key type asymmetric registered
[   80.146311] Asymmetric key parser 'x509' registered
[   80.283199] Block layer SCSI generic (bsg) driver version 0.4 loaded (major 247)
[   80.503142] io scheduler noop registered
[   80.641345] io scheduler deadline registered
[   80.825585] io scheduler cfq registered (default)
[   81.039796] io scheduler mq-deadline registered
[   81.234996] PCI Interrupt Link [GSIG] enabled at IRQ 22
[   81.621935] pcieport 0000:00:02.0: Signaling PME with IRQ 24
[   81.829073] pcieport 0000:00:02.0: AER enabled with IRQ 24
[   82.042778] pciehp 0000:00:02.0:pcie004: Slot #0 AttnBtn+ PwrCtrl+ MRL- AttnInd+ PwrInd+ HotPlug+ Surprise+ Interlock+ NoCompl- LLActRep+
[   82.699932] pcieport 0000:00:02.1: Signaling PME with IRQ 25
[   83.090955] pcieport 0000:00:02.1: AER enabled with IRQ 25
[   83.504970] pciehp 0000:00:02.1:pcie004: Slot #0 AttnBtn+ PwrCtrl+ MRL- AttnInd+ PwrInd+ HotPlug+ Surprise+ Interlock+ NoCompl- LLActRep+
[   84.262756] pcieport 0000:00:02.2: Signaling PME with IRQ 26
[   84.673130] pcieport 0000:00:02.2: AER enabled with IRQ 26
[   84.912249] pciehp 0000:00:02.2:pcie004: Slot #0 AttnBtn+ PwrCtrl+ MRL- AttnInd+ PwrInd+ HotPlug+ Surprise+ Interlock+ NoCompl- LLActRep+
[   85.624378] pcieport 0000:00:02.3: Signaling PME with IRQ 27
[   85.825231] pcieport 0000:00:02.3: AER enabled with IRQ 27
[   85.991039] pciehp 0000:00:02.3:pcie004: Slot #0 AttnBtn+ PwrCtrl+ MRL- AttnInd+ PwrInd+ HotPlug+ Surprise+ Interlock+ NoCompl- LLActRep+
[   86.971565] pcieport 0000:00:02.4: Signaling PME with IRQ 28
[   87.406023] pcieport 0000:00:02.4: AER enabled with IRQ 28
[   87.624013] pciehp 0000:00:02.4:pcie004: Slot #0 AttnBtn+ PwrCtrl+ MRL- AttnInd+ PwrInd+ HotPlug+ Surprise+ Interlock+ NoCompl- LLActRep+
[   88.294155] shpchp: Standard Hot Plug PCI Controller Driver version: 0.4
[   88.519263] efifb: probing for efifb
[   88.742076] efifb: framebuffer at 0xc0000000, using 1876k, total 1875k
[   89.003801] efifb: mode is 800x600x32, linelength=3200, pages=1
[   89.204589] efifb: scrolling: redraw
[   89.402020] efifb: Truecolor: size=8:8:8:8, shift=24:16:8:0
[   90.696046] Console: switching to colour frame buffer device 100x37
[   90.962813] fb0: EFI VGA frame buffer device
[   91.170999] Serial: 8250/16550 driver, 4 ports, IRQ sharing enabled
[   92.023952] 00:03: ttyS0 at I/O 0x3f8 (irq = 4, base_baud = 115200) is a 16550A
[   92.412022] Linux agpgart interface v0.103
[   92.568162] AMD IOMMUv2 driver by Joerg Roedel <jroedel@suse.de>
[   92.770510] AMD IOMMUv2 functionality not available on this system
[   93.099293] i8042: PNP: PS/2 Controller [PNP0303:KBD,PNP0f13:MOU] at 0x60,0x64 irq 1,12
[   93.586007] serio: i8042 KBD port at 0x60,0x64 irq 1
[   93.804087] serio: i8042 AUX port at 0x60,0x64 irq 12
[   94.010201] mousedev: PS/2 mouse device common for all mice
[   94.254922] rtc_cmos 00:00: RTC can wake from S4
[   94.511038] input: AT Translated Set 2 keyboard as /devices/platform/i8042/serio0/input/input0
[   95.027005] rtc_cmos 00:00: registered as rtc0
[   95.177451] rtc_cmos 00:00: alarms up to one day, y3k, 114 bytes nvram
[   95.427296] ledtrig-cpu: registered to indicate activity on CPUs
[   95.678096] NET: Registered protocol family 10
[   96.639178] Segment Routing with IPv6
[   96.787054] mip6: Mobile IPv6
[   96.935991] NET: Registered protocol family 17
[   97.136030] mpls_gso: MPLS GSO support
[   97.371256] mce: Using 10 MCE banks
[   97.570046] registered taskstats version 1
[   97.686270] Loading compiled-in X.509 certificates
[   98.060029] Loaded X.509 cert 'Debian Secure Boot CA: 6ccece7e4c6c0d1f6149f3dd27dfcc5cbb419ea1'
[   98.354787] Loaded X.509 cert 'Debian Secure Boot Signer: 00a7468def'

[=3h

































































[=3h

































































[=3h





































[=3h
































BdsDxe: loading Boot0001 "UEFI Misc Device" from PciRoot(0x0)/Pci(0x2,0x2)/Pci(0x0,0x0)
BdsDxe: starting Boot0001 "UEFI Misc Device" from PciRoot(0x0)/Pci(0x2,0x2)/Pci(0x0,0x0)
error: Secure Boot forbids loading module from
(cd0)/boot/grub/x86_64-efi/part_acorn.mod.
error: Secure Boot forbids loading module from
(cd0)/boot/grub/x86_64-efi/part_amiga.mod.
error: Secure Boot forbids loading module from
(cd0)/boot/grub/x86_64-efi/part_bsd.mod.
error: Secure Boot forbids loading module from
(cd0)/boot/grub/x86_64-efi/part_dfly.mod.
error: Secure Boot forbids loading module from
(cd0)/boot/grub/x86_64-efi/part_dvh.mod.
error: Secure Boot forbids loading module from
(cd0)/boot/grub/x86_64-efi/part_plan.mod.
error: Secure Boot forbids loading module from
(cd0)/boot/grub/x86_64-efi/part_sun.mod.
error: Secure Boot forbids loading module from
(cd0)/boot/grub/x86_64-efi/part_sunpc.mod.
EFI stub: UEFI Secure Boot is enabled.
[    0.000000] Linux version 4.19.0-9-amd64 (debian-kernel@lists.debian.org) (gcc version 8.3.0 (Debian 8.3.0-6)) #1 SMP Debian 4.19.118-2 (2020-04-29)
[    0.000000] Command line: BOOT_IMAGE=/install.amd/vmlinuz init=/bin/ash console=tty1 console=ttyS0
[    0.000000] x86/fpu: Supporting XSAVE feature 0x001: 'x87 floating point registers'
[    0.000000] x86/fpu: Supporting XSAVE feature 0x002: 'SSE registers'
[    0.000000] x86/fpu: Supporting XSAVE feature 0x004: 'AVX registers'
[    0.000000] x86/fpu: xstate_offset[2]:  576, xstate_sizes[2]:  256
[    0.000000] x86/fpu: Enabled xstate features 0x7, context size is 832 bytes, using 'standard' format.
[    0.000000] BIOS-provided physical RAM map:
[    0.000000] BIOS-e820: [mem 0x0000000000000000-0x000000000009ffff] usable
[    0.000000] BIOS-e820: [mem 0x0000000000100000-0x000000003da5ffff] usable
[    0.000000] BIOS-e820: [mem 0x000000003da60000-0x000000003da73fff] reserved
[    0.000000] BIOS-e820: [mem 0x000000003da74000-0x000000003dac7fff] usable
[    0.000000] BIOS-e820: [mem 0x000000003dac8000-0x000000003db19fff] reserved
[    0.000000] BIOS-e820: [mem 0x000000003db1a000-0x000000003eb99fff] usable
[    0.000000] BIOS-e820: [mem 0x000000003eb9a000-0x000000003ebf1fff] reserved
[    0.000000] BIOS-e820: [mem 0x000000003ebf2000-0x000000003ebf9fff] ACPI data
[    0.000000] BIOS-e820: [mem 0x000000003ebfa000-0x000000003ebfdfff] ACPI NVS
[    0.000000] BIOS-e820: [mem 0x000000003ebfe000-0x000000003effffff] usable
[    0.000000] BIOS-e820: [mem 0x000000003f000000-0x000000003fffffff] reserved
[    0.000000] BIOS-e820: [mem 0x00000000b0000000-0x00000000bfffffff] reserved
[    0.000000] NX (Execute Disable) protection: active
[    0.000000] extended physical RAM map:
[    0.000000] reserve setup_data: [mem 0x0000000000000000-0x000000000009ffff] usable
[    0.000000] reserve setup_data: [mem 0x0000000000100000-0x000000003d7ad017] usable
[    0.000000] reserve setup_data: [mem 0x000000003d7ad018-0x000000003d7b6657] usable
[    0.000000] reserve setup_data: [mem 0x000000003d7b6658-0x000000003da5ffff] usable
[    0.000000] reserve setup_data: [mem 0x000000003da60000-0x000000003da73fff] reserved
[    0.000000] reserve setup_data: [mem 0x000000003da74000-0x000000003dac7fff] usable
[    0.000000] reserve setup_data: [mem 0x000000003dac8000-0x000000003db19fff] reserved
[    0.000000] reserve setup_data: [mem 0x000000003db1a000-0x000000003eb99fff] usable
[    0.000000] reserve setup_data: [mem 0x000000003eb9a000-0x000000003ebf1fff] reserved
[    0.000000] reserve setup_data: [mem 0x000000003ebf2000-0x000000003ebf9fff] ACPI data
[    0.000000] reserve setup_data: [mem 0x000000003ebfa000-0x000000003ebfdfff] ACPI NVS
[    0.000000] reserve setup_data: [mem 0x000000003ebfe000-0x000000003effffff] usable
[    0.000000] reserve setup_data: [mem 0x000000003f000000-0x000000003fffffff] reserved
[    0.000000] reserve setup_data: [mem 0x00000000b0000000-0x00000000bfffffff] reserved
[    0.000000] efi: EFI v2.70 by EDK II
[    0.000000] efi:  SMBIOS=0x3ebd2000  ACPI=0x3ebf9000  ACPI 2.0=0x3ebf9014  MEMATTR=0x3dd68218 
[    0.000000] secureboot: Secure boot enabled
[    0.000000] Kernel is locked down from EFI secure boot; see https://wiki.debian.org/SecureBoot
[    0.000000] SMBIOS 2.8 present.
[    0.000000] DMI: KubeVirt None/RHEL-AV, BIOS 0.0.0 02/06/2015
[    0.000000] Hypervisor detected: KVM
[    0.000000] kvm-clock: Using msrs 4b564d01 and 4b564d00
[    0.000037] kvm-clock: cpu 0, msr 17fe8001, primary cpu clock
[    0.000039] kvm-clock: using sched offset of 782263219328 cycles
[    0.003292] clocksource: kvm-clock: mask: 0xffffffffffffffff max_cycles: 0x1cd42e4dffb, max_idle_ns: 881590591483 ns
[    0.008389] tsc: Detected 2394.380 MHz processor
[    0.080122] last_pfn = 0x3f000 max_arch_pfn = 0x400000000
[    0.121328] x86/PAT: Configuration [0-7]: WB  WC  UC- UC  WB  WP  UC- WT  
[    0.215213] Using GB pages for direct mapping
[    0.227334] RAMDISK: [mem 0x29117000-0x2bd7bfff]
[    0.237040] ACPI: Early table checksum verification disabled
[    0.247369] ACPI: RSDP 0x000000003EBF9014 000024 (v02 BOCHS )
[    0.249044] ACPI: XSDT 0x000000003EBF80E8 000044 (v01 BOCHS  BXPCFACP 00000001      01000013)
[    0.250307] ACPI: FACP 0x000000003EBF5000 0000F4 (v03 BOCHS  BXPCFACP 00000001 BXPC 00000001)
[    0.251412] ACPI: DSDT 0x000000003EBF6000 001EBE (v01 BOCHS  BXPCDSDT 00000001 BXPC 00000001)
[    0.252051] ACPI: FACS 0x000000003EBFC000 000040
[    0.252146] ACPI: APIC 0x000000003EBF4000 000078 (v01 BOCHS  BXPCAPIC 00000001 BXPC 00000001)
[    0.252247] ACPI: MCFG 0x000000003EBF3000 00003C (v01 BOCHS  BXPCMCFG 00000001 BXPC 00000001)
[    0.252346] ACPI: BGRT 0x000000003EBF2000 000038 (v01 INTEL  EDK2     00000002      01000013)
[    0.370173] No NUMA configuration found
[    0.370347] Faking a node at [mem 0x0000000000000000-0x000000003effffff]
[    0.371269] NODE_DATA(0) allocated [mem 0x3ef81000-0x3ef85fff]
[    0.396340] Zone ranges:
[    0.397089]   DMA      [mem 0x0000000000001000-0x0000000000ffffff]
[    0.397092]   DMA32    [mem 0x0000000001000000-0x000000003effffff]
[    0.397093]   Normal   empty
[    0.397095]   Device   empty
[    0.397096] Movable zone start for each node
[    0.397097] Early memory node ranges
[    0.397098]   node   0: [mem 0x0000000000001000-0x000000000009ffff]
[    0.397099]   node   0: [mem 0x0000000000100000-0x000000003da5ffff]
[    0.397101]   node   0: [mem 0x000000003da74000-0x000000003dac7fff]
[    0.397101]   node   0: [mem 0x000000003db1a000-0x000000003eb99fff]
[    0.397102]   node   0: [mem 0x000000003ebfe000-0x000000003effffff]
[    0.401183] Zeroed struct page in unavailable ranges: 4395 pages
[    0.401343] Initmem setup node 0 [mem 0x0000000000001000-0x000000003effffff]
[    2.229131] ACPI: PM-Timer IO Port: 0x608
[    2.233277] ACPI: LAPIC_NMI (acpi_id[0xff] dfl dfl lint[0x1])
[    2.245844] IOAPIC[0]: apic_id 0, version 17, address 0xfec00000, GSI 0-23
[    2.245861] ACPI: INT_SRC_OVR (bus 0 bus_irq 0 global_irq 2 dfl dfl)
[    2.245882] ACPI: INT_SRC_OVR (bus 0 bus_irq 5 global_irq 5 high level)
[    2.245883] ACPI: INT_SRC_OVR (bus 0 bus_irq 9 global_irq 9 high level)
[    2.248201] ACPI: INT_SRC_OVR (bus 0 bus_irq 10 global_irq 10 high level)
[    2.248204] ACPI: INT_SRC_OVR (bus 0 bus_irq 11 global_irq 11 high level)
[    2.248407] Using ACPI (MADT) for SMP configuration information
[    2.252225] smpboot: Allowing 1 CPUs, 0 hotplug CPUs
[    2.261145] PM: Registered nosave memory: [mem 0x00000000-0x00000fff]
[    2.261160] PM: Registered nosave memory: [mem 0x000a0000-0x000fffff]
[    2.261162] PM: Registered nosave memory: [mem 0x3d7ad000-0x3d7adfff]
[    2.261163] PM: Registered nosave memory: [mem 0x3d7b6000-0x3d7b6fff]
[    2.261165] PM: Registered nosave memory: [mem 0x3da60000-0x3da73fff]
[    2.261166] PM: Registered nosave memory: [mem 0x3dac8000-0x3db19fff]
[    2.261168] PM: Registered nosave memory: [mem 0x3dc4c000-0x3dc72fff]
[    2.261169] PM: Registered nosave memory: [mem 0x3eb9a000-0x3ebf1fff]
[    2.261170] PM: Registered nosave memory: [mem 0x3ebf2000-0x3ebf9fff]
[    2.261171] PM: Registered nosave memory: [mem 0x3ebfa000-0x3ebfdfff]
[    2.261269] [mem 0x40000000-0xafffffff] available for PCI devices
[    2.261280] Booting paravirtualized kernel on KVM
[    2.265307] clocksource: refined-jiffies: mask: 0xffffffff max_cycles: 0xffffffff, max_idle_ns: 7645519600211568 ns
[    2.659267] random: get_random_bytes called from start_kernel+0x93/0x52c with crng_init=0
[    2.674835] setup_percpu: NR_CPUS:512 nr_cpumask_bits:512 nr_cpu_ids:1 nr_node_ids:1
[    2.705853] percpu: Embedded 45 pages/cpu s144408 r8192 d31720 u2097152
[    2.715082] KVM setup async PF for cpu 0
[    2.717696] kvm-stealtime: cpu 0, msr 3e6161c0
[    2.733428] Built 1 zonelists, mobility grouping on.  Total pages: 251679
[    2.735024] Policy zone: DMA32
[    2.736067] Kernel command line: BOOT_IMAGE=/install.amd/vmlinuz init=/bin/ash console=tty1 console=ttyS0
[    2.826150] Memory: 923084K/1030996K available (10252K kernel code, 1241K rwdata, 3316K rodata, 1588K init, 2276K bss, 107912K reserved, 0K cma-reserved)
[    2.859173] SLUB: HWalign=64, Order=0-3, MinObjects=0, CPUs=1, Nodes=1
[    2.861052] Kernel/User page tables isolation: enabled
[    2.867145] ftrace: allocating 31879 entries in 125 pages
[    5.268372] rcu: Hierarchical RCU implementation.
[    5.268408] rcu:     RCU restricting CPUs from NR_CPUS=512 to nr_cpu_ids=1.
[    5.268412] rcu: Adjusting geometry for rcu_fanout_leaf=16, nr_cpu_ids=1
[    5.291276] NR_IRQS: 33024, nr_irqs: 256, preallocated irqs: 16
[    5.312393] Console: colour dummy device 80x25
[    5.313136] console [tty1] enabled
[   36.348236] console [ttyS0] enabled
[   36.452431] ACPI: Core revision 20180810
[   36.604321] APIC: Switch to symmetric I/O mode setup
[   37.228105] x2apic enabled
[   37.566154] Switched APIC routing to physical x2apic.
[   38.675060] ..TIMER: vector=0x30 apic1=0 pin1=2 apic2=-1 pin2=-1
[   38.938992] clocksource: tsc-early: mask: 0xffffffffffffffff max_cycles: 0x22837a616e0, max_idle_ns: 440795284909 ns
[   39.531008] Calibrating delay loop (skipped) preset value.. 4788.76 BogoMIPS (lpj=9577520)
[   39.539067] pid_max: default: 32768 minimum: 301
[   39.567165] Security Framework initialized
[   39.571048] Yama: disabled by default; enable with sysctl kernel.yama.*
[   39.577705] AppArmor: AppArmor initialized
[   39.588195] Dentry cache hash table entries: 131072 (order: 8, 1048576 bytes)
[   39.591605] Inode-cache hash table entries: 65536 (order: 7, 524288 bytes)
[   39.595107] Mount-cache hash table entries: 2048 (order: 2, 16384 bytes)
[   39.599027] Mountpoint-cache hash table entries: 2048 (order: 2, 16384 bytes)
[   39.683991] x86/cpu: Activated the Intel User Mode Instruction Prevention (UMIP) CPU feature
[   39.723008] Last level iTLB entries: 4KB 0, 2MB 0, 4MB 0
[   39.727017] Last level dTLB entries: 4KB 0, 2MB 0, 4MB 0, 1GB 0
[   39.731819] Spectre V1 : Mitigation: usercopy/swapgs barriers and __user pointer sanitization
[   39.735025] Spectre V2 : Mitigation: Full generic retpoline
[   39.739016] Spectre V2 : Spectre v2 / SpectreRSB mitigation: Filling RSB on context switch
[   39.751014] Spectre V2 : Enabling Restricted Speculation for firmware calls
[   39.755210] Spectre V2 : mitigation: Enabling conditional Indirect Branch Prediction Barrier
[   39.759017] Speculative Store Bypass: Mitigation: Speculative Store Bypass disabled via prctl and seccomp
[   39.767751] MDS: Vulnerable: Clear CPU buffers attempted, no microcode
[   39.935008] Freeing SMP alternatives memory: 24K
[   40.031008] smpboot: CPU0: Intel Core Processor (Haswell, no TSX, IBRS) (family: 0x6, model: 0x3c, stepping: 0x1)
[   40.035008] Performance Events: unsupported p6 CPU model 60 no PMU driver, software events only.
[   40.044514] rcu: Hierarchical SRCU implementation.
[   40.054595] random: crng done (trusting CPU's manufacturer)
[   40.057267] NMI watchdog: Perf NMI watchdog permanently disabled
[   40.059775] smp: Bringing up secondary CPUs ...
[   40.063620] smp: Brought up 1 node, 1 CPU
[   40.068316] smpboot: Max logical packages: 1
[   40.072269] smpboot: Total of 1 processors activated (4788.76 BogoMIPS)
[   40.098794] devtmpfs: initialized
[   40.099747] x86/mm: Memory block size: 128MB
[   40.108668] PM: Registering ACPI NVS region [mem 0x3ebfa000-0x3ebfdfff] (16384 bytes)
[   40.117150] clocksource: jiffies: mask: 0xffffffff max_cycles: 0xffffffff, max_idle_ns: 7645041785100000 ns
[   40.120308] futex hash table entries: 256 (order: 2, 16384 bytes)
[   40.128265] pinctrl core: initialized pinctrl subsystem
[   40.146003] NET: Registered protocol family 16
[   40.149086] audit: initializing netlink subsys (disabled)
[   40.151992] cpuidle: using governor ladder
[   40.155656] audit: type=2000 audit(1603927664.397:1): state=initialized audit_enabled=0 res=1
[   40.160183] cpuidle: using governor menu
[   40.166859] ACPI: bus type PCI registered
[   40.169490] acpiphp: ACPI Hot Plug PCI Controller Driver version: 0.5
[   40.185273] PCI: MMCONFIG for domain 0000 [bus 00-ff] at [mem 0xb0000000-0xbfffffff] (base 0xb0000000)
[   40.192335] PCI: MMCONFIG at [mem 0xb0000000-0xbfffffff] reserved in E820
[   40.199621] PCI: Using configuration type 1 for base access
[   40.209807] HugeTLB registered 1.00 GiB page size, pre-allocated 0 pages
[   40.212374] HugeTLB registered 2.00 MiB page size, pre-allocated 0 pages
[   40.217275] ACPI: Added _OSI(Module Device)
[   40.219739] ACPI: Added _OSI(Processor Device)
[   40.223652] ACPI: Added _OSI(3.0 _SCP Extensions)
[   40.227593] ACPI: Added _OSI(Processor Aggregator Device)
[   40.231691] ACPI: Added _OSI(Linux-Dell-Video)
[   40.235631] ACPI: Added _OSI(Linux-Lenovo-NV-HDMI-Audio)
[   40.246616] ACPI: 1 ACPI AML tables successfully acquired and loaded
[   40.273742] ACPI: Interpreter enabled
[   40.276311] ACPI: (supports S0 S5)
[   40.279631] ACPI: Using IOAPIC for interrupt routing
[   40.284348] PCI: Using host bridge windows from ACPI; if necessary, use "pci=nocrs" and report a bug
[   40.291008] ACPI: Enabled 1 GPEs in block 00 to 3F
[   40.327008] ACPI: PCI Root Bridge [PCI0] (domain 0000 [bus 00-ff])
[   40.331662] acpi PNP0A08:00: _OSC: OS supports [ExtendedConfig ASPM ClockPM Segments MSI]
[   40.335761] acpi PNP0A08:00: _OSC: platform does not support [LTR]
[   40.339724] acpi PNP0A08:00: _OSC: OS now controls [PCIeHotplug SHPCHotplug PME AER PCIeCapability]
[   40.351569] PCI host bridge to bus 0000:00
[   40.355636] pci_bus 0000:00: root bus resource [io  0x0000-0x0cf7 window]
[   40.359597] pci_bus 0000:00: root bus resource [io  0x0d00-0xffff window]
[   40.363626] pci_bus 0000:00: root bus resource [mem 0x000a0000-0x000bffff window]
[   40.367665] pci_bus 0000:00: root bus resource [mem 0x40000000-0xafffffff window]
[   40.371638] pci_bus 0000:00: root bus resource [mem 0xc0000000-0xfebfffff window]
[   40.375767] pci_bus 0000:00: root bus resource [mem 0x800000000-0xfffffffff window]
[   40.379571] pci_bus 0000:00: root bus resource [bus 00-ff]
[   40.837761] pci 0000:00:01.0: BAR 0: assigned to efifb
[   41.559008] pci 0000:00:1f.0: quirk: [io  0x0600-0x067f] claimed by ICH6 ACPI/GPIO/TCO
[   41.567008] pci 0000:00:1f.0: quirk_ich7_lpc+0x0/0x60 took 11718 usecs
[   41.945055] pci 0000:00:02.0: PCI bridge to [bus 01]
[   42.159583] pci 0000:00:02.1: PCI bridge to [bus 02]
[   42.356154] pci 0000:00:02.2: PCI bridge to [bus 03]
[   42.715008] pci 0000:00:02.3: PCI bridge to [bus 04]
[   42.722176] pci 0000:00:02.4: PCI bridge to [bus 05]
[   42.844119] ACPI: PCI Interrupt Link [LNKA] (IRQs 5 *10 11)
[   42.855642] ACPI: PCI Interrupt Link [LNKB] (IRQs 5 *10 11)
[   42.863008] ACPI: PCI Interrupt Link [LNKC] (IRQs 5 10 *11)
[   42.867008] ACPI: PCI Interrupt Link [LNKD] (IRQs 5 10 *11)
[   42.875008] ACPI: PCI Interrupt Link [LNKE] (IRQs 5 *10 11)
[   42.879008] ACPI: PCI Interrupt Link [LNKF] (IRQs 5 *10 11)
[   42.883008] ACPI: PCI Interrupt Link [LNKG] (IRQs 5 10 *11)
[   42.889898] ACPI: PCI Interrupt Link [LNKH] (IRQs 5 10 *11)
[   42.895008] ACPI: PCI Interrupt Link [GSIA] (IRQs *16)
[   42.896251] ACPI: PCI Interrupt Link [GSIB] (IRQs *17)
[   42.899660] ACPI: PCI Interrupt Link [GSIC] (IRQs *18)
[   42.903946] ACPI: PCI Interrupt Link [GSID] (IRQs *19)
[   42.907797] ACPI: PCI Interrupt Link [GSIE] (IRQs *20)
[   42.911615] ACPI: PCI Interrupt Link [GSIF] (IRQs *21)
[   42.919008] ACPI: PCI Interrupt Link [GSIG] (IRQs *22)
[   42.919762] ACPI: PCI Interrupt Link [GSIH] (IRQs *23)
[   43.051008] pci 0000:00:01.0: vgaarb: setting as boot VGA device
[   43.051008] pci 0000:00:01.0: vgaarb: VGA device added: decodes=io+mem,owns=io+mem,locks=none
[   43.052549] pci 0000:00:01.0: vgaarb: bridge control possible
[   43.056207] vgaarb: loaded
[   43.118204] pps_core: LinuxPPS API ver. 1 registered
[   43.120248] pps_core: Software ver. 5.3.6 - Copyright 2005-2007 Rodolfo Giometti <giometti@linux.it>
[   43.129001] PTP clock support registered
[   43.136494] EDAC MC: Ver: 3.0.0
[   43.243008] Registered efivars operations
[   43.273345] PCI: Using ACPI for IRQ routing
[   47.656316] pci 0000:00:1f.2: can't claim BAR 4 [io  0xa240-0xa25f]: address conflict with PCI Bus 0000:01 [io  0xa000-0xafff]
[   47.666613] pci 0000:00:1f.3: can't claim BAR 4 [io  0xa200-0xa23f]: address conflict with PCI Bus 0000:01 [io  0xa000-0xafff]
[   47.871008] clocksource: Switched to clocksource kvm-clock
[   48.496707] VFS: Disk quotas dquot_6.6.0
[   48.670738] VFS: Dquot-cache hash table entries: 512 (order 0, 4096 bytes)
[   49.026675] AppArmor: AppArmor Filesystem Enabled
[   49.278675] pnp: PnP ACPI init
[   49.696362] pnp: PnP ACPI: found 4 devices
[   49.985795] clocksource: acpi_pm: mask: 0xffffff max_cycles: 0xffffff, max_idle_ns: 2085701024 ns
[   50.338914] pci 0000:00:01.0: can't claim BAR 6 [mem 0xffff0000-0xffffffff pref]: no compatible bridge window
[   51.065365] pci 0000:00:02.4: BAR 15: assigned [mem 0x800400000-0x8005fffff 64bit pref]
[   51.415001] pci 0000:00:01.0: BAR 6: assigned [mem 0x40000000-0x4000ffff pref]
[   51.650421] pci 0000:00:1f.3: BAR 4: assigned [io  0x1000-0x103f]
[   51.843120] pci 0000:00:1f.2: BAR 4: assigned [io  0x1040-0x105f]
[   52.068196] pci 0000:00:02.0: PCI bridge to [bus 01]
[   52.262762] pci 0000:00:02.0:   bridge window [io  0xa000-0xafff]
[   52.425726] pci 0000:00:02.0:   bridge window [mem 0xc1800000-0xc19fffff]
[   52.730409] pci 0000:00:02.0:   bridge window [mem 0x800000000-0x8000fffff 64bit pref]
[   53.124135] pci 0000:00:02.1: PCI bridge to [bus 02]
[   53.258057] pci 0000:00:02.1:   bridge window [io  0x9000-0x9fff]
[   53.511497] pci 0000:00:02.1:   bridge window [mem 0xc1600000-0xc17fffff]
[   53.757722] pci 0000:00:02.1:   bridge window [mem 0x800100000-0x8001fffff 64bit pref]
[   54.073012] pci 0000:00:02.2: PCI bridge to [bus 03]
[   54.263074] pci 0000:00:02.2:   bridge window [io  0x8000-0x8fff]
[   54.469765] pci 0000:00:02.2:   bridge window [mem 0xc1400000-0xc15fffff]
[   54.806322] pci 0000:00:02.2:   bridge window [mem 0x800200000-0x8002fffff 64bit pref]
[   55.134222] pci 0000:00:02.3: PCI bridge to [bus 04]
[   55.325813] pci 0000:00:02.3:   bridge window [io  0x7000-0x7fff]
[   55.491748] pci 0000:00:02.3:   bridge window [mem 0xc1200000-0xc13fffff]
[   55.745119] pci 0000:00:02.3:   bridge window [mem 0x800300000-0x8003fffff 64bit pref]
[   56.015641] pci 0000:00:02.4: PCI bridge to [bus 05]
[   56.238730] pci 0000:00:02.4:   bridge window [io  0x6000-0x6fff]
[   56.673569] pci 0000:00:02.4:   bridge window [mem 0xc1000000-0xc11fffff]
[   57.284422] pci 0000:00:02.4:   bridge window [mem 0x800400000-0x8005fffff 64bit pref]
[   57.721794] NET: Registered protocol family 2
[   58.278921] tcp_listen_portaddr_hash hash table entries: 512 (order: 1, 8192 bytes)
[   58.616069] TCP established hash table entries: 8192 (order: 4, 65536 bytes)
[   58.877683] TCP bind hash table entries: 8192 (order: 5, 131072 bytes)
[   59.115047] TCP: Hash tables configured (established 8192 bind 8192)
[   59.384255] UDP hash table entries: 512 (order: 2, 16384 bytes)
[   59.612991] UDP-Lite hash table entries: 512 (order: 2, 16384 bytes)
[   59.913618] NET: Registered protocol family 1
[   60.042807] NET: Registered protocol family 44
[   60.285944] pci 0000:00:01.0: Video device with shadowed ROM at [mem 0x000c0000-0x000dffff]
[   60.583705] pci 0000:00:01.0: pci_fixup_video+0x0/0x110 took 305388 usecs
[   60.885601] Unpacking initramfs...
[   69.062011] Freeing initrd memory: 45460K
[   69.342948] clocksource: tsc: mask: 0xffffffffffffffff max_cycles: 0x22837a616e0, max_idle_ns: 440795284909 ns
[   69.903082] Initialise system trusted keyrings
[   70.090779] Key type blacklist registered
[   70.271036] workingset: timestamp_bits=40 max_order=18 bucket_order=0
[   70.584306] zbud: loaded
[   71.453000] Key type asymmetric registered
[   71.667037] Asymmetric key parser 'x509' registered
[   71.873998] Block layer SCSI generic (bsg) driver version 0.4 loaded (major 247)
[   72.154890] io scheduler noop registered
[   72.294002] io scheduler deadline registered
[   72.530728] io scheduler cfq registered (default)
[   72.785539] io scheduler mq-deadline registered
[   73.029879] PCI Interrupt Link [GSIG] enabled at IRQ 22
[   73.351031] pcieport 0000:00:02.0: Signaling PME with IRQ 24
[   73.685886] pcieport 0000:00:02.0: AER enabled with IRQ 24
[   73.932225] pciehp 0000:00:02.0:pcie004: Slot #0 AttnBtn+ PwrCtrl+ MRL- AttnInd+ PwrInd+ HotPlug+ Surprise+ Interlock+ NoCompl- LLActRep+
[   74.798484] pcieport 0000:00:02.1: Signaling PME with IRQ 25
[   75.027636] pcieport 0000:00:02.1: AER enabled with IRQ 25
[   75.248133] pciehp 0000:00:02.1:pcie004: Slot #0 AttnBtn+ PwrCtrl+ MRL- AttnInd+ PwrInd+ HotPlug+ Surprise+ Interlock+ NoCompl- LLActRep+
[   75.912619] pcieport 0000:00:02.2: Signaling PME with IRQ 26
[   76.208586] pcieport 0000:00:02.2: AER enabled with IRQ 26
[   76.404737] pciehp 0000:00:02.2:pcie004: Slot #0 AttnBtn+ PwrCtrl+ MRL- AttnInd+ PwrInd+ HotPlug+ Surprise+ Interlock+ NoCompl- LLActRep+
[   77.049276] pcieport 0000:00:02.3: Signaling PME with IRQ 27
[   77.264010] pcieport 0000:00:02.3: AER enabled with IRQ 27
[   77.442425] pciehp 0000:00:02.3:pcie004: Slot #0 AttnBtn+ PwrCtrl+ MRL- AttnInd+ PwrInd+ HotPlug+ Surprise+ Interlock+ NoCompl- LLActRep+
[   78.012823] pcieport 0000:00:02.4: Signaling PME with IRQ 28
[   78.383604] pcieport 0000:00:02.4: AER enabled with IRQ 28
[   78.613880] pciehp 0000:00:02.4:pcie004: Slot #0 AttnBtn+ PwrCtrl+ MRL- AttnInd+ PwrInd+ HotPlug+ Surprise+ Interlock+ NoCompl- LLActRep+
[   79.065973] shpchp: Standard Hot Plug PCI Controller Driver version: 0.4
[   79.253715] efifb: probing for efifb
[   79.389853] efifb: framebuffer at 0xc0000000, using 1876k, total 1875k
[   79.625407] efifb: mode is 800x600x32, linelength=3200, pages=1
[   79.848000] efifb: scrolling: redraw
[   79.958896] efifb: Truecolor: size=8:8:8:8, shift=24:16:8:0
[   81.154763] Console: switching to colour frame buffer device 100x37
[   81.360464] fb0: EFI VGA frame buffer device
[   81.557993] Serial: 8250/16550 driver, 4 ports, IRQ sharing enabled
[   82.318744] 00:03: ttyS0 at I/O 0x3f8 (irq = 4, base_baud = 115200) is a 16550A
[   82.555111] Linux agpgart interface v0.103
[   82.724051] AMD IOMMUv2 driver by Joerg Roedel <jroedel@suse.de>
[   82.966364] AMD IOMMUv2 functionality not available on this system
[   83.184468] i8042: PNP: PS/2 Controller [PNP0303:KBD,PNP0f13:MOU] at 0x60,0x64 irq 1,12
[   83.632626] serio: i8042 KBD port at 0x60,0x64 irq 1
[   83.789968] serio: i8042 AUX port at 0x60,0x64 irq 12
[   83.984860] mousedev: PS/2 mouse device common for all mice
[   84.309082] rtc_cmos 00:00: RTC can wake from S4
[   84.498059] input: AT Translated Set 2 keyboard as /devices/platform/i8042/serio0/input/input0
[   84.894959] rtc_cmos 00:00: registered as rtc0
[   85.117697] rtc_cmos 00:00: alarms up to one day, y3k, 114 bytes nvram
[   85.306846] ledtrig-cpu: registered to indicate activity on CPUs
[   85.585011] NET: Registered protocol family 10
[   86.976988] Segment Routing with IPv6
[   87.093102] mip6: Mobile IPv6
[   87.206960] NET: Registered protocol family 17
[   87.434957] mpls_gso: MPLS GSO support
[   87.585793] mce: Using 10 MCE banks
[   87.723621] registered taskstats version 1
[   87.886745] Loading compiled-in X.509 certificates
[   88.208925] Loaded X.509 cert 'Debian Secure Boot CA: 6ccece7e4c6c0d1f6149f3dd27dfcc5cbb419ea1'
[   88.490614] Loaded X.509 cert 'Debian Secure Boot Signer: 00a7468def'



[   95.653499] Loaded X.509 cert 'Debian Secure Boot CA: 6ccece7e4c6c0d1f6149f3dd27dfcc5cbb419ea1'
[   95.969864] Loaded X.509 cert 'Debian Secure Boot Signer: 00a7468def'

[=3h

































































[=3h

































































[=3h

































































[=3h
































BdsDxe: loading Boot0001 "UEFI Misc Device" from PciRoot(0x0)/Pci(0x2,0x2)/Pci(0x0,0x0)
BdsDxe: starting Boot0001 "UEFI Misc Device" from PciRoot(0x0)/Pci(0x2,0x2)/Pci(0x0,0x0)
error: Secure Boot forbids loading module from
(cd0)/boot/grub/x86_64-efi/part_acorn.mod.
error: Secure Boot forbids loading module from
(cd0)/boot/grub/x86_64-efi/part_amiga.mod.
error: Secure Boot forbids loading module from
(cd0)/boot/grub/x86_64-efi/part_bsd.mod.
error: Secure Boot forbids loading module from
(cd0)/boot/grub/x86_64-efi/part_dfly.mod.
error: Secure Boot forbids loading module from
(cd0)/boot/grub/x86_64-efi/part_dvh.mod.
error: Secure Boot forbids loading module from
(cd0)/boot/grub/x86_64-efi/part_plan.mod.
error: Secure Boot forbids loading module from
(cd0)/boot/grub/x86_64-efi/part_sun.mod.
error: Secure Boot forbids loading module from
(cd0)/boot/grub/x86_64-efi/part_sunpc.mod.
EFI stub: UEFI Secure Boot is enabled.
[    0.000000] Linux version 4.19.0-9-amd64 (debian-kernel@lists.debian.org) (gcc version 8.3.0 (Debian 8.3.0-6)) #1 SMP Debian 4.19.118-2 (2020-04-29)
[    0.000000] Command line: BOOT_IMAGE=/install.amd/vmlinuz init=/bin/ash console=tty1 console=ttyS0
[    0.000000] x86/fpu: Supporting XSAVE feature 0x001: 'x87 floating point registers'
[    0.000000] x86/fpu: Supporting XSAVE feature 0x002: 'SSE registers'
[    0.000000] x86/fpu: Supporting XSAVE feature 0x004: 'AVX registers'
[    0.000000] x86/fpu: xstate_offset[2]:  576, xstate_sizes[2]:  256
[    0.000000] x86/fpu: Enabled xstate features 0x7, context size is 832 bytes, using 'standard' format.
[    0.000000] BIOS-provided physical RAM map:
[    0.000000] BIOS-e820: [mem 0x0000000000000000-0x000000000009ffff] usable
[    0.000000] BIOS-e820: [mem 0x0000000000100000-0x000000003da5ffff] usable
[    0.000000] BIOS-e820: [mem 0x000000003da60000-0x000000003da73fff] reserved
[    0.000000] BIOS-e820: [mem 0x000000003da74000-0x000000003dac7fff] usable
[    0.000000] BIOS-e820: [mem 0x000000003dac8000-0x000000003db19fff] reserved
[    0.000000] BIOS-e820: [mem 0x000000003db1a000-0x000000003eb99fff] usable
[    0.000000] BIOS-e820: [mem 0x000000003eb9a000-0x000000003ebf1fff] reserved
[    0.000000] BIOS-e820: [mem 0x000000003ebf2000-0x000000003ebf9fff] ACPI data
[    0.000000] BIOS-e820: [mem 0x000000003ebfa000-0x000000003ebfdfff] ACPI NVS
[    0.000000] BIOS-e820: [mem 0x000000003ebfe000-0x000000003effffff] usable
[    0.000000] BIOS-e820: [mem 0x000000003f000000-0x000000003fffffff] reserved
[    0.000000] BIOS-e820: [mem 0x00000000b0000000-0x00000000bfffffff] reserved
[    0.000000] NX (Execute Disable) protection: active
[    0.000000] extended physical RAM map:
[    0.000000] reserve setup_data: [mem 0x0000000000000000-0x000000000009ffff] usable
[    0.000000] reserve setup_data: [mem 0x0000000000100000-0x000000003d7ad017] usable
[    0.000000] reserve setup_data: [mem 0x000000003d7ad018-0x000000003d7b6657] usable
[    0.000000] reserve setup_data: [mem 0x000000003d7b6658-0x000000003da5ffff] usable
[    0.000000] reserve setup_data: [mem 0x000000003da60000-0x000000003da73fff] reserved
[    0.000000] reserve setup_data: [mem 0x000000003da74000-0x000000003dac7fff] usable
[    0.000000] reserve setup_data: [mem 0x000000003dac8000-0x000000003db19fff] reserved
[    0.000000] reserve setup_data: [mem 0x000000003db1a000-0x000000003eb99fff] usable
[    0.000000] reserve setup_data: [mem 0x000000003eb9a000-0x000000003ebf1fff] reserved
[    0.000000] reserve setup_data: [mem 0x000000003ebf2000-0x000000003ebf9fff] ACPI data
[    0.000000] reserve setup_data: [mem 0x000000003ebfa000-0x000000003ebfdfff] ACPI NVS
[    0.000000] reserve setup_data: [mem 0x000000003ebfe000-0x000000003effffff] usable
[    0.000000] reserve setup_data: [mem 0x000000003f000000-0x000000003fffffff] reserved
[    0.000000] reserve setup_data: [mem 0x00000000b0000000-0x00000000bfffffff] reserved
[    0.000000] efi: EFI v2.70 by EDK II
[    0.000000] efi:  SMBIOS=0x3ebd2000  ACPI=0x3ebf9000  ACPI 2.0=0x3ebf9014  MEMATTR=0x3dd68218 
[    0.000000] secureboot: Secure boot enabled
[    0.000000] Kernel is locked down from EFI secure boot; see https://wiki.debian.org/SecureBoot
[    0.000000] SMBIOS 2.8 present.
[    0.000000] DMI: KubeVirt None/RHEL-AV, BIOS 0.0.0 02/06/2015
[    0.000000] Hypervisor detected: KVM
[    0.000000] kvm-clock: Using msrs 4b564d01 and 4b564d00
[    0.000026] kvm-clock: cpu 0, msr c7e8001, primary cpu clock
[    0.000028] kvm-clock: using sched offset of 5118638784970 cycles
[    0.002890] clocksource: kvm-clock: mask: 0xffffffffffffffff max_cycles: 0x1cd42e4dffb, max_idle_ns: 881590591483 ns
[    0.006784] tsc: Detected 2394.380 MHz processor
[    0.088903] last_pfn = 0x3f000 max_arch_pfn = 0x400000000
[    0.128019] x86/PAT: Configuration [0-7]: WB  WC  UC- UC  WB  WP  UC- WT  
[    0.251160] Using GB pages for direct mapping
[    0.265310] RAMDISK: [mem 0x29117000-0x2bd7bfff]
[    0.281950] ACPI: Early table checksum verification disabled
[    0.299182] ACPI: RSDP 0x000000003EBF9014 000024 (v02 BOCHS )
[    0.302158] ACPI: XSDT 0x000000003EBF80E8 000044 (v01 BOCHS  BXPCFACP 00000001      01000013)
[    0.303996] ACPI: FACP 0x000000003EBF5000 0000F4 (v03 BOCHS  BXPCFACP 00000001 BXPC 00000001)
[    0.304867] ACPI: DSDT 0x000000003EBF6000 001EBE (v01 BOCHS  BXPCDSDT 00000001 BXPC 00000001)
[    0.304974] ACPI: FACS 0x000000003EBFC000 000040
[    0.305047] ACPI: APIC 0x000000003EBF4000 000078 (v01 BOCHS  BXPCAPIC 00000001 BXPC 00000001)
[    0.305117] ACPI: MCFG 0x000000003EBF3000 00003C (v01 BOCHS  BXPCMCFG 00000001 BXPC 00000001)
[    0.305183] ACPI: BGRT 0x000000003EBF2000 000038 (v01 INTEL  EDK2     00000002      01000013)
[    0.414176] No NUMA configuration found
[    0.414901] Faking a node at [mem 0x0000000000000000-0x000000003effffff]
[    0.415259] NODE_DATA(0) allocated [mem 0x3ef81000-0x3ef85fff]
[    0.446228] Zone ranges:
[    0.447011]   DMA      [mem 0x0000000000001000-0x0000000000ffffff]
[    0.447014]   DMA32    [mem 0x0000000001000000-0x000000003effffff]
[    0.447016]   Normal   empty
[    0.447017]   Device   empty
[    0.447018] Movable zone start for each node
[    0.447019] Early memory node ranges
[    0.447020]   node   0: [mem 0x0000000000001000-0x000000000009ffff]
[    0.447021]   node   0: [mem 0x0000000000100000-0x000000003da5ffff]
[    0.447022]   node   0: [mem 0x000000003da74000-0x000000003dac7fff]
[    0.447023]   node   0: [mem 0x000000003db1a000-0x000000003eb99fff]
[    0.447024]   node   0: [mem 0x000000003ebfe000-0x000000003effffff]
[    0.451171] Zeroed struct page in unavailable ranges: 4395 pages
[    0.451902] Initmem setup node 0 [mem 0x0000000000001000-0x000000003effffff]
[    2.337307] ACPI: PM-Timer IO Port: 0x608
[    2.342064] ACPI: LAPIC_NMI (acpi_id[0xff] dfl dfl lint[0x1])
[    2.361690] IOAPIC[0]: apic_id 0, version 17, address 0xfec00000, GSI 0-23
[    2.361716] ACPI: INT_SRC_OVR (bus 0 bus_irq 0 global_irq 2 dfl dfl)
[    2.361741] ACPI: INT_SRC_OVR (bus 0 bus_irq 5 global_irq 5 high level)
[    2.361742] ACPI: INT_SRC_OVR (bus 0 bus_irq 9 global_irq 9 high level)
[    2.363889] ACPI: INT_SRC_OVR (bus 0 bus_irq 10 global_irq 10 high level)
[    2.363893] ACPI: INT_SRC_OVR (bus 0 bus_irq 11 global_irq 11 high level)
[    2.364124] Using ACPI (MADT) for SMP configuration information
[    2.370043] smpboot: Allowing 1 CPUs, 0 hotplug CPUs
[    2.380150] PM: Registered nosave memory: [mem 0x00000000-0x00000fff]
[    2.380167] PM: Registered nosave memory: [mem 0x000a0000-0x000fffff]
[    2.380168] PM: Registered nosave memory: [mem 0x3d7ad000-0x3d7adfff]
[    2.380170] PM: Registered nosave memory: [mem 0x3d7b6000-0x3d7b6fff]
[    2.380172] PM: Registered nosave memory: [mem 0x3da60000-0x3da73fff]
[    2.380173] PM: Registered nosave memory: [mem 0x3dac8000-0x3db19fff]
[    2.380175] PM: Registered nosave memory: [mem 0x3dc4c000-0x3dc72fff]
[    2.380176] PM: Registered nosave memory: [mem 0x3eb9a000-0x3ebf1fff]
[    2.380177] PM: Registered nosave memory: [mem 0x3ebf2000-0x3ebf9fff]
[    2.380178] PM: Registered nosave memory: [mem 0x3ebfa000-0x3ebfdfff]
[    2.380266] [mem 0x40000000-0xafffffff] available for PCI devices
[    2.380278] Booting paravirtualized kernel on KVM
[    2.383902] clocksource: refined-jiffies: mask: 0xffffffff max_cycles: 0xffffffff, max_idle_ns: 7645519600211568 ns
[    2.821302] random: get_random_bytes called from start_kernel+0x93/0x52c with crng_init=0
[    2.824236] setup_percpu: NR_CPUS:512 nr_cpumask_bits:512 nr_cpu_ids:1 nr_node_ids:1
[    2.871311] percpu: Embedded 45 pages/cpu s144408 r8192 d31720 u2097152
[    2.886682] KVM setup async PF for cpu 0
[    2.895200] kvm-stealtime: cpu 0, msr 3e6161c0
[    2.907556] Built 1 zonelists, mobility grouping on.  Total pages: 251679
[    2.908278] Policy zone: DMA32
[    2.909247] Kernel command line: BOOT_IMAGE=/install.amd/vmlinuz init=/bin/ash console=tty1 console=ttyS0
[    3.028172] Memory: 923084K/1030996K available (10252K kernel code, 1241K rwdata, 3316K rodata, 1588K init, 2276K bss, 107912K reserved, 0K cma-reserved)
[    3.051298] SLUB: HWalign=64, Order=0-3, MinObjects=0, CPUs=1, Nodes=1
[    3.053208] Kernel/User page tables isolation: enabled
[    3.065046] ftrace: allocating 31879 entries in 125 pages
[    5.629140] rcu: Hierarchical RCU implementation.
[    5.629175] rcu:     RCU restricting CPUs from NR_CPUS=512 to nr_cpu_ids=1.
[    5.629180] rcu: Adjusting geometry for rcu_fanout_leaf=16, nr_cpu_ids=1
[    5.663128] NR_IRQS: 33024, nr_irqs: 256, preallocated irqs: 16
[    5.685034] Console: colour dummy device 80x25
[    5.685214] console [tty1] enabled
[   36.456211] console [ttyS0] enabled
[   36.572986] ACPI: Core revision 20180810
[   36.737233] APIC: Switch to symmetric I/O mode setup
[   37.397518] x2apic enabled
[   37.610029] Switched APIC routing to physical x2apic.
[   38.394008] ..TIMER: vector=0x30 apic1=0 pin1=2 apic2=-1 pin2=-1
[   38.616861] clocksource: tsc-early: mask: 0xffffffffffffffff max_cycles: 0x22837a616e0, max_idle_ns: 440795284909 ns
[   38.985921] Calibrating delay loop (skipped) preset value.. 4788.76 BogoMIPS (lpj=9577520)
[   38.993958] pid_max: default: 32768 minimum: 301
!!!! X64 Exception Type - 0E(#PF - Page-Fault)  CPU Apic ID - 00000000 !!!!
ExceptionData - 0000000000000003  I:0 R:0 U:0 W:1 P:1 PK:0 SS:0 SGX:0
RIP  - 000000003FFC8B50, CS  - 0000000000000038, RFLAGS - 0000000000010046
RAX  - 0000000000000200, RCX - 000000003F1FF000, RDX - 000000003F1FF063
RBX  - 000000003F000000, RSP - 000000003FFBBBC0, RBP - 0000000000004000
RSI  - 000000003FE06067, RDI - 0000000000000001
R8   - 000000003F000000, R9  - 0000000000001000, R10 - 8000000000000067
R11  - 0000000000000200, R12 - 0000000000001000, R13 - 0000000000000001
R14  - 000000003EC03FC0, R15 - 000000003FFD1F00
DS   - 0000000000000020, ES  - 0000000000000020, FS  - 0000000000000020
GS   - 0000000000000020, SS  - 0000000000000020
CR0  - 0000000080010033, CR2 - 000000003EC03FC0, CR3 - 000000003EC01000
CR4  - 0000000000000668, CR8 - 0000000000000000
DR0  - 0000000000000000, DR1 - 0000000000000000, DR2 - 0000000000000000
DR3  - 0000000000000000, DR6 - 00000000FFFF0FF0, DR7 - 0000000000000400
GDTR - 000000003FFAB000 000000000000004F, LDTR - 0000000000000000
IDTR - 000000003FFB5000 00000000000001FF,   TR - 0000000000000040
FXSAVE_STATE - 000000003FFB6C60

