




















[=3h





































































[=3h


































BdsDxe: loading Boot0001 "UEFI Misc Device" from PciRoot(0x0)/Pci(0x2,0x2)/Pci(0x0,0x0)
BdsDxe: starting Boot0001 "UEFI Misc Device" from PciRoot(0x0)/Pci(0x2,0x2)/Pci(0x0,0x0)
error: Secure Boot forbids loading module from
(cd0)/boot/grub/x86_64-efi/part_acorn.mod.
error: Secure Boot forbids loading module from
(cd0)/boot/grub/x86_64-efi/part_amiga.mod.
error: Secure Boot forbids loading module from
(cd0)/boot/grub/x86_64-efi/part_bsd.mod.
error: Secure Boot forbids loading module from
(cd0)/boot/grub/x86_64-efi/part_dfly.mod.
error: Secure Boot forbids loading module from
(cd0)/boot/grub/x86_64-efi/part_dvh.mod.
error: Secure Boot forbids loading module from
(cd0)/boot/grub/x86_64-efi/part_plan.mod.
error: Secure Boot forbids loading module from
(cd0)/boot/grub/x86_64-efi/part_sun.mod.
error: Secure Boot forbids loading module from
(cd0)/boot/grub/x86_64-efi/part_sunpc.mod.
EFI stub: UEFI Secure Boot is enabled.
[    0.000000] Linux version 4.19.0-9-amd64 (debian-kernel@lists.debian.org) (gcc version 8.3.0 (Debian 8.3.0-6)) #1 SMP Debian 4.19.118-2 (2020-04-29)
[    0.000000] Command line: BOOT_IMAGE=/install.amd/vmlinuz init=/bin/ash console=tty1 console=ttyS0
[    0.000000] x86/fpu: Supporting XSAVE feature 0x001: 'x87 floating point registers'
[    0.000000] x86/fpu: Supporting XSAVE feature 0x002: 'SSE registers'
[    0.000000] x86/fpu: Supporting XSAVE feature 0x004: 'AVX registers'
[    0.000000] x86/fpu: xstate_offset[2]:  576, xstate_sizes[2]:  256
[    0.000000] x86/fpu: Enabled xstate features 0x7, context size is 832 bytes, using 'standard' format.
[    0.000000] BIOS-provided physical RAM map:
[    0.000000] BIOS-e820: [mem 0x0000000000000000-0x000000000009ffff] usable
[    0.000000] BIOS-e820: [mem 0x0000000000100000-0x000000003da5ffff] usable
[    0.000000] BIOS-e820: [mem 0x000000003da60000-0x000000003da73fff] reserved
[    0.000000] BIOS-e820: [mem 0x000000003da74000-0x000000003dac7fff] usable
[    0.000000] BIOS-e820: [mem 0x000000003dac8000-0x000000003db19fff] reserved
[    0.000000] BIOS-e820: [mem 0x000000003db1a000-0x000000003eb99fff] usable
[    0.000000] BIOS-e820: [mem 0x000000003eb9a000-0x000000003ebf1fff] reserved
[    0.000000] BIOS-e820: [mem 0x000000003ebf2000-0x000000003ebf9fff] ACPI data
[    0.000000] BIOS-e820: [mem 0x000000003ebfa000-0x000000003ebfdfff] ACPI NVS
[    0.000000] BIOS-e820: [mem 0x000000003ebfe000-0x000000003effffff] usable
[    0.000000] BIOS-e820: [mem 0x000000003f000000-0x000000003fffffff] reserved
[    0.000000] BIOS-e820: [mem 0x00000000b0000000-0x00000000bfffffff] reserved
[    0.000000] NX (Execute Disable) protection: active
[    0.000000] extended physical RAM map:
[    0.000000] reserve setup_data: [mem 0x0000000000000000-0x000000000009ffff] usable
[    0.000000] reserve setup_data: [mem 0x0000000000100000-0x000000003d7ad017] usable
[    0.000000] reserve setup_data: [mem 0x000000003d7ad018-0x000000003d7b6657] usable
[    0.000000] reserve setup_data: [mem 0x000000003d7b6658-0x000000003da5ffff] usable
[    0.000000] reserve setup_data: [mem 0x000000003da60000-0x000000003da73fff] reserved
[    0.000000] reserve setup_data: [mem 0x000000003da74000-0x000000003dac7fff] usable
[    0.000000] reserve setup_data: [mem 0x000000003dac8000-0x000000003db19fff] reserved
[    0.000000] reserve setup_data: [mem 0x000000003db1a000-0x000000003eb99fff] usable
[    0.000000] reserve setup_data: [mem 0x000000003eb9a000-0x000000003ebf1fff] reserved
[    0.000000] reserve setup_data: [mem 0x000000003ebf2000-0x000000003ebf9fff] ACPI data
[    0.000000] reserve setup_data: [mem 0x000000003ebfa000-0x000000003ebfdfff] ACPI NVS
[    0.000000] reserve setup_data: [mem 0x000000003ebfe000-0x000000003effffff] usable
[    0.000000] reserve setup_data: [mem 0x000000003f000000-0x000000003fffffff] reserved
[    0.000000] reserve setup_data: [mem 0x00000000b0000000-0x00000000bfffffff] reserved
[    0.000000] efi: EFI v2.70 by EDK II
[    0.000000] efi:  SMBIOS=0x3ebd2000  ACPI=0x3ebf9000  ACPI 2.0=0x3ebf9014  MEMATTR=0x3dd68218 
[    0.000000] secureboot: Secure boot enabled
[    0.000000] Kernel is locked down from EFI secure boot; see https://wiki.debian.org/SecureBoot
[    0.000000] SMBIOS 2.8 present.
[    0.000000] DMI: KubeVirt None/RHEL-AV, BIOS 0.0.0 02/06/2015
[    0.000000] Hypervisor detected: KVM
[    0.000000] kvm-clock: Using msrs 4b564d01 and 4b564d00
[    0.000025] kvm-clock: cpu 0, msr 1efe8001, primary cpu clock
[    0.000027] kvm-clock: using sched offset of 317998199513 cycles
[    0.002120] clocksource: kvm-clock: mask: 0xffffffffffffffff max_cycles: 0x1cd42e4dffb, max_idle_ns: 881590591483 ns
[    0.004900] tsc: Detected 2394.454 MHz processor
[    0.123047] last_pfn = 0x3f000 max_arch_pfn = 0x400000000
[    0.159990] x86/PAT: Configuration [0-7]: WB  WC  UC- UC  WB  WP  UC- WT  
[    0.262339] Using GB pages for direct mapping
[    0.306169] RAMDISK: [mem 0x29117000-0x2bd7bfff]
[    0.322312] ACPI: Early table checksum verification disabled
[    0.328927] ACPI: RSDP 0x000000003EBF9014 000024 (v02 BOCHS )
[    0.339243] ACPI: XSDT 0x000000003EBF80E8 000044 (v01 BOCHS  BXPCFACP 00000001      01000013)
[    0.340260] ACPI: FACP 0x000000003EBF5000 0000F4 (v03 BOCHS  BXPCFACP 00000001 BXPC 00000001)
[    0.341143] ACPI: DSDT 0x000000003EBF6000 001EBE (v01 BOCHS  BXPCDSDT 00000001 BXPC 00000001)
[    0.341212] ACPI: FACS 0x000000003EBFC000 000040
[    0.341281] ACPI: APIC 0x000000003EBF4000 000078 (v01 BOCHS  BXPCAPIC 00000001 BXPC 00000001)
[    0.341340] ACPI: MCFG 0x000000003EBF3000 00003C (v01 BOCHS  BXPCMCFG 00000001 BXPC 00000001)
[    0.341908] ACPI: BGRT 0x000000003EBF2000 000038 (v01 INTEL  EDK2     00000002      01000013)
[    0.590913] No NUMA configuration found
[    0.591057] Faking a node at [mem 0x0000000000000000-0x000000003effffff]
[    0.591942] NODE_DATA(0) allocated [mem 0x3ef81000-0x3ef85fff]
[    0.670876] Zone ranges:
[    0.671024]   DMA      [mem 0x0000000000001000-0x0000000000ffffff]
[    0.671027]   DMA32    [mem 0x0000000001000000-0x000000003effffff]
[    0.671029]   Normal   empty
[    0.671030]   Device   empty
[    0.671031] Movable zone start for each node
[    0.671032] Early memory node ranges
[    0.671033]   node   0: [mem 0x0000000000001000-0x000000000009ffff]
[    0.671034]   node   0: [mem 0x0000000000100000-0x000000003da5ffff]
[    0.671035]   node   0: [mem 0x000000003da74000-0x000000003dac7fff]
[    0.671036]   node   0: [mem 0x000000003db1a000-0x000000003eb99fff]
[    0.671036]   node   0: [mem 0x000000003ebfe000-0x000000003effffff]
[    0.717302] Zeroed struct page in unavailable ranges: 4395 pages
[    0.719147] Initmem setup node 0 [mem 0x0000000000001000-0x000000003effffff]
[    2.344233] ACPI: PM-Timer IO Port: 0x608
[    2.347227] ACPI: LAPIC_NMI (acpi_id[0xff] dfl dfl lint[0x1])
[    2.357104] IOAPIC[0]: apic_id 0, version 17, address 0xfec00000, GSI 0-23
[    2.357122] ACPI: INT_SRC_OVR (bus 0 bus_irq 0 global_irq 2 dfl dfl)
[    2.357128] ACPI: INT_SRC_OVR (bus 0 bus_irq 5 global_irq 5 high level)
[    2.357129] ACPI: INT_SRC_OVR (bus 0 bus_irq 9 global_irq 9 high level)
[    2.358194] ACPI: INT_SRC_OVR (bus 0 bus_irq 10 global_irq 10 high level)
[    2.358197] ACPI: INT_SRC_OVR (bus 0 bus_irq 11 global_irq 11 high level)
[    2.358922] Using ACPI (MADT) for SMP configuration information
[    2.362830] smpboot: Allowing 1 CPUs, 0 hotplug CPUs
[    2.371218] PM: Registered nosave memory: [mem 0x00000000-0x00000fff]
[    2.371252] PM: Registered nosave memory: [mem 0x000a0000-0x000fffff]
[    2.371254] PM: Registered nosave memory: [mem 0x3d7ad000-0x3d7adfff]
[    2.371256] PM: Registered nosave memory: [mem 0x3d7b6000-0x3d7b6fff]
[    2.371257] PM: Registered nosave memory: [mem 0x3da60000-0x3da73fff]
[    2.371259] PM: Registered nosave memory: [mem 0x3dac8000-0x3db19fff]
[    2.371260] PM: Registered nosave memory: [mem 0x3dc4b000-0x3dc71fff]
[    2.371261] PM: Registered nosave memory: [mem 0x3eb9a000-0x3ebf1fff]
[    2.371262] PM: Registered nosave memory: [mem 0x3ebf2000-0x3ebf9fff]
[    2.371263] PM: Registered nosave memory: [mem 0x3ebfa000-0x3ebfdfff]
[    2.371881] [mem 0x40000000-0xafffffff] available for PCI devices
[    2.371893] Booting paravirtualized kernel on KVM
[    2.373920] clocksource: refined-jiffies: mask: 0xffffffff max_cycles: 0xffffffff, max_idle_ns: 7645519600211568 ns
[    3.099223] random: get_random_bytes called from start_kernel+0x93/0x52c with crng_init=0
[    3.101128] setup_percpu: NR_CPUS:512 nr_cpumask_bits:512 nr_cpu_ids:1 nr_node_ids:1
[    3.154110] percpu: Embedded 45 pages/cpu s144408 r8192 d31720 u2097152
[    3.161295] KVM setup async PF for cpu 0
[    3.164579] kvm-stealtime: cpu 0, msr 3e6161c0
[    3.172078] Built 1 zonelists, mobility grouping on.  Total pages: 251679
[    3.172213] Policy zone: DMA32
[    3.173014] Kernel command line: BOOT_IMAGE=/install.amd/vmlinuz init=/bin/ash console=tty1 console=ttyS0
[    3.226126] Memory: 923084K/1030996K available (10252K kernel code, 1241K rwdata, 3316K rodata, 1588K init, 2276K bss, 107912K reserved, 0K cma-reserved)
[    3.236306] SLUB: HWalign=64, Order=0-3, MinObjects=0, CPUs=1, Nodes=1
[    3.237908] Kernel/User page tables isolation: enabled
[    3.243218] ftrace: allocating 31879 entries in 125 pages
[    5.673156] rcu: Hierarchical RCU implementation.
[    5.673242] rcu:     RCU restricting CPUs from NR_CPUS=512 to nr_cpu_ids=1.
[    5.673246] rcu: Adjusting geometry for rcu_fanout_leaf=16, nr_cpu_ids=1
[    5.691259] NR_IRQS: 33024, nr_irqs: 256, preallocated irqs: 16
[    5.708203] Console: colour dummy device 80x25
[    5.708894] console [tty1] enabled
[   43.673329] console [ttyS0] enabled
[   43.816884] ACPI: Core revision 20180810
[   44.084613] APIC: Switch to symmetric I/O mode setup
[   45.070323] x2apic enabled
[   45.554989] Switched APIC routing to physical x2apic.
[   46.308224] ..TIMER: vector=0x30 apic1=0 pin1=2 apic2=-1 pin2=-1
[   46.591048] clocksource: tsc-early: mask: 0xffffffffffffffff max_cycles: 0x2283c0783fd, max_idle_ns: 440795301468 ns
[   47.035177] Calibrating delay loop (skipped) preset value.. 4788.90 BogoMIPS (lpj=9577816)
[   47.044761] pid_max: default: 32768 minimum: 301
[   47.093724] Security Framework initialized
[   47.096777] Yama: disabled by default; enable with sysctl kernel.yama.*
[   47.109876] AppArmor: AppArmor initialized
[   47.116537] Dentry cache hash table entries: 131072 (order: 8, 1048576 bytes)
[   47.116938] Inode-cache hash table entries: 65536 (order: 7, 524288 bytes)
[   47.120798] Mount-cache hash table entries: 2048 (order: 2, 16384 bytes)
[   47.140751] Mountpoint-cache hash table entries: 2048 (order: 2, 16384 bytes)
[   47.260744] x86/cpu: Activated the Intel User Mode Instruction Prevention (UMIP) CPU feature
[   47.306639] Last level iTLB entries: 4KB 0, 2MB 0, 4MB 0
[   47.308750] Last level dTLB entries: 4KB 0, 2MB 0, 4MB 0, 1GB 0
[   47.320765] Spectre V1 : Mitigation: usercopy/swapgs barriers and __user pointer sanitization
[   47.324768] random: fast init done
[   47.332757] Spectre V2 : Mitigation: Full generic retpoline
[   47.340749] Spectre V2 : Spectre v2 / SpectreRSB mitigation: Filling RSB on context switch
[   47.344751] Spectre V2 : Enabling Restricted Speculation for firmware calls
[   47.352777] Spectre V2 : mitigation: Enabling conditional Indirect Branch Prediction Barrier
[   47.360751] Speculative Store Bypass: Mitigation: Speculative Store Bypass disabled via prctl and seccomp
[   47.368825] MDS: Vulnerable: Clear CPU buffers attempted, no microcode
[   47.545044] Freeing SMP alternatives memory: 24K
[   47.792744] smpboot: CPU0: Intel Core Processor (Haswell, no TSX, IBRS) (family: 0x6, model: 0x3c, stepping: 0x1)
[   47.796105] Performance Events: unsupported p6 CPU model 60 no PMU driver, software events only.
[   47.804558] rcu: Hierarchical SRCU implementation.
[   47.810597] random: crng done (trusting CPU's manufacturer)
[   47.814215] NMI watchdog: Perf NMI watchdog permanently disabled
[   47.817887] smp: Bringing up secondary CPUs ...
[   47.823010] smp: Brought up 1 node, 1 CPU
[   47.825917] smpboot: Max logical packages: 1
[   47.829875] smpboot: Total of 1 processors activated (4788.90 BogoMIPS)
[   47.846053] devtmpfs: initialized
[   47.849548] x86/mm: Memory block size: 128MB
[   47.856744] PM: Registering ACPI NVS region [mem 0x3ebfa000-0x3ebfdfff] (16384 bytes)
[   47.871423] clocksource: jiffies: mask: 0xffffffff max_cycles: 0xffffffff, max_idle_ns: 7645041785100000 ns
[   47.874517] futex hash table entries: 256 (order: 2, 16384 bytes)
[   47.883359] pinctrl core: initialized pinctrl subsystem
[   47.894954] NET: Registered protocol family 16
[   47.898665] audit: initializing netlink subsys (disabled)
[   47.901832] cpuidle: using governor ladder
[   47.906864] audit: type=2000 audit(1602985435.535:1): state=initialized audit_enabled=0 res=1
[   47.909242] cpuidle: using governor menu
[   47.916109] ACPI: bus type PCI registered
[   47.918081] acpiphp: ACPI Hot Plug PCI Controller Driver version: 0.5
[   47.931908] PCI: MMCONFIG for domain 0000 [bus 00-ff] at [mem 0xb0000000-0xbfffffff] (base 0xb0000000)
[   47.935803] PCI: MMCONFIG at [mem 0xb0000000-0xbfffffff] reserved in E820
[   47.937336] PCI: Using configuration type 1 for base access
[   47.946285] HugeTLB registered 1.00 GiB page size, pre-allocated 0 pages
[   47.949974] HugeTLB registered 2.00 MiB page size, pre-allocated 0 pages
[   47.955637] ACPI: Added _OSI(Module Device)
[   47.957283] ACPI: Added _OSI(Processor Device)
[   47.961286] ACPI: Added _OSI(3.0 _SCP Extensions)
[   47.965344] ACPI: Added _OSI(Processor Aggregator Device)
[   47.970973] ACPI: Added _OSI(Linux-Dell-Video)
[   47.973256] ACPI: Added _OSI(Linux-Lenovo-NV-HDMI-Audio)
[   47.982832] ACPI: 1 ACPI AML tables successfully acquired and loaded
[   48.010552] ACPI: Interpreter enabled
[   48.014438] ACPI: (supports S0 S5)
[   48.017446] ACPI: Using IOAPIC for interrupt routing
[   48.021338] PCI: Using host bridge windows from ACPI; if necessary, use "pci=nocrs" and report a bug
[   48.027745] ACPI: Enabled 1 GPEs in block 00 to 3F
[   48.071330] ACPI: PCI Root Bridge [PCI0] (domain 0000 [bus 00-ff])
[   48.074762] acpi PNP0A08:00: _OSC: OS supports [ExtendedConfig ASPM ClockPM Segments MSI]
[   48.077345] acpi PNP0A08:00: _OSC: platform does not support [LTR]
[   48.081342] acpi PNP0A08:00: _OSC: OS now controls [PCIeHotplug SHPCHotplug PME AER PCIeCapability]
[   48.093458] PCI host bridge to bus 0000:00
[   48.101602] pci_bus 0000:00: root bus resource [io  0x0000-0x0cf7 window]
[   48.108744] pci_bus 0000:00: root bus resource [io  0x0d00-0xffff window]
[   48.109350] pci_bus 0000:00: root bus resource [mem 0x000a0000-0x000bffff window]
[   48.113258] pci_bus 0000:00: root bus resource [mem 0x40000000-0xafffffff window]
[   48.117749] pci_bus 0000:00: root bus resource [mem 0xc0000000-0xfebfffff window]
[   48.121240] pci_bus 0000:00: root bus resource [mem 0x800000000-0xfffffffff window]
[   48.125280] pci_bus 0000:00: root bus resource [bus 00-ff]
[   48.532061] pci 0000:00:01.0: BAR 0: assigned to efifb
[   49.352705] pci 0000:00:1f.0: quirk: [io  0x0600-0x067f] claimed by ICH6 ACPI/GPIO/TCO
[   49.372744] pci 0000:00:1f.0: quirk_ich7_lpc+0x0/0x60 took 23437 usecs
[   49.751280] pci 0000:00:02.0: PCI bridge to [bus 01]
[   50.009267] pci 0000:00:02.1: PCI bridge to [bus 02]
[   50.237368] pci 0000:00:02.2: PCI bridge to [bus 03]
[   50.448744] pci 0000:00:02.3: PCI bridge to [bus 04]
[   50.476744] pci 0000:00:02.4: PCI bridge to [bus 05]
[   50.742389] ACPI: PCI Interrupt Link [LNKA] (IRQs 5 *10 11)
[   50.753489] ACPI: PCI Interrupt Link [LNKB] (IRQs 5 *10 11)
[   50.761322] ACPI: PCI Interrupt Link [LNKC] (IRQs 5 10 *11)
[   50.768744] ACPI: PCI Interrupt Link [LNKD] (IRQs 5 10 *11)
[   50.773499] ACPI: PCI Interrupt Link [LNKE] (IRQs 5 *10 11)
[   50.783110] ACPI: PCI Interrupt Link [LNKF] (IRQs 5 *10 11)
[   50.792744] ACPI: PCI Interrupt Link [LNKG] (IRQs 5 10 *11)
[   50.799118] ACPI: PCI Interrupt Link [LNKH] (IRQs 5 10 *11)
[   50.804744] ACPI: PCI Interrupt Link [GSIA] (IRQs *16)
[   50.805349] ACPI: PCI Interrupt Link [GSIB] (IRQs *17)
[   50.810141] ACPI: PCI Interrupt Link [GSIC] (IRQs *18)
[   50.813570] ACPI: PCI Interrupt Link [GSID] (IRQs *19)
[   50.818057] ACPI: PCI Interrupt Link [GSIE] (IRQs *20)
[   50.821320] ACPI: PCI Interrupt Link [GSIF] (IRQs *21)
[   50.825312] ACPI: PCI Interrupt Link [GSIG] (IRQs *22)
[   50.829439] ACPI: PCI Interrupt Link [GSIH] (IRQs *23)
[   51.012744] pci 0000:00:01.0: vgaarb: setting as boot VGA device
[   51.012744] pci 0000:00:01.0: vgaarb: VGA device added: decodes=io+mem,owns=io+mem,locks=none
[   51.014575] pci 0000:00:01.0: vgaarb: bridge control possible
[   51.020328] vgaarb: loaded
[   51.066934] pps_core: LinuxPPS API ver. 1 registered
[   51.069338] pps_core: Software ver. 5.3.6 - Copyright 2005-2007 Rodolfo Giometti <giometti@linux.it>
[   51.076744] PTP clock support registered
[   51.084691] EDAC MC: Ver: 3.0.0
[   51.252744] Registered efivars operations
[   51.280025] PCI: Using ACPI for IRQ routing
[   57.349881] pci 0000:00:1f.2: can't claim BAR 4 [io  0xa240-0xa25f]: address conflict with PCI Bus 0000:01 [io  0xa000-0xafff]
[   57.357817] pci 0000:00:1f.3: can't claim BAR 4 [io  0xa200-0xa23f]: address conflict with PCI Bus 0000:01 [io  0xa000-0xafff]
[   57.640744] clocksource: Switched to clocksource kvm-clock
[   58.120683] VFS: Disk quotas dquot_6.6.0
[   58.263495] VFS: Dquot-cache hash table entries: 512 (order 0, 4096 bytes)
[   58.503692] AppArmor: AppArmor Filesystem Enabled
[   58.651703] pnp: PnP ACPI init
[   58.854538] pnp: PnP ACPI: found 4 devices
[   59.128163] clocksource: acpi_pm: mask: 0xffffff max_cycles: 0xffffff, max_idle_ns: 2085701024 ns
[   59.495141] pci 0000:00:01.0: can't claim BAR 6 [mem 0xffff0000-0xffffffff pref]: no compatible bridge window
[   60.157752] pci 0000:00:02.4: BAR 15: assigned [mem 0x800400000-0x8005fffff 64bit pref]
[   60.486105] pci 0000:00:01.0: BAR 6: assigned [mem 0x40000000-0x4000ffff pref]
[   60.751598] pci 0000:00:1f.3: BAR 4: assigned [io  0x1000-0x103f]
[   61.074378] pci 0000:00:1f.2: BAR 4: assigned [io  0x1040-0x105f]
[   61.326604] pci 0000:00:02.0: PCI bridge to [bus 01]
[   61.461396] pci 0000:00:02.0:   bridge window [io  0xa000-0xafff]
[   61.651163] pci 0000:00:02.0:   bridge window [mem 0xc1800000-0xc19fffff]
[   62.015027] pci 0000:00:02.0:   bridge window [mem 0x800000000-0x8000fffff 64bit pref]
[   62.591683] pci 0000:00:02.1: PCI bridge to [bus 02]
[   62.881627] pci 0000:00:02.1:   bridge window [io  0x9000-0x9fff]
[   63.150260] pci 0000:00:02.1:   bridge window [mem 0xc1600000-0xc17fffff]
[   63.645998] pci 0000:00:02.1:   bridge window [mem 0x800100000-0x8001fffff 64bit pref]
[   64.132180] pci 0000:00:02.2: PCI bridge to [bus 03]
[   64.420482] pci 0000:00:02.2:   bridge window [io  0x8000-0x8fff]
[   64.946657] pci 0000:00:02.2:   bridge window [mem 0xc1400000-0xc15fffff]
[   65.527435] pci 0000:00:02.2:   bridge window [mem 0x800200000-0x8002fffff 64bit pref]
[   66.034196] pci 0000:00:02.3: PCI bridge to [bus 04]
[   66.213889] pci 0000:00:02.3:   bridge window [io  0x7000-0x7fff]
[   66.457278] pci 0000:00:02.3:   bridge window [mem 0xc1200000-0xc13fffff]
[   66.794877] pci 0000:00:02.3:   bridge window [mem 0x800300000-0x8003fffff 64bit pref]
[   67.303589] pci 0000:00:02.4: PCI bridge to [bus 05]
[   67.657724] pci 0000:00:02.4:   bridge window [io  0x6000-0x6fff]
[   67.892008] pci 0000:00:02.4:   bridge window [mem 0xc1000000-0xc11fffff]
[   68.184679] pci 0000:00:02.4:   bridge window [mem 0x800400000-0x8005fffff 64bit pref]
[   68.572807] NET: Registered protocol family 2
[   68.835645] tcp_listen_portaddr_hash hash table entries: 512 (order: 1, 8192 bytes)
[   69.122354] TCP established hash table entries: 8192 (order: 4, 65536 bytes)
[   69.435070] TCP bind hash table entries: 8192 (order: 5, 131072 bytes)
[   69.860259] TCP: Hash tables configured (established 8192 bind 8192)
[   70.159621] UDP hash table entries: 512 (order: 2, 16384 bytes)
[   70.327571] UDP-Lite hash table entries: 512 (order: 2, 16384 bytes)
[   70.516710] NET: Registered protocol family 1
[   70.711096] NET: Registered protocol family 44
[   70.940326] pci 0000:00:01.0: Video device with shadowed ROM at [mem 0x000c0000-0x000dffff]
[   71.324208] pci 0000:00:01.0: pci_fixup_video+0x0/0x110 took 393564 usecs
[   71.775467] Unpacking initramfs...
[   84.016651] Freeing initrd memory: 45460K
[   84.197829] clocksource: tsc: mask: 0xffffffffffffffff max_cycles: 0x2283c0783fd, max_idle_ns: 440795301468 ns
[   85.158729] Initialise system trusted keyrings
[   85.426665] Key type blacklist registered
[   85.731646] workingset: timestamp_bits=40 max_order=18 bucket_order=0
[   86.036418] zbud: loaded
[   86.620819] Key type asymmetric registered
[   86.775542] Asymmetric key parser 'x509' registered
[   87.015651] Block layer SCSI generic (bsg) driver version 0.4 loaded (major 247)
[   87.276796] io scheduler noop registered
[   87.532784] io scheduler deadline registered
[   87.792596] io scheduler cfq registered (default)
[   88.008362] io scheduler mq-deadline registered
[   88.284747] PCI Interrupt Link [GSIG] enabled at IRQ 22
[   88.630549] pcieport 0000:00:02.0: Signaling PME with IRQ 24
[   88.840015] pcieport 0000:00:02.0: AER enabled with IRQ 24
[   89.211680] pciehp 0000:00:02.0:pcie004: Slot #0 AttnBtn+ PwrCtrl+ MRL- AttnInd+ PwrInd+ HotPlug+ Surprise+ Interlock+ NoCompl- LLActRep+
[   90.218416] pcieport 0000:00:02.1: Signaling PME with IRQ 25
[   90.393321] pcieport 0000:00:02.1: AER enabled with IRQ 25
[   90.728530] pciehp 0000:00:02.1:pcie004: Slot #0 AttnBtn+ PwrCtrl+ MRL- AttnInd+ PwrInd+ HotPlug+ Surprise+ Interlock+ NoCompl- LLActRep+
[   91.379716] pcieport 0000:00:02.2: Signaling PME with IRQ 26
[   91.712454] pcieport 0000:00:02.2: AER enabled with IRQ 26
[   92.006801] pciehp 0000:00:02.2:pcie004: Slot #0 AttnBtn+ PwrCtrl+ MRL- AttnInd+ PwrInd+ HotPlug+ Surprise+ Interlock+ NoCompl- LLActRep+
[   92.930120] pcieport 0000:00:02.3: Signaling PME with IRQ 27
[   93.192319] pcieport 0000:00:02.3: AER enabled with IRQ 27
[   93.640595] pciehp 0000:00:02.3:pcie004: Slot #0 AttnBtn+ PwrCtrl+ MRL- AttnInd+ PwrInd+ HotPlug+ Surprise+ Interlock+ NoCompl- LLActRep+
[   94.312258] pcieport 0000:00:02.4: Signaling PME with IRQ 28
[   94.628746] pcieport 0000:00:02.4: AER enabled with IRQ 28
[   94.941559] pciehp 0000:00:02.4:pcie004: Slot #0 AttnBtn+ PwrCtrl+ MRL- AttnInd+ PwrInd+ HotPlug+ Surprise+ Interlock+ NoCompl- LLActRep+
[   95.859260] shpchp: Standard Hot Plug PCI Controller Driver version: 0.4
[   96.156675] efifb: probing for efifb
[   96.328816] efifb: framebuffer at 0xc0000000, using 1876k, total 1875k
[   96.682362] efifb: mode is 800x600x32, linelength=3200, pages=1
[   96.898437] efifb: scrolling: redraw
[   97.044127] efifb: Truecolor: size=8:8:8:8, shift=24:16:8:0
[   98.115784] Console: switching to colour frame buffer device 100x37
[   98.360326] fb0: EFI VGA frame buffer device
[   98.535502] Serial: 8250/16550 driver, 4 ports, IRQ sharing enabled
[   99.419348] 00:03: ttyS0 at I/O 0x3f8 (irq = 4, base_baud = 115200) is a 16550A
[   99.944660] Linux agpgart interface v0.103
[  100.168793] AMD IOMMUv2 driver by Joerg Roedel <jroedel@suse.de>
[  100.415815] AMD IOMMUv2 functionality not available on this system
[  100.731817] i8042: PNP: PS/2 Controller [PNP0303:KBD,PNP0f13:MOU] at 0x60,0x64 irq 1,12
[  101.334317] serio: i8042 KBD port at 0x60,0x64 irq 1
[  101.563786] serio: i8042 AUX port at 0x60,0x64 irq 12
[  101.924567] mousedev: PS/2 mouse device common for all mice
[  102.284144] rtc_cmos 00:00: RTC can wake from S4
[  102.719380] input: AT Translated Set 2 keyboard as /devices/platform/i8042/serio0/input/input0
[  103.188583] rtc_cmos 00:00: registered as rtc0
[  103.491704] rtc_cmos 00:00: alarms up to one day, y3k, 114 bytes nvram
[  103.851627] ledtrig-cpu: registered to indicate activity on CPUs
[  104.216387] NET: Registered protocol family 10
[  105.970533] Segment Routing with IPv6
[  106.092593] mip6: Mobile IPv6
[  106.250735] NET: Registered protocol family 17
[  106.404533] mpls_gso: MPLS GSO support
[  106.628465] mce: Using 10 MCE banks
[  106.734397] registered taskstats version 1
[  106.839265] Loading compiled-in X.509 certificates
[  107.174163] Loaded X.509 cert 'Debian Secure Boot CA: 6ccece7e4c6c0d1f6149f3dd27dfcc5cbb419ea1'
[  107.848617] Loaded X.509 cert 'Debian Secure Boot Signer: 00a7468def'
!!!! X64 Exception Type - 0E(#PF - Page-Fault)  CPU Apic ID - 00000000 !!!!
ExceptionData - 0000000000000003  I:0 R:0 U:0 W:1 P:1 PK:0 SS:0 SGX:0
RIP  - 000000003FFC8B50, CS  - 0000000000000038, RFLAGS - 0000000000010046
RAX  - 0000000000000200, RCX - 000000003F1FF000, RDX - 000000003F1FF063
RBX  - 000000003F000000, RSP - 000000003FFBBBC0, RBP - 0000000000004000
RSI  - 000000003FE06067, RDI - 0000000000000001
R8   - 000000003F000000, R9  - 0000000000001000, R10 - 8000000000000067
R11  - 0000000000000200, R12 - 0000000000001000, R13 - 0000000000000001
R14  - 000000003EC03FC0, R15 - 000000003FFD1F00
DS   - 0000000000000020, ES  - 0000000000000020, FS  - 0000000000000020
GS   - 0000000000000020, SS  - 0000000000000020
CR0  - 0000000080010033, CR2 - 000000003EC03FC0, CR3 - 000000003EC01000
CR4  - 0000000000000668, CR8 - 0000000000000000
DR0  - 0000000000000000, DR1 - 0000000000000000, DR2 - 0000000000000000
DR3  - 0000000000000000, DR6 - 00000000FFFF0FF0, DR7 - 0000000000000400
GDTR - 000000003FFAB000 000000000000004F, LDTR - 0000000000000000
IDTR - 000000003FFB5000 00000000000001FF,   TR - 0000000000000040
FXSAVE_STATE - 000000003FFB6C60

