BdsDxe: loading Boot0001 "UEFI Misc Device" from PciRoot(0x0)/Pci(0x2,0x2)/Pci(0x0,0x0)
BdsDxe: starting Boot0001 "UEFI Misc Device" from PciRoot(0x0)/Pci(0x2,0x2)/Pci(0x0,0x0)
error: Secure Boot forbids loading module from
(cd0)/boot/grub/x86_64-efi/part_acorn.mod.
error: Secure Boot forbids loading module from
(cd0)/boot/grub/x86_64-efi/part_amiga.mod.
error: Secure Boot forbids loading module from
(cd0)/boot/grub/x86_64-efi/part_bsd.mod.
error: Secure Boot forbids loading module from
(cd0)/boot/grub/x86_64-efi/part_dfly.mod.
error: Secure Boot forbids loading module from
(cd0)/boot/grub/x86_64-efi/part_dvh.mod.
error: Secure Boot forbids loading module from
(cd0)/boot/grub/x86_64-efi/part_plan.mod.
error: Secure Boot forbids loading module from
(cd0)/boot/grub/x86_64-efi/part_sun.mod.
error: Secure Boot forbids loading module from
(cd0)/boot/grub/x86_64-efi/part_sunpc.mod.
EFI stub: UEFI Secure Boot is enabled.
[    0.000000] Linux version 4.19.0-9-amd64 (debian-kernel@lists.debian.org) (gcc version 8.3.0 (Debian 8.3.0-6)) #1 SMP Debian 4.19.118-2 (2020-04-29)
[    0.000000] Command line: BOOT_IMAGE=/install.amd/vmlinuz init=/bin/ash console=tty1 console=ttyS0
[    0.000000] x86/fpu: Supporting XSAVE feature 0x001: 'x87 floating point registers'
[    0.000000] x86/fpu: Supporting XSAVE feature 0x002: 'SSE registers'
[    0.000000] x86/fpu: Supporting XSAVE feature 0x004: 'AVX registers'
[    0.000000] x86/fpu: xstate_offset[2]:  576, xstate_sizes[2]:  256
[    0.000000] x86/fpu: Enabled xstate features 0x7, context size is 832 bytes, using 'standard' format.
[    0.000000] BIOS-provided physical RAM map:
[    0.000000] BIOS-e820: [mem 0x0000000000000000-0x000000000009ffff] usable
[    0.000000] BIOS-e820: [mem 0x0000000000100000-0x000000003da5ffff] usable
[    0.000000] BIOS-e820: [mem 0x000000003da60000-0x000000003da73fff] reserved
[    0.000000] BIOS-e820: [mem 0x000000003da74000-0x000000003dac7fff] usable
[    0.000000] BIOS-e820: [mem 0x000000003dac8000-0x000000003db19fff] reserved
[    0.000000] BIOS-e820: [mem 0x000000003db1a000-0x000000003eb99fff] usable
[    0.000000] BIOS-e820: [mem 0x000000003eb9a000-0x000000003ebf1fff] reserved
[    0.000000] BIOS-e820: [mem 0x000000003ebf2000-0x000000003ebf9fff] ACPI data
[    0.000000] BIOS-e820: [mem 0x000000003ebfa000-0x000000003ebfdfff] ACPI NVS
[    0.000000] BIOS-e820: [mem 0x000000003ebfe000-0x000000003effffff] usable
[    0.000000] BIOS-e820: [mem 0x000000003f000000-0x000000003fffffff] reserved
[    0.000000] BIOS-e820: [mem 0x00000000b0000000-0x00000000bfffffff] reserved
[    0.000000] NX (Execute Disable) protection: active
[    0.000000] extended physical RAM map:
[    0.000000] reserve setup_data: [mem 0x0000000000000000-0x000000000009ffff] usable
[    0.000000] reserve setup_data: [mem 0x0000000000100000-0x000000003d7ad017] usable
[    0.000000] reserve setup_data: [mem 0x000000003d7ad018-0x000000003d7b6657] usable
[    0.000000] reserve setup_data: [mem 0x000000003d7b6658-0x000000003da5ffff] usable
[    0.000000] reserve setup_data: [mem 0x000000003da60000-0x000000003da73fff] reserved
[    0.000000] reserve setup_data: [mem 0x000000003da74000-0x000000003dac7fff] usable
[    0.000000] reserve setup_data: [mem 0x000000003dac8000-0x000000003db19fff] reserved
[    0.000000] reserve setup_data: [mem 0x000000003db1a000-0x000000003eb99fff] usable
[    0.000000] reserve setup_data: [mem 0x000000003eb9a000-0x000000003ebf1fff] reserved
[    0.000000] reserve setup_data: [mem 0x000000003ebf2000-0x000000003ebf9fff] ACPI data
[    0.000000] reserve setup_data: [mem 0x000000003ebfa000-0x000000003ebfdfff] ACPI NVS
[    0.000000] reserve setup_data: [mem 0x000000003ebfe000-0x000000003effffff] usable
[    0.000000] reserve setup_data: [mem 0x000000003f000000-0x000000003fffffff] reserved
[    0.000000] reserve setup_data: [mem 0x00000000b0000000-0x00000000bfffffff] reserved
[    0.000000] efi: EFI v2.70 by EDK II
[    0.000000] efi:  SMBIOS=0x3ebd2000  ACPI=0x3ebf9000  ACPI 2.0=0x3ebf9014  MEMATTR=0x3dd68218 
[    0.000000] secureboot: Secure boot enabled
[    0.000000] Kernel is locked down from EFI secure boot; see https://wiki.debian.org/SecureBoot
[    0.000000] SMBIOS 2.8 present.
[    0.000000] DMI: KubeVirt None/RHEL-AV, BIOS 0.0.0 02/06/2015
[    0.000000] Hypervisor detected: KVM
[    0.000000] kvm-clock: Using msrs 4b564d01 and 4b564d00
[    0.000010] kvm-clock: cpu 0, msr 11de8001, primary cpu clock
[    0.000010] kvm-clock: using sched offset of 453951925743 cycles
[    0.001670] clocksource: kvm-clock: mask: 0xffffffffffffffff max_cycles: 0x1cd42e4dffb, max_idle_ns: 881590591483 ns
[    0.004616] tsc: Detected 2394.454 MHz processor
[    0.045649] last_pfn = 0x3f000 max_arch_pfn = 0x400000000
[    0.070929] x86/PAT: Configuration [0-7]: WB  WC  UC- UC  WB  WP  UC- WT  
[    0.132534] Using GB pages for direct mapping
[    0.136729] RAMDISK: [mem 0x29117000-0x2bd7bfff]
[    0.142022] ACPI: Early table checksum verification disabled
[    0.147543] ACPI: RSDP 0x000000003EBF9014 000024 (v02 BOCHS )
[    0.148083] ACPI: XSDT 0x000000003EBF80E8 000044 (v01 BOCHS  BXPCFACP 00000001      01000013)
[    0.149582] ACPI: FACP 0x000000003EBF5000 0000F4 (v03 BOCHS  BXPCFACP 00000001 BXPC 00000001)
[    0.150639] ACPI: DSDT 0x000000003EBF6000 001EBE (v01 BOCHS  BXPCDSDT 00000001 BXPC 00000001)
[    0.150697] ACPI: FACS 0x000000003EBFC000 000040
[    0.150784] ACPI: APIC 0x000000003EBF4000 000078 (v01 BOCHS  BXPCAPIC 00000001 BXPC 00000001)
[    0.150850] ACPI: MCFG 0x000000003EBF3000 00003C (v01 BOCHS  BXPCMCFG 00000001 BXPC 00000001)
[    0.150912] ACPI: BGRT 0x000000003EBF2000 000038 (v01 INTEL  EDK2     00000002      01000013)
[    0.237742] No NUMA configuration found
[    0.237773] Faking a node at [mem 0x0000000000000000-0x000000003effffff]
[    0.237875] NODE_DATA(0) allocated [mem 0x3ef81000-0x3ef85fff]
[    0.253678] Zone ranges:
[    0.254601]   DMA      [mem 0x0000000000001000-0x0000000000ffffff]
[    0.254607]   DMA32    [mem 0x0000000001000000-0x000000003effffff]
[    0.254609]   Normal   empty
[    0.254612]   Device   empty
[    0.255575] Movable zone start for each node
[    0.255583] Early memory node ranges
[    0.255585]   node   0: [mem 0x0000000000001000-0x000000000009ffff]
[    0.255586]   node   0: [mem 0x0000000000100000-0x000000003da5ffff]
[    0.255586]   node   0: [mem 0x000000003da74000-0x000000003dac7fff]
[    0.255587]   node   0: [mem 0x000000003db1a000-0x000000003eb99fff]
[    0.255588]   node   0: [mem 0x000000003ebfe000-0x000000003effffff]
[    0.256811] Zeroed struct page in unavailable ranges: 4395 pages
[    0.256823] Initmem setup node 0 [mem 0x0000000000001000-0x000000003effffff]
[    1.145610] ACPI: PM-Timer IO Port: 0x608
[    1.147466] ACPI: LAPIC_NMI (acpi_id[0xff] dfl dfl lint[0x1])
[    1.159610] IOAPIC[0]: apic_id 0, version 17, address 0xfec00000, GSI 0-23
[    1.160643] ACPI: INT_SRC_OVR (bus 0 bus_irq 0 global_irq 2 dfl dfl)
[    1.163687] ACPI: INT_SRC_OVR (bus 0 bus_irq 5 global_irq 5 high level)
[    1.163696] ACPI: INT_SRC_OVR (bus 0 bus_irq 9 global_irq 9 high level)
[    1.164696] ACPI: INT_SRC_OVR (bus 0 bus_irq 10 global_irq 10 high level)
[    1.164700] ACPI: INT_SRC_OVR (bus 0 bus_irq 11 global_irq 11 high level)
[    1.164736] Using ACPI (MADT) for SMP configuration information
[    1.165769] smpboot: Allowing 1 CPUs, 0 hotplug CPUs
[    1.174953] PM: Registered nosave memory: [mem 0x00000000-0x00000fff]
[    1.174962] PM: Registered nosave memory: [mem 0x000a0000-0x000fffff]
[    1.174964] PM: Registered nosave memory: [mem 0x3d7ad000-0x3d7adfff]
[    1.174966] PM: Registered nosave memory: [mem 0x3d7b6000-0x3d7b6fff]
[    1.174967] PM: Registered nosave memory: [mem 0x3da60000-0x3da73fff]
[    1.174969] PM: Registered nosave memory: [mem 0x3dac8000-0x3db19fff]
[    1.174970] PM: Registered nosave memory: [mem 0x3dc4c000-0x3dc72fff]
[    1.174971] PM: Registered nosave memory: [mem 0x3eb9a000-0x3ebf1fff]
[    1.174972] PM: Registered nosave memory: [mem 0x3ebf2000-0x3ebf9fff]
[    1.174973] PM: Registered nosave memory: [mem 0x3ebfa000-0x3ebfdfff]
[    1.174989] [mem 0x40000000-0xafffffff] available for PCI devices
[    1.175021] Booting paravirtualized kernel on KVM
[    1.176722] clocksource: refined-jiffies: mask: 0xffffffff max_cycles: 0xffffffff, max_idle_ns: 7645519600211568 ns
[    1.712535] random: get_random_bytes called from start_kernel+0x93/0x52c with crng_init=0
[    1.712690] setup_percpu: NR_CPUS:512 nr_cpumask_bits:512 nr_cpu_ids:1 nr_node_ids:1
[    1.728762] percpu: Embedded 45 pages/cpu s144408 r8192 d31720 u2097152
[    1.732894] KVM setup async PF for cpu 0
[    1.734806] kvm-stealtime: cpu 0, msr 3e6161c0
[    1.737628] Built 1 zonelists, mobility grouping on.  Total pages: 251679
[    1.737641] Policy zone: DMA32
[    1.737919] Kernel command line: BOOT_IMAGE=/install.amd/vmlinuz init=/bin/ash console=tty1 console=ttyS0
[    1.784657] Memory: 923084K/1030996K available (10252K kernel code, 1241K rwdata, 3316K rodata, 1588K init, 2276K bss, 107912K reserved, 0K cma-reserved)
[    1.792427] SLUB: HWalign=64, Order=0-3, MinObjects=0, CPUs=1, Nodes=1
[    1.793531] Kernel/User page tables isolation: enabled
[    1.795674] ftrace: allocating 31879 entries in 125 pages
[    3.037573] rcu: Hierarchical RCU implementation.
[    3.038611] rcu:     RCU restricting CPUs from NR_CPUS=512 to nr_cpu_ids=1.
[    3.039660] rcu: Adjusting geometry for rcu_fanout_leaf=16, nr_cpu_ids=1
[    3.145366] NR_IRQS: 33024, nr_irqs: 256, preallocated irqs: 16
[    3.154838] Console: colour dummy device 80x25
[    3.154994] console [tty1] enabled
[   24.399042] console [ttyS0] enabled
[   24.494779] ACPI: Core revision 20180810
[   24.602799] APIC: Switch to symmetric I/O mode setup
[   24.886668] x2apic enabled
[   25.044173] Switched APIC routing to physical x2apic.
[   25.520990] ..TIMER: vector=0x30 apic1=0 pin1=2 apic2=-1 pin2=-1
[   25.668820] clocksource: tsc-early: mask: 0xffffffffffffffff max_cycles: 0x2283c0783fd, max_idle_ns: 440795301468 ns
[   25.952045] Calibrating delay loop (skipped) preset value.. 4788.90 BogoMIPS (lpj=9577816)
[   25.962210] pid_max: default: 32768 minimum: 301
[   25.986319] Security Framework initialized
[   25.990212] Yama: disabled by default; enable with sysctl kernel.yama.*
[   26.003153] AppArmor: AppArmor initialized
[   26.007722] Dentry cache hash table entries: 131072 (order: 8, 1048576 bytes)
[   26.022254] Inode-cache hash table entries: 65536 (order: 7, 524288 bytes)
[   26.026664] Mount-cache hash table entries: 2048 (order: 2, 16384 bytes)
[   26.030207] Mountpoint-cache hash table entries: 2048 (order: 2, 16384 bytes)
[   26.074751] x86/cpu: Activated the Intel User Mode Instruction Prevention (UMIP) CPU feature
[   26.110189] Last level iTLB entries: 4KB 0, 2MB 0, 4MB 0
[   26.114196] Last level dTLB entries: 4KB 0, 2MB 0, 4MB 0, 1GB 0
[   26.122315] Spectre V1 : Mitigation: usercopy/swapgs barriers and __user pointer sanitization
[   26.126207] Spectre V2 : Mitigation: Full generic retpoline
[   26.130196] Spectre V2 : Spectre v2 / SpectreRSB mitigation: Filling RSB on context switch
[   26.134196] Spectre V2 : Enabling Restricted Speculation for firmware calls
[   26.142295] Spectre V2 : mitigation: Enabling conditional Indirect Branch Prediction Barrier
[   26.146197] Speculative Store Bypass: Mitigation: Speculative Store Bypass disabled via prctl and seccomp
[   26.166236] MDS: Vulnerable: Clear CPU buffers attempted, no microcode
[   26.238399] Freeing SMP alternatives memory: 24K
[   26.298189] smpboot: CPU0: Intel Core Processor (Haswell, no TSX, IBRS) (family: 0x6, model: 0x3c, stepping: 0x1)
[   26.301458] Performance Events: unsupported p6 CPU model 60 no PMU driver, software events only.
[   26.307086] rcu: Hierarchical SRCU implementation.
[   26.346057] random: crng done (trusting CPU's manufacturer)
[   26.347483] NMI watchdog: Perf NMI watchdog permanently disabled
[   26.351117] smp: Bringing up secondary CPUs ...
[   26.354595] smp: Brought up 1 node, 1 CPU
[   26.358604] smpboot: Max logical packages: 1
[   26.363022] smpboot: Total of 1 processors activated (4788.90 BogoMIPS)
[   26.372425] devtmpfs: initialized
[   26.375390] x86/mm: Memory block size: 128MB
[   26.382157] PM: Registering ACPI NVS region [mem 0x3ebfa000-0x3ebfdfff] (16384 bytes)
[   26.385318] clocksource: jiffies: mask: 0xffffffff max_cycles: 0xffffffff, max_idle_ns: 7645041785100000 ns
[   26.386798] futex hash table entries: 256 (order: 2, 16384 bytes)
[   26.392071] pinctrl core: initialized pinctrl subsystem
[   26.396268] NET: Registered protocol family 16
[   26.399464] audit: initializing netlink subsys (disabled)
[   26.404969] cpuidle: using governor ladder
[   26.407073] cpuidle: using governor menu
[   26.411790] audit: type=2000 audit(1602901033.063:1): state=initialized audit_enabled=0 res=1
[   26.416171] ACPI: bus type PCI registered
[   26.418679] acpiphp: ACPI Hot Plug PCI Controller Driver version: 0.5
[   26.434110] PCI: MMCONFIG for domain 0000 [bus 00-ff] at [mem 0xb0000000-0xbfffffff] (base 0xb0000000)
[   26.434629] PCI: MMCONFIG at [mem 0xb0000000-0xbfffffff] reserved in E820
[   26.438630] PCI: Using configuration type 1 for base access
[   26.449044] HugeTLB registered 1.00 GiB page size, pre-allocated 0 pages
[   26.450598] HugeTLB registered 2.00 MiB page size, pre-allocated 0 pages
[   26.459757] ACPI: Added _OSI(Module Device)
[   26.463102] ACPI: Added _OSI(Processor Device)
[   26.467670] ACPI: Added _OSI(3.0 _SCP Extensions)
[   26.471316] ACPI: Added _OSI(Processor Aggregator Device)
[   26.475307] ACPI: Added _OSI(Linux-Dell-Video)
[   26.478586] ACPI: Added _OSI(Linux-Lenovo-NV-HDMI-Audio)
[   26.484430] ACPI: 1 ACPI AML tables successfully acquired and loaded
[   26.520422] ACPI: Interpreter enabled
[   26.523163] ACPI: (supports S0 S5)
[   26.526586] ACPI: Using IOAPIC for interrupt routing
[   26.530677] PCI: Using host bridge windows from ACPI; if necessary, use "pci=nocrs" and report a bug
[   26.536341] ACPI: Enabled 1 GPEs in block 00 to 3F
[   26.591067] ACPI: PCI Root Bridge [PCI0] (domain 0000 [bus 00-ff])
[   26.594630] acpi PNP0A08:00: _OSC: OS supports [ExtendedConfig ASPM ClockPM Segments MSI]
[   26.598679] acpi PNP0A08:00: _OSC: platform does not support [LTR]
[   26.603316] acpi PNP0A08:00: _OSC: OS now controls [PCIeHotplug SHPCHotplug PME AER PCIeCapability]
[   26.616570] PCI host bridge to bus 0000:00
[   26.619127] pci_bus 0000:00: root bus resource [io  0x0000-0x0cf7 window]
[   26.622620] pci_bus 0000:00: root bus resource [io  0x0d00-0xffff window]
[   26.626950] pci_bus 0000:00: root bus resource [mem 0x000a0000-0x000bffff window]
[   26.631801] pci_bus 0000:00: root bus resource [mem 0x40000000-0xafffffff window]
[   26.634580] pci_bus 0000:00: root bus resource [mem 0xc0000000-0xfebfffff window]
[   26.638602] pci_bus 0000:00: root bus resource [mem 0x800000000-0xfffffffff window]
[   26.642975] pci_bus 0000:00: root bus resource [bus 00-ff]
[   27.016920] pci 0000:00:01.0: BAR 0: assigned to efifb
[   28.235935] pci 0000:00:1f.0: quirk: [io  0x0600-0x067f] claimed by ICH6 ACPI/GPIO/TCO
[   28.250189] pci 0000:00:1f.0: quirk_ich7_lpc+0x0/0x60 took 15625 usecs
[   28.983282] pci 0000:00:02.0: PCI bridge to [bus 01]
[   29.396920] pci 0000:00:02.1: PCI bridge to [bus 02]
[   29.854993] pci 0000:00:02.2: PCI bridge to [bus 03]
[   30.247017] pci 0000:00:02.3: PCI bridge to [bus 04]
[   30.306937] pci 0000:00:02.4: PCI bridge to [bus 05]
[   30.415017] ACPI: PCI Interrupt Link [LNKA] (IRQs 5 *10 11)
[   30.427032] ACPI: PCI Interrupt Link [LNKB] (IRQs 5 *10 11)
[   30.439432] ACPI: PCI Interrupt Link [LNKC] (IRQs 5 10 *11)
[   30.450974] ACPI: PCI Interrupt Link [LNKD] (IRQs 5 10 *11)
[   30.462626] ACPI: PCI Interrupt Link [LNKE] (IRQs 5 *10 11)
[   30.475059] ACPI: PCI Interrupt Link [LNKF] (IRQs 5 *10 11)
[   30.484718] ACPI: PCI Interrupt Link [LNKG] (IRQs 5 10 *11)
[   30.494962] ACPI: PCI Interrupt Link [LNKH] (IRQs 5 10 *11)
[   30.503222] ACPI: PCI Interrupt Link [GSIA] (IRQs *16)
[   30.506601] ACPI: PCI Interrupt Link [GSIB] (IRQs *17)
[   30.510620] ACPI: PCI Interrupt Link [GSIC] (IRQs *18)
[   30.514613] ACPI: PCI Interrupt Link [GSID] (IRQs *19)
[   30.519028] ACPI: PCI Interrupt Link [GSIE] (IRQs *20)
[   30.522688] ACPI: PCI Interrupt Link [GSIF] (IRQs *21)
[   30.526616] ACPI: PCI Interrupt Link [GSIG] (IRQs *22)
[   30.531035] ACPI: PCI Interrupt Link [GSIH] (IRQs *23)
[   30.614189] pci 0000:00:01.0: vgaarb: setting as boot VGA device
[   30.614189] pci 0000:00:01.0: vgaarb: VGA device added: decodes=io+mem,owns=io+mem,locks=none
[   30.614607] pci 0000:00:01.0: vgaarb: bridge control possible
[   30.618581] vgaarb: loaded
[   30.660910] pps_core: LinuxPPS API ver. 1 registered
[   30.662581] pps_core: Software ver. 5.3.6 - Copyright 2005-2007 Rodolfo Giometti <giometti@linux.it>
[   30.667497] PTP clock support registered
[   30.671595] EDAC MC: Ver: 3.0.0
[   30.762045] Registered efivars operations
[   30.773131] PCI: Using ACPI for IRQ routing
[   43.658623] pci 0000:00:1f.2: can't claim BAR 4 [io  0xa240-0xa25f]: address conflict with PCI Bus 0000:01 [io  0xa000-0xafff]
[   43.666922] pci 0000:00:1f.3: can't claim BAR 4 [io  0xa200-0xa23f]: address conflict with PCI Bus 0000:01 [io  0xa000-0xafff]
[   43.784935] clocksource: Switched to clocksource kvm-clock
[   44.189841] VFS: Disk quotas dquot_6.6.0
[   44.324793] VFS: Dquot-cache hash table entries: 512 (order 0, 4096 bytes)
[   44.504679] AppArmor: AppArmor Filesystem Enabled
[   44.635974] pnp: PnP ACPI init
[   44.741593] pnp: PnP ACPI: found 4 devices
[   44.885842] clocksource: acpi_pm: mask: 0xffffff max_cycles: 0xffffff, max_idle_ns: 2085701024 ns
[   45.073922] pci 0000:00:01.0: can't claim BAR 6 [mem 0xffff0000-0xffffffff pref]: no compatible bridge window
[   45.380691] pci 0000:00:02.4: BAR 15: assigned [mem 0x800400000-0x8005fffff 64bit pref]
[   45.604649] pci 0000:00:01.0: BAR 6: assigned [mem 0x40000000-0x4000ffff pref]
[   45.794090] pci 0000:00:1f.3: BAR 4: assigned [io  0x1000-0x103f]
[   45.935726] pci 0000:00:1f.2: BAR 4: assigned [io  0x1040-0x105f]
[   46.085945] pci 0000:00:02.0: PCI bridge to [bus 01]
[   46.234028] pci 0000:00:02.0:   bridge window [io  0xa000-0xafff]
[   46.377923] pci 0000:00:02.0:   bridge window [mem 0xc1800000-0xc19fffff]
[   46.581206] pci 0000:00:02.0:   bridge window [mem 0x800000000-0x8000fffff 64bit pref]
[   46.856207] pci 0000:00:02.1: PCI bridge to [bus 02]
[   47.004559] pci 0000:00:02.1:   bridge window [io  0x9000-0x9fff]
[   47.163069] pci 0000:00:02.1:   bridge window [mem 0xc1600000-0xc17fffff]
[   47.352913] pci 0000:00:02.1:   bridge window [mem 0x800100000-0x8001fffff 64bit pref]
[   47.575688] pci 0000:00:02.2: PCI bridge to [bus 03]
[   47.709697] pci 0000:00:02.2:   bridge window [io  0x8000-0x8fff]
[   47.880598] pci 0000:00:02.2:   bridge window [mem 0xc1400000-0xc15fffff]
[   48.087876] pci 0000:00:02.2:   bridge window [mem 0x800200000-0x8002fffff 64bit pref]
[   48.328562] pci 0000:00:02.3: PCI bridge to [bus 04]
[   48.452569] pci 0000:00:02.3:   bridge window [io  0x7000-0x7fff]
[   48.596575] pci 0000:00:02.3:   bridge window [mem 0xc1200000-0xc13fffff]
[   48.832545] pci 0000:00:02.3:   bridge window [mem 0x800300000-0x8003fffff 64bit pref]
[   49.139615] pci 0000:00:02.4: PCI bridge to [bus 05]
[   49.347684] pci 0000:00:02.4:   bridge window [io  0x6000-0x6fff]
[   49.535776] pci 0000:00:02.4:   bridge window [mem 0xc1000000-0xc11fffff]
[   49.728054] pci 0000:00:02.4:   bridge window [mem 0x800400000-0x8005fffff 64bit pref]
[   49.960014] NET: Registered protocol family 2
[   50.111683] tcp_listen_portaddr_hash hash table entries: 512 (order: 1, 8192 bytes)
[   50.275053] TCP established hash table entries: 8192 (order: 4, 65536 bytes)
[   50.436922] TCP bind hash table entries: 8192 (order: 5, 131072 bytes)
[   50.589965] TCP: Hash tables configured (established 8192 bind 8192)
[   50.736615] UDP hash table entries: 512 (order: 2, 16384 bytes)
[   50.868857] UDP-Lite hash table entries: 512 (order: 2, 16384 bytes)
[   51.017591] NET: Registered protocol family 1
[   51.128026] NET: Registered protocol family 44
[   51.279783] pci 0000:00:01.0: Video device with shadowed ROM at [mem 0x000c0000-0x000dffff]
[   51.598421] pci 0000:00:01.0: pci_fixup_video+0x0/0x110 took 319444 usecs
[   51.843708] Unpacking initramfs...
[   55.313404] Freeing initrd memory: 45460K
[   55.416609] clocksource: tsc: mask: 0xffffffffffffffff max_cycles: 0x2283c0783fd, max_idle_ns: 440795301468 ns
[   55.685474] Initialise system trusted keyrings
[   55.793581] Key type blacklist registered
[   55.888612] workingset: timestamp_bits=40 max_order=18 bucket_order=0
[   56.044634] zbud: loaded
[   56.507611] Key type asymmetric registered
[   56.615321] Asymmetric key parser 'x509' registered
[   56.732400] Block layer SCSI generic (bsg) driver version 0.4 loaded (major 247)
[   56.904805] io scheduler noop registered
[   56.988749] io scheduler deadline registered
[   57.091844] io scheduler cfq registered (default)
[   57.228773] io scheduler mq-deadline registered
[   57.351833] PCI Interrupt Link [GSIG] enabled at IRQ 22
[   57.554753] pcieport 0000:00:02.0: Signaling PME with IRQ 24
[   57.720309] pcieport 0000:00:02.0: AER enabled with IRQ 24
[   57.844330] pciehp 0000:00:02.0:pcie004: Slot #0 AttnBtn+ PwrCtrl+ MRL- AttnInd+ PwrInd+ HotPlug+ Surprise+ Interlock+ NoCompl- LLActRep+
[   58.311506] pcieport 0000:00:02.1: Signaling PME with IRQ 25
[   58.501415] pcieport 0000:00:02.1: AER enabled with IRQ 25
[   58.632351] pciehp 0000:00:02.1:pcie004: Slot #0 AttnBtn+ PwrCtrl+ MRL- AttnInd+ PwrInd+ HotPlug+ Surprise+ Interlock+ NoCompl- LLActRep+
[   59.256723] pcieport 0000:00:02.2: Signaling PME with IRQ 26
[   59.481401] pcieport 0000:00:02.2: AER enabled with IRQ 26
[   59.613445] pciehp 0000:00:02.2:pcie004: Slot #0 AttnBtn+ PwrCtrl+ MRL- AttnInd+ PwrInd+ HotPlug+ Surprise+ Interlock+ NoCompl- LLActRep+
[   60.067480] pcieport 0000:00:02.3: Signaling PME with IRQ 27
[   60.233056] pcieport 0000:00:02.3: AER enabled with IRQ 27
[   60.404517] pciehp 0000:00:02.3:pcie004: Slot #0 AttnBtn+ PwrCtrl+ MRL- AttnInd+ PwrInd+ HotPlug+ Surprise+ Interlock+ NoCompl- LLActRep+
[   60.891273] pcieport 0000:00:02.4: Signaling PME with IRQ 28
[   61.071620] pcieport 0000:00:02.4: AER enabled with IRQ 28
[   61.202044] pciehp 0000:00:02.4:pcie004: Slot #0 AttnBtn+ PwrCtrl+ MRL- AttnInd+ PwrInd+ HotPlug+ Surprise+ Interlock+ NoCompl- LLActRep+
[   61.664257] shpchp: Standard Hot Plug PCI Controller Driver version: 0.4
[   61.836503] efifb: probing for efifb
[   61.932157] efifb: framebuffer at 0xc0000000, using 1876k, total 1875k
[   62.092321] efifb: mode is 800x600x32, linelength=3200, pages=1
[   62.232058] efifb: scrolling: redraw
[   62.348578] efifb: Truecolor: size=8:8:8:8, shift=24:16:8:0
[   63.117235] Console: switching to colour frame buffer device 100x37
[   63.320162] fb0: EFI VGA frame buffer device
[   63.495548] Serial: 8250/16550 driver, 4 ports, IRQ sharing enabled
[   64.185130] 00:03: ttyS0 at I/O 0x3f8 (irq = 4, base_baud = 115200) is a 16550A
[   64.394041] Linux agpgart interface v0.103
[   64.500444] AMD IOMMUv2 driver by Joerg Roedel <jroedel@suse.de>
[   64.647500] AMD IOMMUv2 functionality not available on this system
[   64.821188] i8042: PNP: PS/2 Controller [PNP0303:KBD,PNP0f13:MOU] at 0x60,0x64 irq 1,12
[   65.171342] serio: i8042 KBD port at 0x60,0x64 irq 1
[   65.293103] serio: i8042 AUX port at 0x60,0x64 irq 12
[   65.409307] mousedev: PS/2 mouse device common for all mice
[   65.553307] rtc_cmos 00:00: RTC can wake from S4
[   65.686199] input: AT Translated Set 2 keyboard as /devices/platform/i8042/serio0/input/input0
[   65.966001] rtc_cmos 00:00: registered as rtc0
[   66.086242] rtc_cmos 00:00: alarms up to one day, y3k, 114 bytes nvram
[   66.233961] ledtrig-cpu: registered to indicate activity on CPUs
[   66.373253] NET: Registered protocol family 10
[   66.785167] Segment Routing with IPv6
[   66.876287] mip6: Mobile IPv6
[   66.949113] NET: Registered protocol family 17
[   67.053150] mpls_gso: MPLS GSO support
[   67.152234] mce: Using 10 MCE banks
[   67.249168] registered taskstats version 1
[   67.348335] Loading compiled-in X.509 certificates
[   67.577316] Loaded X.509 cert 'Debian Secure Boot CA: 6ccece7e4c6c0d1f6149f3dd27dfcc5cbb419ea1'
[   67.763998] Loaded X.509 cert 'Debian Secure Boot Signer: 00a7468def'
[   68.016212] Loaded UEFI:db cert 'Microsoft Windows Production PCA 2011: a92902398e16c49778cd90f99e4f9ae17c55af53' linked to secondary sys keyring
[   68.313072] Loaded UEFI:db cert 'Microsoft Corporation UEFI CA 2011: 13adbf4309bd82709c8cd54f316ed522988a1bd4' linked to secondary sys keyring
[   68.668235] zswap: loaded using pool lzo/zbud
[   68.792100] AppArmor: AppArmor sha1 policy hashing enabled
[   68.992061] rtc_cmos 00:00: setting system clock to 2020-10-17 02:18:41 UTC (1602901121)
[   69.268996] Lockdown: Hibernation is restricted; see https://wiki.debian.org/SecureBoot
[   69.527905] Unstable clock detected, switching default tracing clock to "global"
[   69.527905] If you want to keep using the local clock, then add:
[   69.527905]   "trace_clock=local"
[   69.527905] on the kernel command line
[   70.312145] Freeing unused kernel image memory: 1588K
[   70.435333] Write protecting the kernel read-only data: 16384k
[   71.124253] Freeing unused kernel image memory: 2028K
[   71.456752] Freeing unused kernel image memory: 780K
[   71.661225] x86/mm: Checked W+X mappings: passed, no W+X pages found.
[   71.820176] x86/mm: Checking user space page tables
[   71.952050] x86/mm: Checked W+X mappings: passed, no W+X pages found.
[   72.099779] Run /init as init process
[   74.776884] input: VirtualPS/2 VMware VMMouse as /devices/platform/i8042/serio1/input/input3
[   75.050155] SCSI subsystem initialized
[   75.495669] input: VirtualPS/2 VMware VMMouse as /devices/platform/i8042/serio1/input/input2
[   76.188861] PCI Interrupt Link [GSIA] enabled at IRQ 16
[   76.776723] ahci 0000:00:1f.2: AHCI 0001.0000 32 slots 6 ports 1.5 Gbps 0x3f impl SATA mode
[   76.988111] ahci 0000:00:1f.2: flags: 64bit ncq only 
[   77.563762] virtio_blk virtio2: [vda] 272384 512-byte logical blocks (139 MB/133 MiB)
[   77.998098]  vda: vda1 vda2
[   78.453673] scsi host0: ahci
[   78.643654] scsi host1: ahci
[   78.833549] scsi host2: ahci
[   79.077853] scsi host3: ahci
[   79.315759] scsi host4: ahci
[   79.477462] scsi host5: ahci
[   79.672446] ata1: SATA max UDMA/133 abar m4096@0xc1a10000 port 0xc1a10100 irq 29
[   79.852030] ata2: SATA max UDMA/133 abar m4096@0xc1a10000 port 0xc1a10180 irq 29
[   80.020884] ata3: SATA max UDMA/133 abar m4096@0xc1a10000 port 0xc1a10200 irq 29
[   80.181981] ata4: SATA max UDMA/133 abar m4096@0xc1a10000 port 0xc1a10280 irq 29
[   80.347756] ata5: SATA max UDMA/133 abar m4096@0xc1a10000 port 0xc1a10300 irq 29
[   80.512611] ata6: SATA max UDMA/133 abar m4096@0xc1a10000 port 0xc1a10380 irq 29
[   81.101398] ata2: SATA link down (SStatus 0 SControl 300)
[   81.253658] ata1: SATA link down (SStatus 0 SControl 300)
[   81.405394] ata4: SATA link down (SStatus 0 SControl 300)
[   81.624431] ata6: SATA link down (SStatus 0 SControl 300)
[   81.860660] ata3: SATA link down (SStatus 0 SControl 300)
[   82.036238] ata5: SATA link down (SStatus 0 SControl 300)


BusyBox v1.30.1 (Debian 1:1.30.1-4) built-in shell (ash)
Enter 'help' for a list of built-in commands.

/bin/ash: can't access tty; job control turned off

