BdsDxe: loading Boot0001 "UEFI Misc Device" from PciRoot(0x0)/Pci(0x2,0x2)/Pci(0x0,0x0)
BdsDxe: starting Boot0001 "UEFI Misc Device" from PciRoot(0x0)/Pci(0x2,0x2)/Pci(0x0,0x0)
error: Secure Boot forbids loading module from
(cd0)/boot/grub/x86_64-efi/part_acorn.mod.
error: Secure Boot forbids loading module from
(cd0)/boot/grub/x86_64-efi/part_amiga.mod.
error: Secure Boot forbids loading module from
(cd0)/boot/grub/x86_64-efi/part_bsd.mod.
error: Secure Boot forbids loading module from
(cd0)/boot/grub/x86_64-efi/part_dfly.mod.
error: Secure Boot forbids loading module from
(cd0)/boot/grub/x86_64-efi/part_dvh.mod.
error: Secure Boot forbids loading module from
(cd0)/boot/grub/x86_64-efi/part_plan.mod.
error: Secure Boot forbids loading module from
(cd0)/boot/grub/x86_64-efi/part_sun.mod.
error: Secure Boot forbids loading module from
(cd0)/boot/grub/x86_64-efi/part_sunpc.mod.
EFI stub: UEFI Secure Boot is enabled.
[    0.000000] Linux version 4.19.0-9-amd64 (debian-kernel@lists.debian.org) (gcc version 8.3.0 (Debian 8.3.0-6)) #1 SMP Debian 4.19.118-2 (2020-04-29)
[    0.000000] Command line: BOOT_IMAGE=/install.amd/vmlinuz init=/bin/ash console=tty1 console=ttyS0
[    0.000000] x86/fpu: Supporting XSAVE feature 0x001: 'x87 floating point registers'
[    0.000000] x86/fpu: Supporting XSAVE feature 0x002: 'SSE registers'
[    0.000000] x86/fpu: Supporting XSAVE feature 0x004: 'AVX registers'
[    0.000000] x86/fpu: xstate_offset[2]:  576, xstate_sizes[2]:  256
[    0.000000] x86/fpu: Enabled xstate features 0x7, context size is 832 bytes, using 'standard' format.
[    0.000000] BIOS-provided physical RAM map:
[    0.000000] BIOS-e820: [mem 0x0000000000000000-0x000000000009ffff] usable
[    0.000000] BIOS-e820: [mem 0x0000000000100000-0x000000003da5ffff] usable
[    0.000000] BIOS-e820: [mem 0x000000003da60000-0x000000003da73fff] reserved
[    0.000000] BIOS-e820: [mem 0x000000003da74000-0x000000003dac7fff] usable
[    0.000000] BIOS-e820: [mem 0x000000003dac8000-0x000000003db19fff] reserved
[    0.000000] BIOS-e820: [mem 0x000000003db1a000-0x000000003eb99fff] usable
[    0.000000] BIOS-e820: [mem 0x000000003eb9a000-0x000000003ebf1fff] reserved
[    0.000000] BIOS-e820: [mem 0x000000003ebf2000-0x000000003ebf9fff] ACPI data
[    0.000000] BIOS-e820: [mem 0x000000003ebfa000-0x000000003ebfdfff] ACPI NVS
[    0.000000] BIOS-e820: [mem 0x000000003ebfe000-0x000000003effffff] usable
[    0.000000] BIOS-e820: [mem 0x000000003f000000-0x000000003fffffff] reserved
[    0.000000] BIOS-e820: [mem 0x00000000b0000000-0x00000000bfffffff] reserved
[    0.000000] NX (Execute Disable) protection: active
[    0.000000] extended physical RAM map:
[    0.000000] reserve setup_data: [mem 0x0000000000000000-0x000000000009ffff] usable
[    0.000000] reserve setup_data: [mem 0x0000000000100000-0x000000003d7ad017] usable
[    0.000000] reserve setup_data: [mem 0x000000003d7ad018-0x000000003d7b6657] usable
[    0.000000] reserve setup_data: [mem 0x000000003d7b6658-0x000000003da5ffff] usable
[    0.000000] reserve setup_data: [mem 0x000000003da60000-0x000000003da73fff] reserved
[    0.000000] reserve setup_data: [mem 0x000000003da74000-0x000000003dac7fff] usable
[    0.000000] reserve setup_data: [mem 0x000000003dac8000-0x000000003db19fff] reserved
[    0.000000] reserve setup_data: [mem 0x000000003db1a000-0x000000003eb99fff] usable
[    0.000000] reserve setup_data: [mem 0x000000003eb9a000-0x000000003ebf1fff] reserved
[    0.000000] reserve setup_data: [mem 0x000000003ebf2000-0x000000003ebf9fff] ACPI data
[    0.000000] reserve setup_data: [mem 0x000000003ebfa000-0x000000003ebfdfff] ACPI NVS
[    0.000000] reserve setup_data: [mem 0x000000003ebfe000-0x000000003effffff] usable
[    0.000000] reserve setup_data: [mem 0x000000003f000000-0x000000003fffffff] reserved
[    0.000000] reserve setup_data: [mem 0x00000000b0000000-0x00000000bfffffff] reserved
[    0.000000] efi: EFI v2.70 by EDK II
[    0.000000] efi:  SMBIOS=0x3ebd2000  ACPI=0x3ebf9000  ACPI 2.0=0x3ebf9014  MEMATTR=0x3dd68218 
[    0.000000] secureboot: Secure boot enabled
[    0.000000] Kernel is locked down from EFI secure boot; see https://wiki.debian.org/SecureBoot
[    0.000000] SMBIOS 2.8 present.
[    0.000000] DMI: KubeVirt None/RHEL-AV, BIOS 0.0.0 02/06/2015
[    0.000000] Hypervisor detected: KVM
[    0.000000] kvm-clock: Using msrs 4b564d01 and 4b564d00
[    0.000009] kvm-clock: cpu 0, msr 81e8001, primary cpu clock
[    0.000010] kvm-clock: using sched offset of 186147486646 cycles
[    0.005011] clocksource: kvm-clock: mask: 0xffffffffffffffff max_cycles: 0x1cd42e4dffb, max_idle_ns: 881590591483 ns
[    0.007994] tsc: Detected 2394.454 MHz processor
[    0.058123] last_pfn = 0x3f000 max_arch_pfn = 0x400000000
[    0.083926] x86/PAT: Configuration [0-7]: WB  WC  UC- UC  WB  WP  UC- WT  
[    0.147823] Using GB pages for direct mapping
[    0.154932] RAMDISK: [mem 0x29117000-0x2bd7bfff]
[    0.160850] ACPI: Early table checksum verification disabled
[    0.167424] ACPI: RSDP 0x000000003EBF9014 000024 (v02 BOCHS )
[    0.168164] ACPI: XSDT 0x000000003EBF80E8 000044 (v01 BOCHS  BXPCFACP 00000001      01000013)
[    0.169096] ACPI: FACP 0x000000003EBF5000 0000F4 (v03 BOCHS  BXPCFACP 00000001 BXPC 00000001)
[    0.170857] ACPI: DSDT 0x000000003EBF6000 001EBE (v01 BOCHS  BXPCDSDT 00000001 BXPC 00000001)
[    0.170918] ACPI: FACS 0x000000003EBFC000 000040
[    0.170985] ACPI: APIC 0x000000003EBF4000 000078 (v01 BOCHS  BXPCAPIC 00000001 BXPC 00000001)
[    0.171073] ACPI: MCFG 0x000000003EBF3000 00003C (v01 BOCHS  BXPCMCFG 00000001 BXPC 00000001)
[    0.171159] ACPI: BGRT 0x000000003EBF2000 000038 (v01 INTEL  EDK2     00000002      01000013)
[    0.276112] No NUMA configuration found
[    0.276151] Faking a node at [mem 0x0000000000000000-0x000000003effffff]
[    0.276250] NODE_DATA(0) allocated [mem 0x3ef81000-0x3ef85fff]
[    0.292856] Zone ranges:
[    0.293882]   DMA      [mem 0x0000000000001000-0x0000000000ffffff]
[    0.293890]   DMA32    [mem 0x0000000001000000-0x000000003effffff]
[    0.293891]   Normal   empty
[    0.293894]   Device   empty
[    0.294900] Movable zone start for each node
[    0.294908] Early memory node ranges
[    0.294910]   node   0: [mem 0x0000000000001000-0x000000000009ffff]
[    0.294911]   node   0: [mem 0x0000000000100000-0x000000003da5ffff]
[    0.294912]   node   0: [mem 0x000000003da74000-0x000000003dac7fff]
[    0.294912]   node   0: [mem 0x000000003db1a000-0x000000003eb99fff]
[    0.294913]   node   0: [mem 0x000000003ebfe000-0x000000003effffff]
[    0.304835] Zeroed struct page in unavailable ranges: 4395 pages
[    0.304851] Initmem setup node 0 [mem 0x0000000000001000-0x000000003effffff]
[    3.497191] ACPI: PM-Timer IO Port: 0x608
[    3.499718] ACPI: LAPIC_NMI (acpi_id[0xff] dfl dfl lint[0x1])
[    3.507757] IOAPIC[0]: apic_id 0, version 17, address 0xfec00000, GSI 0-23
[    3.508898] ACPI: INT_SRC_OVR (bus 0 bus_irq 0 global_irq 2 dfl dfl)
[    3.510270] ACPI: INT_SRC_OVR (bus 0 bus_irq 5 global_irq 5 high level)
[    3.510278] ACPI: INT_SRC_OVR (bus 0 bus_irq 9 global_irq 9 high level)
[    3.511072] ACPI: INT_SRC_OVR (bus 0 bus_irq 10 global_irq 10 high level)
[    3.511076] ACPI: INT_SRC_OVR (bus 0 bus_irq 11 global_irq 11 high level)
[    3.511106] Using ACPI (MADT) for SMP configuration information
[    3.512354] smpboot: Allowing 1 CPUs, 0 hotplug CPUs
[    3.517336] PM: Registered nosave memory: [mem 0x00000000-0x00000fff]
[    3.517344] PM: Registered nosave memory: [mem 0x000a0000-0x000fffff]
[    3.517346] PM: Registered nosave memory: [mem 0x3d7ad000-0x3d7adfff]
[    3.517347] PM: Registered nosave memory: [mem 0x3d7b6000-0x3d7b6fff]
[    3.517348] PM: Registered nosave memory: [mem 0x3da60000-0x3da73fff]
[    3.517350] PM: Registered nosave memory: [mem 0x3dac8000-0x3db19fff]
[    3.517351] PM: Registered nosave memory: [mem 0x3dc4b000-0x3dc71fff]
[    3.517352] PM: Registered nosave memory: [mem 0x3eb9a000-0x3ebf1fff]
[    3.517353] PM: Registered nosave memory: [mem 0x3ebf2000-0x3ebf9fff]
[    3.517353] PM: Registered nosave memory: [mem 0x3ebfa000-0x3ebfdfff]
[    3.517690] [mem 0x40000000-0xafffffff] available for PCI devices
[    3.517708] Booting paravirtualized kernel on KVM
[    3.518752] clocksource: refined-jiffies: mask: 0xffffffff max_cycles: 0xffffffff, max_idle_ns: 7645519600211568 ns
[    3.903735] random: get_random_bytes called from start_kernel+0x93/0x52c with crng_init=0
[    3.903882] setup_percpu: NR_CPUS:512 nr_cpumask_bits:512 nr_cpu_ids:1 nr_node_ids:1
[    3.918724] percpu: Embedded 45 pages/cpu s144408 r8192 d31720 u2097152
[    3.923102] KVM setup async PF for cpu 0
[    3.924623] kvm-stealtime: cpu 0, msr 3e6161c0
[    3.927272] Built 1 zonelists, mobility grouping on.  Total pages: 251679
[    3.927283] Policy zone: DMA32
[    3.927849] Kernel command line: BOOT_IMAGE=/install.amd/vmlinuz init=/bin/ash console=tty1 console=ttyS0
[    3.991829] Memory: 923084K/1030996K available (10252K kernel code, 1241K rwdata, 3316K rodata, 1588K init, 2276K bss, 107912K reserved, 0K cma-reserved)
[    3.999942] SLUB: HWalign=64, Order=0-3, MinObjects=0, CPUs=1, Nodes=1
[    4.001056] Kernel/User page tables isolation: enabled
[    4.002858] ftrace: allocating 31879 entries in 125 pages
[    5.343047] rcu: Hierarchical RCU implementation.
[    5.343835] rcu:     RCU restricting CPUs from NR_CPUS=512 to nr_cpu_ids=1.
[    5.345007] rcu: Adjusting geometry for rcu_fanout_leaf=16, nr_cpu_ids=1
[    5.454776] NR_IRQS: 33024, nr_irqs: 256, preallocated irqs: 16
[    5.463911] Console: colour dummy device 80x25
[    5.464074] console [tty1] enabled
[   25.777975] console [ttyS0] enabled
[   25.865216] ACPI: Core revision 20180810
[   25.972053] APIC: Switch to symmetric I/O mode setup
[   26.298956] x2apic enabled
[   26.455432] Switched APIC routing to physical x2apic.
[   26.918351] ..TIMER: vector=0x30 apic1=0 pin1=2 apic2=-1 pin2=-1
[   27.073807] clocksource: tsc-early: mask: 0xffffffffffffffff max_cycles: 0x2283c0783fd, max_idle_ns: 440795301468 ns
[   27.338334] Calibrating delay loop (skipped) preset value.. 4788.90 BogoMIPS (lpj=9577816)
[   27.342344] pid_max: default: 32768 minimum: 301
[   27.362465] Security Framework initialized
[   27.366344] Yama: disabled by default; enable with sysctl kernel.yama.*
[   27.379923] AppArmor: AppArmor initialized
[   27.383318] Dentry cache hash table entries: 131072 (order: 8, 1048576 bytes)
[   27.386416] Inode-cache hash table entries: 65536 (order: 7, 524288 bytes)
[   27.394368] Mount-cache hash table entries: 2048 (order: 2, 16384 bytes)
[   27.398343] Mountpoint-cache hash table entries: 2048 (order: 2, 16384 bytes)
[   27.450971] x86/cpu: Activated the Intel User Mode Instruction Prevention (UMIP) CPU feature
[   27.482326] Last level iTLB entries: 4KB 0, 2MB 0, 4MB 0
[   27.482690] Last level dTLB entries: 4KB 0, 2MB 0, 4MB 0, 1GB 0
[   27.491880] Spectre V1 : Mitigation: usercopy/swapgs barriers and __user pointer sanitization
[   27.498342] Spectre V2 : Mitigation: Full generic retpoline
[   27.502332] Spectre V2 : Spectre v2 / SpectreRSB mitigation: Filling RSB on context switch
[   27.506332] Spectre V2 : Enabling Restricted Speculation for firmware calls
[   27.510423] Spectre V2 : mitigation: Enabling conditional Indirect Branch Prediction Barrier
[   27.518332] Speculative Store Bypass: Mitigation: Speculative Store Bypass disabled via prctl and seccomp
[   27.530417] MDS: Vulnerable: Clear CPU buffers attempted, no microcode
[   27.582326] Freeing SMP alternatives memory: 24K
[   27.614326] smpboot: CPU0: Intel Core Processor (Haswell, no TSX, IBRS) (family: 0x6, model: 0x3c, stepping: 0x1)
[   27.617704] Performance Events: unsupported p6 CPU model 60 no PMU driver, software events only.
[   27.623263] rcu: Hierarchical SRCU implementation.
[   27.665448] random: crng done (trusting CPU's manufacturer)
[   27.667406] NMI watchdog: Perf NMI watchdog permanently disabled
[   27.670867] smp: Bringing up secondary CPUs ...
[   27.674901] smp: Brought up 1 node, 1 CPU
[   27.679088] smpboot: Max logical packages: 1
[   27.682747] smpboot: Total of 1 processors activated (4788.90 BogoMIPS)
[   27.693168] devtmpfs: initialized
[   27.695486] x86/mm: Memory block size: 128MB
[   27.703356] PM: Registering ACPI NVS region [mem 0x3ebfa000-0x3ebfdfff] (16384 bytes)
[   27.711327] clocksource: jiffies: mask: 0xffffffff max_cycles: 0xffffffff, max_idle_ns: 7645041785100000 ns
[   27.714770] futex hash table entries: 256 (order: 2, 16384 bytes)
[   27.720804] pinctrl core: initialized pinctrl subsystem
[   27.724708] NET: Registered protocol family 16
[   27.727383] audit: initializing netlink subsys (disabled)
[   27.732321] cpuidle: using governor ladder
[   27.735035] cpuidle: using governor menu
[   27.738934] audit: type=2000 audit(1602862621.592:1): state=initialized audit_enabled=0 res=1
[   27.744825] ACPI: bus type PCI registered
[   27.747186] acpiphp: ACPI Hot Plug PCI Controller Driver version: 0.5
[   27.762190] PCI: MMCONFIG for domain 0000 [bus 00-ff] at [mem 0xb0000000-0xbfffffff] (base 0xb0000000)
[   27.763083] PCI: MMCONFIG at [mem 0xb0000000-0xbfffffff] reserved in E820
[   27.768316] PCI: Using configuration type 1 for base access
[   27.776771] HugeTLB registered 1.00 GiB page size, pre-allocated 0 pages
[   27.778752] HugeTLB registered 2.00 MiB page size, pre-allocated 0 pages
[   27.785613] ACPI: Added _OSI(Module Device)
[   27.786751] ACPI: Added _OSI(Processor Device)
[   27.790750] ACPI: Added _OSI(3.0 _SCP Extensions)
[   27.795090] ACPI: Added _OSI(Processor Aggregator Device)
[   27.799071] ACPI: Added _OSI(Linux-Dell-Video)
[   27.803210] ACPI: Added _OSI(Linux-Lenovo-NV-HDMI-Audio)
[   27.808332] ACPI: 1 ACPI AML tables successfully acquired and loaded
[   27.846925] ACPI: Interpreter enabled
[   27.851277] ACPI: (supports S0 S5)
[   27.854771] ACPI: Using IOAPIC for interrupt routing
[   27.858906] PCI: Using host bridge windows from ACPI; if necessary, use "pci=nocrs" and report a bug
[   27.865268] ACPI: Enabled 1 GPEs in block 00 to 3F
[   27.921236] ACPI: PCI Root Bridge [PCI0] (domain 0000 [bus 00-ff])
[   27.923207] acpi PNP0A08:00: _OSC: OS supports [ExtendedConfig ASPM ClockPM Segments MSI]
[   27.927203] acpi PNP0A08:00: _OSC: platform does not support [LTR]
[   27.931127] acpi PNP0A08:00: _OSC: OS now controls [PCIeHotplug SHPCHotplug PME AER PCIeCapability]
[   27.944784] PCI host bridge to bus 0000:00
[   27.946741] pci_bus 0000:00: root bus resource [io  0x0000-0x0cf7 window]
[   27.951198] pci_bus 0000:00: root bus resource [io  0x0d00-0xffff window]
[   27.954759] pci_bus 0000:00: root bus resource [mem 0x000a0000-0x000bffff window]
[   27.959108] pci_bus 0000:00: root bus resource [mem 0x40000000-0xafffffff window]
[   27.962736] pci_bus 0000:00: root bus resource [mem 0xc0000000-0xfebfffff window]
[   27.966728] pci_bus 0000:00: root bus resource [mem 0x800000000-0xfffffffff window]
[   27.971049] pci_bus 0000:00: root bus resource [bus 00-ff]
[   28.331787] pci 0000:00:01.0: BAR 0: assigned to efifb
[   28.338326] pci 0000:00:01.0: efifb_fixup_resources+0x0/0x130 took 15625 usecs
[   29.610094] pci 0000:00:1f.0: quirk: [io  0x0600-0x067f] claimed by ICH6 ACPI/GPIO/TCO
[   29.621156] pci 0000:00:1f.0: quirk_ich7_lpc+0x0/0x60 took 15625 usecs
[   30.395592] pci 0000:00:02.0: PCI bridge to [bus 01]
[   30.753369] pci 0000:00:02.1: PCI bridge to [bus 02]
[   31.182723] pci 0000:00:02.2: PCI bridge to [bus 03]
[   31.555018] pci 0000:00:02.3: PCI bridge to [bus 04]
[   31.608900] pci 0000:00:02.4: PCI bridge to [bus 05]
[   31.716635] ACPI: PCI Interrupt Link [LNKA] (IRQs 5 *10 11)
[   31.727191] ACPI: PCI Interrupt Link [LNKB] (IRQs 5 *10 11)
[   31.736410] ACPI: PCI Interrupt Link [LNKC] (IRQs 5 10 *11)
[   31.746733] ACPI: PCI Interrupt Link [LNKD] (IRQs 5 10 *11)
[   31.756984] ACPI: PCI Interrupt Link [LNKE] (IRQs 5 *10 11)
[   31.764336] ACPI: PCI Interrupt Link [LNKF] (IRQs 5 *10 11)
[   31.775060] ACPI: PCI Interrupt Link [LNKG] (IRQs 5 10 *11)
[   31.784419] ACPI: PCI Interrupt Link [LNKH] (IRQs 5 10 *11)
[   31.790730] ACPI: PCI Interrupt Link [GSIA] (IRQs *16)
[   31.794777] ACPI: PCI Interrupt Link [GSIB] (IRQs *17)
[   31.798765] ACPI: PCI Interrupt Link [GSIC] (IRQs *18)
[   31.802763] ACPI: PCI Interrupt Link [GSID] (IRQs *19)
[   31.806857] ACPI: PCI Interrupt Link [GSIE] (IRQs *20)
[   31.811407] ACPI: PCI Interrupt Link [GSIF] (IRQs *21)
[   31.815113] ACPI: PCI Interrupt Link [GSIG] (IRQs *22)
[   31.819337] ACPI: PCI Interrupt Link [GSIH] (IRQs *23)
[   31.890326] pci 0000:00:01.0: vgaarb: setting as boot VGA device
[   31.890326] pci 0000:00:01.0: vgaarb: VGA device added: decodes=io+mem,owns=io+mem,locks=none
[   31.890763] pci 0000:00:01.0: vgaarb: bridge control possible
[   31.895590] vgaarb: loaded
[   31.930242] pps_core: LinuxPPS API ver. 1 registered
[   31.930705] pps_core: Software ver. 5.3.6 - Copyright 2005-2007 Rodolfo Giometti <giometti@linux.it>
[   31.935772] PTP clock support registered
[   31.939633] EDAC MC: Ver: 3.0.0
[   32.027397] Registered efivars operations
[   32.039211] PCI: Using ACPI for IRQ routing
[   44.907510] pci 0000:00:1f.2: can't claim BAR 4 [io  0xa240-0xa25f]: address conflict with PCI Bus 0000:01 [io  0xa000-0xafff]
[   44.913400] pci 0000:00:1f.3: can't claim BAR 4 [io  0xa200-0xa23f]: address conflict with PCI Bus 0000:01 [io  0xa000-0xafff]
[   45.014326] clocksource: Switched to clocksource kvm-clock
[   45.970264] VFS: Disk quotas dquot_6.6.0
[   46.058146] VFS: Dquot-cache hash table entries: 512 (order 0, 4096 bytes)
[   46.264134] AppArmor: AppArmor Filesystem Enabled
[   46.408387] pnp: PnP ACPI init
[   46.539994] pnp: PnP ACPI: found 4 devices
[   46.701038] clocksource: acpi_pm: mask: 0xffffff max_cycles: 0xffffff, max_idle_ns: 2085701024 ns
[   46.899329] pci 0000:00:01.0: can't claim BAR 6 [mem 0xffff0000-0xffffffff pref]: no compatible bridge window
[   47.197095] pci 0000:00:02.4: BAR 15: assigned [mem 0x800400000-0x8005fffff 64bit pref]
[   47.410311] pci 0000:00:01.0: BAR 6: assigned [mem 0x40000000-0x4000ffff pref]
[   47.610049] pci 0000:00:1f.3: BAR 4: assigned [io  0x1000-0x103f]
[   47.756053] pci 0000:00:1f.2: BAR 4: assigned [io  0x1040-0x105f]
[   47.940958] pci 0000:00:02.0: PCI bridge to [bus 01]
[   48.099567] pci 0000:00:02.0:   bridge window [io  0xa000-0xafff]
[   48.267484] pci 0000:00:02.0:   bridge window [mem 0xc1800000-0xc19fffff]
[   48.464898] pci 0000:00:02.0:   bridge window [mem 0x800000000-0x8000fffff 64bit pref]
[   48.684344] pci 0000:00:02.1: PCI bridge to [bus 02]
[   48.821961] pci 0000:00:02.1:   bridge window [io  0x9000-0x9fff]
[   48.992088] pci 0000:00:02.1:   bridge window [mem 0xc1600000-0xc17fffff]
[   49.189309] pci 0000:00:02.1:   bridge window [mem 0x800100000-0x8001fffff 64bit pref]
[   49.390308] pci 0000:00:02.2: PCI bridge to [bus 03]
[   49.520004] pci 0000:00:02.2:   bridge window [io  0x8000-0x8fff]
[   49.672124] pci 0000:00:02.2:   bridge window [mem 0xc1400000-0xc15fffff]
[   49.866299] pci 0000:00:02.2:   bridge window [mem 0x800200000-0x8002fffff 64bit pref]
[   50.080438] pci 0000:00:02.3: PCI bridge to [bus 04]
[   50.208851] pci 0000:00:02.3:   bridge window [io  0x7000-0x7fff]
[   50.347453] pci 0000:00:02.3:   bridge window [mem 0xc1200000-0xc13fffff]
[   50.520212] pci 0000:00:02.3:   bridge window [mem 0x800300000-0x8003fffff 64bit pref]
[   50.721085] pci 0000:00:02.4: PCI bridge to [bus 05]
[   50.840820] pci 0000:00:02.4:   bridge window [io  0x6000-0x6fff]
[   50.979981] pci 0000:00:02.4:   bridge window [mem 0xc1000000-0xc11fffff]
[   51.156421] pci 0000:00:02.4:   bridge window [mem 0x800400000-0x8005fffff 64bit pref]
[   51.497065] NET: Registered protocol family 2
[   51.757414] tcp_listen_portaddr_hash hash table entries: 512 (order: 1, 8192 bytes)
[   51.936267] TCP established hash table entries: 8192 (order: 4, 65536 bytes)
[   52.112264] TCP bind hash table entries: 8192 (order: 5, 131072 bytes)
[   52.284118] TCP: Hash tables configured (established 8192 bind 8192)
[   52.424045] UDP hash table entries: 512 (order: 2, 16384 bytes)
[   52.563042] UDP-Lite hash table entries: 512 (order: 2, 16384 bytes)
[   52.705293] NET: Registered protocol family 1
[   52.800887] NET: Registered protocol family 44
[   52.909799] pci 0000:00:01.0: Video device with shadowed ROM at [mem 0x000c0000-0x000dffff]
[   53.117785] pci 0000:00:01.0: pci_fixup_video+0x0/0x110 took 207841 usecs
[   53.305803] Unpacking initramfs...
[   71.853215] Freeing initrd memory: 45460K
[   71.954706] clocksource: tsc: mask: 0xffffffffffffffff max_cycles: 0x2283c0783fd, max_idle_ns: 440795301468 ns
[   72.262226] Initialise system trusted keyrings
[   72.381376] Key type blacklist registered
[   72.477121] workingset: timestamp_bits=40 max_order=18 bucket_order=0
[   72.625169] zbud: loaded
[   73.028222] Key type asymmetric registered
[   73.113224] Asymmetric key parser 'x509' registered
[   73.219529] Block layer SCSI generic (bsg) driver version 0.4 loaded (major 247)
[   73.413354] io scheduler noop registered
[   73.504163] io scheduler deadline registered
[   73.601520] io scheduler cfq registered (default)
[   73.715587] io scheduler mq-deadline registered
[   73.918333] PCI Interrupt Link [GSIG] enabled at IRQ 22
[   74.251622] pcieport 0000:00:02.0: Signaling PME with IRQ 24
[   74.488509] pcieport 0000:00:02.0: AER enabled with IRQ 24
[   74.620522] pciehp 0000:00:02.0:pcie004: Slot #0 AttnBtn+ PwrCtrl+ MRL- AttnInd+ PwrInd+ HotPlug+ Surprise+ Interlock+ NoCompl- LLActRep+
[   75.079441] pcieport 0000:00:02.1: Signaling PME with IRQ 25
[   75.260400] pcieport 0000:00:02.1: AER enabled with IRQ 25
[   75.402162] pciehp 0000:00:02.1:pcie004: Slot #0 AttnBtn+ PwrCtrl+ MRL- AttnInd+ PwrInd+ HotPlug+ Surprise+ Interlock+ NoCompl- LLActRep+
[   75.961262] pcieport 0000:00:02.2: Signaling PME with IRQ 26
[   76.124187] pcieport 0000:00:02.2: AER enabled with IRQ 26
[   76.256006] pciehp 0000:00:02.2:pcie004: Slot #0 AttnBtn+ PwrCtrl+ MRL- AttnInd+ PwrInd+ HotPlug+ Surprise+ Interlock+ NoCompl- LLActRep+
[   76.743390] pcieport 0000:00:02.3: Signaling PME with IRQ 27
[   76.912794] pcieport 0000:00:02.3: AER enabled with IRQ 27
[   77.041838] pciehp 0000:00:02.3:pcie004: Slot #0 AttnBtn+ PwrCtrl+ MRL- AttnInd+ PwrInd+ HotPlug+ Surprise+ Interlock+ NoCompl- LLActRep+
[   77.493448] pcieport 0000:00:02.4: Signaling PME with IRQ 28
[   77.660453] pcieport 0000:00:02.4: AER enabled with IRQ 28
[   77.785949] pciehp 0000:00:02.4:pcie004: Slot #0 AttnBtn+ PwrCtrl+ MRL- AttnInd+ PwrInd+ HotPlug+ Surprise+ Interlock+ NoCompl- LLActRep+
[   78.297812] shpchp: Standard Hot Plug PCI Controller Driver version: 0.4
[   78.470012] efifb: probing for efifb
[   78.569261] efifb: framebuffer at 0xc0000000, using 1876k, total 1875k
[   78.725335] efifb: mode is 800x600x32, linelength=3200, pages=1
[   78.920277] efifb: scrolling: redraw
[   79.014196] efifb: Truecolor: size=8:8:8:8, shift=24:16:8:0
[   79.593827] Console: switching to colour frame buffer device 100x37
[   79.742311] fb0: EFI VGA frame buffer device
[   79.860318] Serial: 8250/16550 driver, 4 ports, IRQ sharing enabled
[   80.459898] 00:03: ttyS0 at I/O 0x3f8 (irq = 4, base_baud = 115200) is a 16550A
[   80.649797] Linux agpgart interface v0.103
[   80.776361] AMD IOMMUv2 driver by Joerg Roedel <jroedel@suse.de>
[   80.936164] AMD IOMMUv2 functionality not available on this system
[   81.095876] i8042: PNP: PS/2 Controller [PNP0303:KBD,PNP0f13:MOU] at 0x60,0x64 irq 1,12
[   81.446030] serio: i8042 KBD port at 0x60,0x64 irq 1
[   81.556199] serio: i8042 AUX port at 0x60,0x64 irq 12
[   81.681142] mousedev: PS/2 mouse device common for all mice
[   81.820157] rtc_cmos 00:00: RTC can wake from S4
[   81.946203] input: AT Translated Set 2 keyboard as /devices/platform/i8042/serio0/input/input0
[   82.192294] rtc_cmos 00:00: registered as rtc0
[   82.310044] rtc_cmos 00:00: alarms up to one day, y3k, 114 bytes nvram
[   82.468023] ledtrig-cpu: registered to indicate activity on CPUs
[   82.628902] NET: Registered protocol family 10
[   82.924196] Segment Routing with IPv6
[   83.008087] mip6: Mobile IPv6
[   83.076119] NET: Registered protocol family 17
[   83.178003] mpls_gso: MPLS GSO support
[   83.272775] mce: Using 10 MCE banks
[   83.357818] registered taskstats version 1
[   83.451673] Loading compiled-in X.509 certificates
[   83.642171] Loaded X.509 cert 'Debian Secure Boot CA: 6ccece7e4c6c0d1f6149f3dd27dfcc5cbb419ea1'
[   83.861827] Loaded X.509 cert 'Debian Secure Boot Signer: 00a7468def'
[   84.212164] Loaded UEFI:db cert 'Microsoft Windows Production PCA 2011: a92902398e16c49778cd90f99e4f9ae17c55af53' linked to secondary sys keyring
[   84.567645] Loaded UEFI:db cert 'Microsoft Corporation UEFI CA 2011: 13adbf4309bd82709c8cd54f316ed522988a1bd4' linked to secondary sys keyring
[   84.928126] zswap: loaded using pool lzo/zbud
[   85.032202] AppArmor: AppArmor sha1 policy hashing enabled
[   85.184738] rtc_cmos 00:00: setting system clock to 2020-10-16 15:38:43 UTC (1602862723)
[   85.364995] Lockdown: Hibernation is restricted; see https://wiki.debian.org/SecureBoot
[   85.564048] Unstable clock detected, switching default tracing clock to "global"
[   85.564048] If you want to keep using the local clock, then add:
[   85.564048]   "trace_clock=local"
[   85.564048] on the kernel command line
[   86.367677] Freeing unused kernel image memory: 1588K
[   86.495771] Write protecting the kernel read-only data: 16384k
[   87.181623] Freeing unused kernel image memory: 2028K
[   87.480184] Freeing unused kernel image memory: 780K
[   87.616110] x86/mm: Checked W+X mappings: passed, no W+X pages found.
[   87.761869] x86/mm: Checking user space page tables
[   87.963917] x86/mm: Checked W+X mappings: passed, no W+X pages found.
[   88.133799] Run /init as init process
[   90.168746] input: VirtualPS/2 VMware VMMouse as /devices/platform/i8042/serio1/input/input3
[   90.408746] SCSI subsystem initialized
[   90.835952] input: VirtualPS/2 VMware VMMouse as /devices/platform/i8042/serio1/input/input2
[   91.119779] PCI Interrupt Link [GSIA] enabled at IRQ 16
[   91.691593] ahci 0000:00:1f.2: AHCI 0001.0000 32 slots 6 ports 1.5 Gbps 0x3f impl SATA mode
[   91.882955] ahci 0000:00:1f.2: flags: 64bit ncq only 
[   92.573400] virtio_blk virtio2: [vda] 272384 512-byte logical blocks (139 MB/133 MiB)
[   93.119543] scsi host0: ahci
[   93.220503]  vda: vda1 vda2
[   93.328770] scsi host1: ahci
[   93.507772] scsi host2: ahci
[   93.656637] scsi host3: ahci
[   93.820638] scsi host4: ahci
[   94.036617] scsi host5: ahci
[   94.225565] ata1: SATA max UDMA/133 abar m4096@0xc1a10000 port 0xc1a10100 irq 29
[   94.401313] ata2: SATA max UDMA/133 abar m4096@0xc1a10000 port 0xc1a10180 irq 29
[   94.588473] ata3: SATA max UDMA/133 abar m4096@0xc1a10000 port 0xc1a10200 irq 29
[   94.756369] ata4: SATA max UDMA/133 abar m4096@0xc1a10000 port 0xc1a10280 irq 29
[   94.916766] ata5: SATA max UDMA/133 abar m4096@0xc1a10000 port 0xc1a10300 irq 29
[   95.081531] ata6: SATA max UDMA/133 abar m4096@0xc1a10000 port 0xc1a10380 irq 29
[   95.723360] ata5: SATA link down (SStatus 0 SControl 300)
[   95.888426] ata2: SATA link down (SStatus 0 SControl 300)
[   96.039669] ata6: SATA link down (SStatus 0 SControl 300)
[   96.204490] ata1: SATA link down (SStatus 0 SControl 300)
[   96.365207] ata4: SATA link down (SStatus 0 SControl 300)
[   96.577544] ata3: SATA link down (SStatus 0 SControl 300)


BusyBox v1.30.1 (Debian 1:1.30.1-4) built-in shell (ash)
Enter 'help' for a list of built-in commands.

/bin/ash: can't access tty; job control turned off
~ # pwd
/
~ # ls
bin     etc     initrd  lib64   mnt     root    sbin    tmp     var
dev     init    lib     media   proc    run     sys     usr
~ # ifconfig
/bin/ash: ifconfig: not found
~ # ip net
BusyBox v1.30.1 (Debian 1:1.30.1-4) multi-call binary.

Usage: ip [OPTIONS] address|route|link|neigh [ARGS]

