BdsDxe: loading Boot0001 "UEFI Misc Device" from PciRoot(0x0)/Pci(0x2,0x2)/Pci(0x0,0x0)
BdsDxe: starting Boot0001 "UEFI Misc Device" from PciRoot(0x0)/Pci(0x2,0x2)/Pci(0x0,0x0)
[    0.000000] Linux version 4.19.0-9-amd64 (debian-kernel@lists.debian.org) (gcc version 8.3.0 (Debian 8.3.0-6)) #1 SMP Debian 4.19.118-2 (2020-04-29)
[    0.000000] Command line: BOOT_IMAGE=/install.amd/vmlinuz init=/bin/ash console=tty1 console=ttyS0
[    0.000000] x86/fpu: Supporting XSAVE feature 0x001: 'x87 floating point registers'
[    0.000000] x86/fpu: Supporting XSAVE feature 0x002: 'SSE registers'
[    0.000000] x86/fpu: Supporting XSAVE feature 0x004: 'AVX registers'
[    0.000000] x86/fpu: xstate_offset[2]:  576, xstate_sizes[2]:  256
[    0.000000] x86/fpu: Enabled xstate features 0x7, context size is 832 bytes, using 'standard' format.
[    0.000000] BIOS-provided physical RAM map:
[    0.000000] BIOS-e820: [mem 0x0000000000000000-0x000000000009ffff] usable
[    0.000000] BIOS-e820: [mem 0x0000000000100000-0x000000003ea25fff] usable
[    0.000000] BIOS-e820: [mem 0x000000003ea26000-0x000000003ea2afff] reserved
[    0.000000] BIOS-e820: [mem 0x000000003ea2b000-0x000000003ea2ffff] type 20
[    0.000000] BIOS-e820: [mem 0x000000003ea30000-0x000000003ea34fff] reserved
[    0.000000] BIOS-e820: [mem 0x000000003ea35000-0x000000003ea39fff] type 20
[    0.000000] BIOS-e820: [mem 0x000000003ea3a000-0x000000003ea3efff] reserved
[    0.000000] BIOS-e820: [mem 0x000000003ea3f000-0x000000003ea45fff] type 20
[    0.000000] BIOS-e820: [mem 0x000000003ea46000-0x000000003eb1afff] reserved
[    0.000000] BIOS-e820: [mem 0x000000003eb1b000-0x000000003fb9afff] usable
[    0.000000] BIOS-e820: [mem 0x000000003fb9b000-0x000000003fbcafff] type 20
[    0.000000] BIOS-e820: [mem 0x000000003fbcb000-0x000000003fbf2fff] reserved
[    0.000000] BIOS-e820: [mem 0x000000003fbf3000-0x000000003fbfafff] ACPI data
[    0.000000] BIOS-e820: [mem 0x000000003fbfb000-0x000000003fbfefff] ACPI NVS
[    0.000000] BIOS-e820: [mem 0x000000003fbff000-0x000000003ffdffff] usable
[    0.000000] BIOS-e820: [mem 0x000000003ffe0000-0x000000003fffffff] reserved
[    0.000000] BIOS-e820: [mem 0x00000000b0000000-0x00000000bfffffff] reserved
[    0.000000] BIOS-e820: [mem 0x00000000ffe00000-0x00000000ffffffff] reserved
[    0.000000] NX (Execute Disable) protection: active
[    0.000000] efi: EFI v2.70 by EDK II
[    0.000000] efi:  SMBIOS=0x3fbcc000  ACPI=0x3fbfa000  ACPI 2.0=0x3fbfa014  MEMATTR=0x3f0a9018 
[    0.000000] secureboot: Secure boot could not be determined (mode 0)
[    0.000000] SMBIOS 2.8 present.
[    0.000000] DMI: KubeVirt None/RHEL-AV, BIOS 0.0.0 02/06/2015
[    0.000000] Hypervisor detected: KVM
[    0.000000] kvm-clock: Using msrs 4b564d01 and 4b564d00
[    0.000007] kvm-clock: cpu 0, msr 15fe8001, primary cpu clock
[    0.000007] kvm-clock: using sched offset of 200521161236 cycles
[    0.002270] clocksource: kvm-clock: mask: 0xffffffffffffffff max_cycles: 0x1cd42e4dffb, max_idle_ns: 881590591483 ns
[    0.005095] tsc: Detected 2394.454 MHz processor
[    0.053511] last_pfn = 0x3ffe0 max_arch_pfn = 0x400000000
[    0.092624] x86/PAT: Configuration [0-7]: WB  WC  UC- UC  WB  WP  UC- WT  
[    0.153464] Using GB pages for direct mapping
[    0.157050] RAMDISK: [mem 0x32725000-0x35389fff]
[    0.161249] ACPI: Early table checksum verification disabled
[    0.168090] ACPI: RSDP 0x000000003FBFA014 000024 (v02 BOCHS )
[    0.169178] ACPI: XSDT 0x000000003FBF90E8 000044 (v01 BOCHS  BXPCFACP 00000001      01000013)
[    0.171198] ACPI: FACP 0x000000003FBF6000 0000F4 (v03 BOCHS  BXPCFACP 00000001 BXPC 00000001)
[    0.172157] ACPI: DSDT 0x000000003FBF7000 001EBE (v01 BOCHS  BXPCDSDT 00000001 BXPC 00000001)
[    0.172208] ACPI: FACS 0x000000003FBFD000 000040
[    0.172274] ACPI: APIC 0x000000003FBF5000 000078 (v01 BOCHS  BXPCAPIC 00000001 BXPC 00000001)
[    0.172347] ACPI: MCFG 0x000000003FBF4000 00003C (v01 BOCHS  BXPCMCFG 00000001 BXPC 00000001)
[    0.172406] ACPI: BGRT 0x000000003FBF3000 000038 (v01 INTEL  EDK2     00000002      01000013)
[    0.257332] No NUMA configuration found
[    0.257359] Faking a node at [mem 0x0000000000000000-0x000000003ffdffff]
[    0.257472] NODE_DATA(0) allocated [mem 0x3ff64000-0x3ff68fff]
[    0.263999] Zone ranges:
[    0.264046]   DMA      [mem 0x0000000000001000-0x0000000000ffffff]
[    0.264048]   DMA32    [mem 0x0000000001000000-0x000000003ffdffff]
[    0.264049]   Normal   empty
[    0.264053]   Device   empty
[    0.264587] Movable zone start for each node
[    0.264595] Early memory node ranges
[    0.264596]   node   0: [mem 0x0000000000001000-0x000000000009ffff]
[    0.264597]   node   0: [mem 0x0000000000100000-0x000000003ea25fff]
[    0.264598]   node   0: [mem 0x000000003eb1b000-0x000000003fb9afff]
[    0.264599]   node   0: [mem 0x000000003fbff000-0x000000003ffdffff]
[    0.274030] Zeroed struct page in unavailable ranges: 474 pages
[    0.274054] Initmem setup node 0 [mem 0x0000000000001000-0x000000003ffdffff]
[    2.985953] ACPI: PM-Timer IO Port: 0x608
[    2.987130] ACPI: LAPIC_NMI (acpi_id[0xff] dfl dfl lint[0x1])
[    2.994835] IOAPIC[0]: apic_id 0, version 17, address 0xfec00000, GSI 0-23
[    2.995504] ACPI: INT_SRC_OVR (bus 0 bus_irq 0 global_irq 2 dfl dfl)
[    2.997116] ACPI: INT_SRC_OVR (bus 0 bus_irq 5 global_irq 5 high level)
[    2.997125] ACPI: INT_SRC_OVR (bus 0 bus_irq 9 global_irq 9 high level)
[    2.998233] ACPI: INT_SRC_OVR (bus 0 bus_irq 10 global_irq 10 high level)
[    2.998237] ACPI: INT_SRC_OVR (bus 0 bus_irq 11 global_irq 11 high level)
[    2.998279] Using ACPI (MADT) for SMP configuration information
[    2.999944] smpboot: Allowing 1 CPUs, 0 hotplug CPUs
[    3.006066] PM: Registered nosave memory: [mem 0x00000000-0x00000fff]
[    3.006075] PM: Registered nosave memory: [mem 0x000a0000-0x000fffff]
[    3.006077] PM: Registered nosave memory: [mem 0x3ea26000-0x3ea2afff]
[    3.006078] PM: Registered nosave memory: [mem 0x3ea2b000-0x3ea2ffff]
[    3.006079] PM: Registered nosave memory: [mem 0x3ea30000-0x3ea34fff]
[    3.006080] PM: Registered nosave memory: [mem 0x3ea35000-0x3ea39fff]
[    3.006081] PM: Registered nosave memory: [mem 0x3ea3a000-0x3ea3efff]
[    3.006082] PM: Registered nosave memory: [mem 0x3ea3f000-0x3ea45fff]
[    3.006083] PM: Registered nosave memory: [mem 0x3ea46000-0x3eb1afff]
[    3.006085] PM: Registered nosave memory: [mem 0x3f035000-0x3f05bfff]
[    3.006086] PM: Registered nosave memory: [mem 0x3fb9b000-0x3fbcafff]
[    3.006087] PM: Registered nosave memory: [mem 0x3fbcb000-0x3fbf2fff]
[    3.006088] PM: Registered nosave memory: [mem 0x3fbf3000-0x3fbfafff]
[    3.006089] PM: Registered nosave memory: [mem 0x3fbfb000-0x3fbfefff]
[    3.006104] [mem 0x40000000-0xafffffff] available for PCI devices
[    3.006127] Booting paravirtualized kernel on KVM
[    3.006850] clocksource: refined-jiffies: mask: 0xffffffff max_cycles: 0xffffffff, max_idle_ns: 7645519600211568 ns
[    3.366094] random: get_random_bytes called from start_kernel+0x93/0x52c with crng_init=0
[    3.366274] setup_percpu: NR_CPUS:512 nr_cpumask_bits:512 nr_cpu_ids:1 nr_node_ids:1
[    3.380948] percpu: Embedded 45 pages/cpu s144408 r8192 d31720 u2097152
[    3.386097] KVM setup async PF for cpu 0
[    3.387811] kvm-stealtime: cpu 0, msr 3f6161c0
[    3.389843] Built 1 zonelists, mobility grouping on.  Total pages: 255534
[    3.389851] Policy zone: DMA32
[    3.390917] Kernel command line: BOOT_IMAGE=/install.amd/vmlinuz init=/bin/ash console=tty1 console=ttyS0
[    3.433205] Memory: 936924K/1046680K available (10252K kernel code, 1241K rwdata, 3316K rodata, 1588K init, 2276K bss, 109756K reserved, 0K cma-reserved)
[    3.457902] SLUB: HWalign=64, Order=0-3, MinObjects=0, CPUs=1, Nodes=1
[    3.459802] Kernel/User page tables isolation: enabled
[    3.464129] ftrace: allocating 31879 entries in 125 pages
[    5.020874] rcu: Hierarchical RCU implementation.
[    5.021880] rcu:     RCU restricting CPUs from NR_CPUS=512 to nr_cpu_ids=1.
[    5.022872] rcu: Adjusting geometry for rcu_fanout_leaf=16, nr_cpu_ids=1
[    5.154827] NR_IRQS: 33024, nr_irqs: 256, preallocated irqs: 16
[    5.172855] Console: colour dummy device 80x25
[    5.172993] console [tty1] enabled
[   23.220156] console [ttyS0] enabled
[   23.303444] ACPI: Core revision 20180810
[   23.409732] APIC: Switch to symmetric I/O mode setup
[   23.701530] x2apic enabled
[   23.849142] Switched APIC routing to physical x2apic.
[   24.312582] ..TIMER: vector=0x30 apic1=0 pin1=2 apic2=-1 pin2=-1
[   24.459589] clocksource: tsc-early: mask: 0xffffffffffffffff max_cycles: 0x2283c0783fd, max_idle_ns: 440795301468 ns
[   24.714583] Calibrating delay loop (skipped) preset value.. 4788.90 BogoMIPS (lpj=9577816)
[   24.718499] pid_max: default: 32768 minimum: 301
[   24.806922] Security Framework initialized
[   24.814507] Yama: disabled by default; enable with sysctl kernel.yama.*
[   24.831166] AppArmor: AppArmor initialized
[   25.038480] Dentry cache hash table entries: 131072 (order: 8, 1048576 bytes)
[   25.138542] Inode-cache hash table entries: 65536 (order: 7, 524288 bytes)
[   25.150528] Mount-cache hash table entries: 2048 (order: 2, 16384 bytes)
[   25.158480] Mountpoint-cache hash table entries: 2048 (order: 2, 16384 bytes)
[   25.226810] x86/cpu: Activated the Intel User Mode Instruction Prevention (UMIP) CPU feature
[   25.260348] Last level iTLB entries: 4KB 0, 2MB 0, 4MB 0
[   25.262496] Last level dTLB entries: 4KB 0, 2MB 0, 4MB 0, 1GB 0
[   25.271123] Spectre V1 : Mitigation: usercopy/swapgs barriers and __user pointer sanitization
[   25.274498] Spectre V2 : Mitigation: Full generic retpoline
[   25.278487] Spectre V2 : Spectre v2 / SpectreRSB mitigation: Filling RSB on context switch
[   25.282487] Spectre V2 : Enabling Restricted Speculation for firmware calls
[   25.286591] Spectre V2 : mitigation: Enabling conditional Indirect Branch Prediction Barrier
[   25.290489] Speculative Store Bypass: Mitigation: Speculative Store Bypass disabled via prctl and seccomp
[   25.298568] MDS: Vulnerable: Clear CPU buffers attempted, no microcode
[   25.343810] Freeing SMP alternatives memory: 24K
[   25.454480] smpboot: CPU0: Intel Core Processor (Haswell, no TSX, IBRS) (family: 0x6, model: 0x3c, stepping: 0x1)
[   25.480477] Performance Events: unsupported p6 CPU model 60 no PMU driver, software events only.
[   25.497355] rcu: Hierarchical SRCU implementation.
[   25.528425] random: crng done (trusting CPU's manufacturer)
[   25.536832] NMI watchdog: Perf NMI watchdog permanently disabled
[   25.545014] smp: Bringing up secondary CPUs ...
[   25.547236] smp: Brought up 1 node, 1 CPU
[   25.551239] smpboot: Max logical packages: 1
[   25.554924] smpboot: Total of 1 processors activated (4788.90 BogoMIPS)
[   25.580609] devtmpfs: initialized
[   25.586132] x86/mm: Memory block size: 128MB
[   25.617393] PM: Registering ACPI NVS region [mem 0x3fbfb000-0x3fbfefff] (16384 bytes)
[   25.625308] clocksource: jiffies: mask: 0xffffffff max_cycles: 0xffffffff, max_idle_ns: 7645041785100000 ns
[   25.627149] futex hash table entries: 256 (order: 2, 16384 bytes)
[   25.635537] pinctrl core: initialized pinctrl subsystem
[   25.657558] NET: Registered protocol family 16
[   25.663336] audit: initializing netlink subsys (disabled)
[   25.682956] audit: type=2000 audit(1602863444.498:1): state=initialized audit_enabled=0 res=1
[   25.687033] cpuidle: using governor ladder
[   25.690879] cpuidle: using governor menu
[   25.697334] ACPI: bus type PCI registered
[   25.698969] acpiphp: ACPI Hot Plug PCI Controller Driver version: 0.5
[   25.733341] PCI: MMCONFIG for domain 0000 [bus 00-ff] at [mem 0xb0000000-0xbfffffff] (base 0xb0000000)
[   25.735128] PCI: MMCONFIG at [mem 0xb0000000-0xbfffffff] reserved in E820
[   25.739091] PCI: Using configuration type 1 for base access
[   25.787240] HugeTLB registered 1.00 GiB page size, pre-allocated 0 pages
[   25.791970] HugeTLB registered 2.00 MiB page size, pre-allocated 0 pages
[   25.824043] ACPI: Added _OSI(Module Device)
[   25.826960] ACPI: Added _OSI(Processor Device)
[   25.830925] ACPI: Added _OSI(3.0 _SCP Extensions)
[   25.834929] ACPI: Added _OSI(Processor Aggregator Device)
[   25.839387] ACPI: Added _OSI(Linux-Dell-Video)
[   25.843192] ACPI: Added _OSI(Linux-Lenovo-NV-HDMI-Audio)
[   25.859888] ACPI: 1 ACPI AML tables successfully acquired and loaded
[   25.899299] ACPI: Interpreter enabled
[   25.903396] ACPI: (supports S0 S5)
[   25.907329] ACPI: Using IOAPIC for interrupt routing
[   25.911100] PCI: Using host bridge windows from ACPI; if necessary, use "pci=nocrs" and report a bug
[   25.916872] ACPI: Enabled 1 GPEs in block 00 to 3F
[   25.967316] ACPI: PCI Root Bridge [PCI0] (domain 0000 [bus 00-ff])
[   25.970947] acpi PNP0A08:00: _OSC: OS supports [ExtendedConfig ASPM ClockPM Segments MSI]
[   25.977409] acpi PNP0A08:00: _OSC: platform does not support [LTR]
[   25.979368] acpi PNP0A08:00: _OSC: OS now controls [PCIeHotplug SHPCHotplug PME AER PCIeCapability]
[   25.990873] PCI host bridge to bus 0000:00
[   25.994893] pci_bus 0000:00: root bus resource [io  0x0000-0x0cf7 window]
[   25.998874] pci_bus 0000:00: root bus resource [io  0x0d00-0xffff window]
[   26.002846] pci_bus 0000:00: root bus resource [mem 0x000a0000-0x000bffff window]
[   26.007270] pci_bus 0000:00: root bus resource [mem 0x40000000-0xafffffff window]
[   26.011270] pci_bus 0000:00: root bus resource [mem 0xc0000000-0xfebfffff window]
[   26.016002] pci_bus 0000:00: root bus resource [mem 0x800000000-0xfffffffff window]
[   26.018895] pci_bus 0000:00: root bus resource [bus 00-ff]
[   26.373937] pci 0000:00:01.0: BAR 0: assigned to efifb
[   27.596788] pci 0000:00:1f.0: quirk: [io  0x0600-0x067f] claimed by ICH6 ACPI/GPIO/TCO
[   27.610276] pci 0000:00:1f.0: quirk_ich7_lpc+0x0/0x60 took 15625 usecs
[   28.320289] pci 0000:00:02.0: PCI bridge to [bus 01]
[   28.701245] pci 0000:00:02.1: PCI bridge to [bus 02]
[   29.102901] pci 0000:00:02.2: PCI bridge to [bus 03]
[   29.502876] pci 0000:00:02.3: PCI bridge to [bus 04]
[   29.561529] pci 0000:00:02.4: PCI bridge to [bus 05]
[   29.670381] ACPI: PCI Interrupt Link [LNKA] (IRQs 5 *10 11)
[   29.682885] ACPI: PCI Interrupt Link [LNKB] (IRQs 5 *10 11)
[   29.694872] ACPI: PCI Interrupt Link [LNKC] (IRQs 5 10 *11)
[   29.706915] ACPI: PCI Interrupt Link [LNKD] (IRQs 5 10 *11)
[   29.718885] ACPI: PCI Interrupt Link [LNKE] (IRQs 5 *10 11)
[   29.728628] ACPI: PCI Interrupt Link [LNKF] (IRQs 5 *10 11)
[   29.738480] ACPI: PCI Interrupt Link [LNKG] (IRQs 5 10 *11)
[   29.746184] ACPI: PCI Interrupt Link [LNKH] (IRQs 5 10 *11)
[   29.751279] ACPI: PCI Interrupt Link [GSIA] (IRQs *16)
[   29.755238] ACPI: PCI Interrupt Link [GSIB] (IRQs *17)
[   29.763075] ACPI: PCI Interrupt Link [GSIC] (IRQs *18)
[   29.766947] ACPI: PCI Interrupt Link [GSID] (IRQs *19)
[   29.770928] ACPI: PCI Interrupt Link [GSIE] (IRQs *20)
[   29.775457] ACPI: PCI Interrupt Link [GSIF] (IRQs *21)
[   29.778906] ACPI: PCI Interrupt Link [GSIG] (IRQs *22)
[   29.782976] ACPI: PCI Interrupt Link [GSIH] (IRQs *23)
[   29.866480] pci 0000:00:01.0: vgaarb: setting as boot VGA device
[   29.866480] pci 0000:00:01.0: vgaarb: VGA device added: decodes=io+mem,owns=io+mem,locks=none
[   29.867010] pci 0000:00:01.0: vgaarb: bridge control possible
[   29.870900] vgaarb: loaded
[   29.918480] pps_core: LinuxPPS API ver. 1 registered
[   29.918876] pps_core: Software ver. 5.3.6 - Copyright 2005-2007 Rodolfo Giometti <giometti@linux.it>
[   29.924703] PTP clock support registered
[   29.928519] EDAC MC: Ver: 3.0.0
[   30.047405] Registered efivars operations
[   30.060737] PCI: Using ACPI for IRQ routing
[   42.456449] pci 0000:00:1f.2: can't claim BAR 4 [io  0xa240-0xa25f]: address conflict with PCI Bus 0000:01 [io  0xa000-0xafff]
[   42.460978] pci 0000:00:1f.3: can't claim BAR 4 [io  0xa200-0xa23f]: address conflict with PCI Bus 0000:01 [io  0xa000-0xafff]
[   42.560548] clocksource: Switched to clocksource kvm-clock
[   44.022481] VFS: Disk quotas dquot_6.6.0
[   44.168624] VFS: Dquot-cache hash table entries: 512 (order 0, 4096 bytes)
[   44.372294] AppArmor: AppArmor Filesystem Enabled
[   44.473957] pnp: PnP ACPI init
[   44.616483] pnp: PnP ACPI: found 4 devices
[   44.769071] clocksource: acpi_pm: mask: 0xffffff max_cycles: 0xffffff, max_idle_ns: 2085701024 ns
[   44.951652] pci 0000:00:01.0: can't claim BAR 6 [mem 0xffff0000-0xffffffff pref]: no compatible bridge window
[   45.273239] pci 0000:00:02.4: BAR 15: assigned [mem 0x800400000-0x8005fffff 64bit pref]
[   45.512082] pci 0000:00:01.0: BAR 6: assigned [mem 0x40000000-0x4000ffff pref]
[   45.707662] pci 0000:00:1f.3: BAR 4: assigned [io  0x1000-0x103f]
[   45.865189] pci 0000:00:1f.2: BAR 4: assigned [io  0x1040-0x105f]
[   46.036413] pci 0000:00:02.0: PCI bridge to [bus 01]
[   46.216640] pci 0000:00:02.0:   bridge window [io  0xa000-0xafff]
[   46.410376] pci 0000:00:02.0:   bridge window [mem 0xc1800000-0xc19fffff]
[   46.632239] pci 0000:00:02.0:   bridge window [mem 0x800000000-0x8000fffff 64bit pref]
[   46.837472] pci 0000:00:02.1: PCI bridge to [bus 02]
[   46.967670] pci 0000:00:02.1:   bridge window [io  0x9000-0x9fff]
[   47.110386] pci 0000:00:02.1:   bridge window [mem 0xc1600000-0xc17fffff]
[   47.286182] pci 0000:00:02.1:   bridge window [mem 0x800100000-0x8001fffff 64bit pref]
[   47.474381] pci 0000:00:02.2: PCI bridge to [bus 03]
[   47.604971] pci 0000:00:02.2:   bridge window [io  0x8000-0x8fff]
[   47.748632] pci 0000:00:02.2:   bridge window [mem 0xc1400000-0xc15fffff]
[   47.937553] pci 0000:00:02.2:   bridge window [mem 0x800200000-0x8002fffff 64bit pref]
[   48.161588] pci 0000:00:02.3: PCI bridge to [bus 04]
[   48.297535] pci 0000:00:02.3:   bridge window [io  0x7000-0x7fff]
[   48.455275] pci 0000:00:02.3:   bridge window [mem 0xc1200000-0xc13fffff]
[   48.657336] pci 0000:00:02.3:   bridge window [mem 0x800300000-0x8003fffff 64bit pref]
[   48.882216] pci 0000:00:02.4: PCI bridge to [bus 05]
[   49.033029] pci 0000:00:02.4:   bridge window [io  0x6000-0x6fff]
[   49.223522] pci 0000:00:02.4:   bridge window [mem 0xc1000000-0xc11fffff]
[   49.412308] pci 0000:00:02.4:   bridge window [mem 0x800400000-0x8005fffff 64bit pref]
[   49.617434] NET: Registered protocol family 2
[   49.772209] tcp_listen_portaddr_hash hash table entries: 512 (order: 1, 8192 bytes)
[   49.943381] TCP established hash table entries: 8192 (order: 4, 65536 bytes)
[   50.085391] TCP bind hash table entries: 8192 (order: 5, 131072 bytes)
[   50.226360] TCP: Hash tables configured (established 8192 bind 8192)
[   50.358160] UDP hash table entries: 512 (order: 2, 16384 bytes)
[   50.485131] UDP-Lite hash table entries: 512 (order: 2, 16384 bytes)
[   50.632906] NET: Registered protocol family 1
[   50.730341] NET: Registered protocol family 44
[   50.848407] pci 0000:00:01.0: Video device with shadowed ROM at [mem 0x000c0000-0x000dffff]
[   51.026050] pci 0000:00:01.0: pci_fixup_video+0x0/0x110 took 180668 usecs
[   51.230126] Unpacking initramfs...
[   73.533559] Freeing initrd memory: 45460K
[   73.629514] clocksource: tsc: mask: 0xffffffffffffffff max_cycles: 0x2283c0783fd, max_idle_ns: 440795301468 ns
[   73.889097] Initialise system trusted keyrings
[   74.010436] Key type blacklist registered
[   74.132489] workingset: timestamp_bits=40 max_order=18 bucket_order=0
[   74.389373] zbud: loaded
[   74.966149] Key type asymmetric registered
[   75.069315] Asymmetric key parser 'x509' registered
[   75.204582] Block layer SCSI generic (bsg) driver version 0.4 loaded (major 247)
[   75.381193] io scheduler noop registered
[   75.492137] io scheduler deadline registered
[   75.633604] io scheduler cfq registered (default)
[   75.756095] io scheduler mq-deadline registered
[   75.900395] PCI Interrupt Link [GSIG] enabled at IRQ 22
[   76.104505] pcieport 0000:00:02.0: Signaling PME with IRQ 24
[   76.294368] pcieport 0000:00:02.0: AER enabled with IRQ 24
[   76.428429] pciehp 0000:00:02.0:pcie004: Slot #0 AttnBtn+ PwrCtrl+ MRL- AttnInd+ PwrInd+ HotPlug+ Surprise+ Interlock+ NoCompl- LLActRep+
[   76.882455] pcieport 0000:00:02.1: Signaling PME with IRQ 25
[   77.057108] pcieport 0000:00:02.1: AER enabled with IRQ 25
[   77.190198] pciehp 0000:00:02.1:pcie004: Slot #0 AttnBtn+ PwrCtrl+ MRL- AttnInd+ PwrInd+ HotPlug+ Surprise+ Interlock+ NoCompl- LLActRep+
[   77.619388] pcieport 0000:00:02.2: Signaling PME with IRQ 26
[   77.790070] pcieport 0000:00:02.2: AER enabled with IRQ 26
[   77.918104] pciehp 0000:00:02.2:pcie004: Slot #0 AttnBtn+ PwrCtrl+ MRL- AttnInd+ PwrInd+ HotPlug+ Surprise+ Interlock+ NoCompl- LLActRep+
[   78.331402] pcieport 0000:00:02.3: Signaling PME with IRQ 27
[   78.493123] pcieport 0000:00:02.3: AER enabled with IRQ 27
[   78.616525] pciehp 0000:00:02.3:pcie004: Slot #0 AttnBtn+ PwrCtrl+ MRL- AttnInd+ PwrInd+ HotPlug+ Surprise+ Interlock+ NoCompl- LLActRep+
[   79.068182] pcieport 0000:00:02.4: Signaling PME with IRQ 28
[   79.261258] pcieport 0000:00:02.4: AER enabled with IRQ 28
[   79.382137] pciehp 0000:00:02.4:pcie004: Slot #0 AttnBtn+ PwrCtrl+ MRL- AttnInd+ PwrInd+ HotPlug+ Surprise+ Interlock+ NoCompl- LLActRep+
[   79.714284] shpchp: Standard Hot Plug PCI Controller Driver version: 0.4
[   79.853034] efifb: probing for efifb
[   79.933081] efifb: framebuffer at 0xc0000000, using 1408k, total 1408k
[   80.068151] efifb: mode is 800x600x24, linelength=2400, pages=1
[   80.190171] efifb: scrolling: redraw
[   80.264451] efifb: Truecolor: size=0:8:8:8, shift=0:16:8:0
[   80.701452] Console: switching to colour frame buffer device 100x37
[   80.843307] fb0: EFI VGA frame buffer device
[   80.944432] Serial: 8250/16550 driver, 4 ports, IRQ sharing enabled
[   81.557107] 00:03: ttyS0 at I/O 0x3f8 (irq = 4, base_baud = 115200) is a 16550A
[   81.813161] Linux agpgart interface v0.103
[   81.956988] AMD IOMMUv2 driver by Joerg Roedel <jroedel@suse.de>
[   82.110182] AMD IOMMUv2 functionality not available on this system
[   82.289957] i8042: PNP: PS/2 Controller [PNP0303:KBD,PNP0f13:MOU] at 0x60,0x64 irq 1,12
[   82.608052] serio: i8042 KBD port at 0x60,0x64 irq 1
[   82.720798] serio: i8042 AUX port at 0x60,0x64 irq 12
[   82.831827] mousedev: PS/2 mouse device common for all mice
[   82.993044] rtc_cmos 00:00: RTC can wake from S4
[   83.125824] input: AT Translated Set 2 keyboard as /devices/platform/i8042/serio0/input/input0
[   83.459860] rtc_cmos 00:00: registered as rtc0
[   83.555815] rtc_cmos 00:00: alarms up to one day, y3k, 114 bytes nvram
[   83.728260] ledtrig-cpu: registered to indicate activity on CPUs
[   83.902235] NET: Registered protocol family 10
[   84.268965] Segment Routing with IPv6
[   84.355716] mip6: Mobile IPv6
[   84.424888] NET: Registered protocol family 17
[   84.570119] mpls_gso: MPLS GSO support
[   84.665082] mce: Using 10 MCE banks
[   84.752132] registered taskstats version 1
[   84.839255] Loading compiled-in X.509 certificates
[   85.023903] Loaded X.509 cert 'Debian Secure Boot CA: 6ccece7e4c6c0d1f6149f3dd27dfcc5cbb419ea1'
[   85.257276] Loaded X.509 cert 'Debian Secure Boot Signer: 00a7468def'
[   85.511873] zswap: loaded using pool lzo/zbud
[   85.657882] AppArmor: AppArmor sha1 policy hashing enabled
[   85.930213] rtc_cmos 00:00: setting system clock to 2020-10-16 15:52:26 UTC (1602863546)
[   86.348837] Unstable clock detected, switching default tracing clock to "global"
[   86.348837] If you want to keep using the local clock, then add:
[   86.348837]   "trace_clock=local"
[   86.348837] on the kernel command line
[   87.316741] Freeing unused kernel image memory: 1588K
[   87.452723] Write protecting the kernel read-only data: 16384k
[   88.081697] Freeing unused kernel image memory: 2028K
[   88.383722] Freeing unused kernel image memory: 780K
[   88.512070] x86/mm: Checked W+X mappings: passed, no W+X pages found.
[   88.647847] x86/mm: Checking user space page tables
[   88.792159] x86/mm: Checked W+X mappings: passed, no W+X pages found.
[   88.931933] Run /init as init process
[   91.912521] input: VirtualPS/2 VMware VMMouse as /devices/platform/i8042/serio1/input/input3
[   92.113811] SCSI subsystem initialized
[   92.443900] input: VirtualPS/2 VMware VMMouse as /devices/platform/i8042/serio1/input/input2
[   92.875695] PCI Interrupt Link [GSIA] enabled at IRQ 16
[   93.366442] ahci 0000:00:1f.2: AHCI 0001.0000 32 slots 6 ports 1.5 Gbps 0x3f impl SATA mode
[   93.564752] ahci 0000:00:1f.2: flags: 64bit ncq only 
[   94.232783] virtio_blk virtio2: [vda] 272384 512-byte logical blocks (139 MB/133 MiB)
[   94.727640]  vda: vda1 vda2
[   94.881844] scsi host0: ahci
[   95.109607] scsi host1: ahci
[   95.295911] scsi host2: ahci
[   95.527696] scsi host3: ahci
[   95.721512] scsi host4: ahci
[   95.923943] scsi host5: ahci
[   96.153825] ata1: SATA max UDMA/133 abar m4096@0xc1a10000 port 0xc1a10100 irq 29
[   96.373536] ata2: SATA max UDMA/133 abar m4096@0xc1a10000 port 0xc1a10180 irq 29
[   96.593336] ata3: SATA max UDMA/133 abar m4096@0xc1a10000 port 0xc1a10200 irq 29
[   96.769869] ata4: SATA max UDMA/133 abar m4096@0xc1a10000 port 0xc1a10280 irq 29
[   96.937475] ata5: SATA max UDMA/133 abar m4096@0xc1a10000 port 0xc1a10300 irq 29
[   97.098426] ata6: SATA max UDMA/133 abar m4096@0xc1a10000 port 0xc1a10380 irq 29
[   97.695678] ata2: SATA link down (SStatus 0 SControl 300)
[   97.844534] ata1: SATA link down (SStatus 0 SControl 300)
[   97.991848] ata5: SATA link down (SStatus 0 SControl 300)
[   98.146109] ata6: SATA link down (SStatus 0 SControl 300)
[   98.298413] ata3: SATA link down (SStatus 0 SControl 300)
[   98.494414] ata4: SATA link down (SStatus 0 SControl 300)


BusyBox v1.30.1 (Debian 1:1.30.1-4) built-in shell (ash)
Enter 'help' for a list of built-in commands.

/bin/ash: can't access tty; job control turned off
~ # ls
bin     etc     initrd  lib64   mnt     root    sbin    tmp     var
dev     init    lib     media   proc    run     sys     usr
~ # pwd
/
~ # ip addr
1: lo: <LOOPBACK> mtu 65536 qdisc noop qlen 1000
    link/loopback 00:00:00:00:00:00 brd 00:00:00:00:00:00
~ # hostname
(none)

