      /root/go/src/kubevirt.io/kubevirt/tests/vmi_configuration_test.go:1118
------------------------------
STEP: Starting a VirtualMachineInstance
{"component":"tests","kind":"VirtualMachineInstance","level":"info","msg":"Event(v1.ObjectReference{Kind:\"VirtualMachineInstance\", Namespace:\"kubevirt-test-default\", Name:\"testvmijl5q8dzfvdbsckcmcm59hwbs6s6qrqjkzt8d5pphjh244fh7\", UID:\"7cca429e-2ceb-446f-a9a9-63256c886c44\", APIVersion:\"kubevirt.io/v1alpha3\", ResourceVersion:\"75662\", FieldPath:\"\"}): type: 'Normal' reason: 'SuccessfulCreate' Created virtual machine pod virt-launcher-testvmijl5q8dzfvdbsckcmcm59hwbs6s6qrqjkzt8d5c7vdt","name":"testvmijl5q8dzfvdbsckcmcm59hwbs6s6qrqjkzt8d5pphjh244fh7","namespace":"kubevirt-test-default","pos":"utils.go:332","timestamp":"2020-08-28T22:05:16.281272Z","uid":"7cca429e-2ceb-446f-a9a9-63256c886c44"}
{"component":"tests","kind":"VirtualMachineInstance","level":"info","msg":"Event(v1.ObjectReference{Kind:\"VirtualMachineInstance\", Namespace:\"kubevirt-test-default\", Name:\"testvmijl5q8dzfvdbsckcmcm59hwbs6s6qrqjkzt8d5pphjh244fh7\", UID:\"7cca429e-2ceb-446f-a9a9-63256c886c44\", APIVersion:\"kubevirt.io/v1alpha3\", ResourceVersion:\"75718\", FieldPath:\"\"}): type: 'Normal' reason: 'Created' VirtualMachineInstance defined.","name":"testvmijl5q8dzfvdbsckcmcm59hwbs6s6qrqjkzt8d5pphjh244fh7","namespace":"kubevirt-test-default","pos":"utils.go:332","timestamp":"2020-08-28T22:05:24.109291Z","uid":"7cca429e-2ceb-446f-a9a9-63256c886c44"}
{"component":"tests","kind":"VirtualMachineInstance","level":"info","msg":"Event(v1.ObjectReference{Kind:\"VirtualMachineInstance\", Namespace:\"kubevirt-test-default\", Name:\"testvmijl5q8dzfvdbsckcmcm59hwbs6s6qrqjkzt8d5pphjh244fh7\", UID:\"7cca429e-2ceb-446f-a9a9-63256c886c44\", APIVersion:\"kubevirt.io/v1alpha3\", ResourceVersion:\"75718\", FieldPath:\"\"}): type: 'Normal' reason: 'Started' VirtualMachineInstance started.","name":"testvmijl5q8dzfvdbsckcmcm59hwbs6s6qrqjkzt8d5pphjh244fh7","namespace":"kubevirt-test-default","pos":"utils.go:332","timestamp":"2020-08-28T22:05:24.139658Z","uid":"7cca429e-2ceb-446f-a9a9-63256c886c44"}
STEP: VMI has the guest agent connected condition
• Failure [249.905 seconds]
Configurations
/root/go/src/kubevirt.io/kubevirt/tests/vmi_configuration_test.go:56
  VirtualMachineInstance definition
  /root/go/src/kubevirt.io/kubevirt/tests/vmi_configuration_test.go:172
    [rfe_id:140][crit:medium][vendor:cnv-qe@redhat.com][level:component]with guestAgent
    /root/go/src/kubevirt.io/kubevirt/tests/vmi_configuration_test.go:1098
      [test_id:4630]should return filesystem list [It]
      /root/go/src/kubevirt.io/kubevirt/tests/vmi_configuration_test.go:1311

      Timed out after 240.000s.
      Should have agent connected condition
      Expected
          <[]v1.VirtualMachineInstanceCondition | len:2, cap:2>: [
              {
                  Type: "LiveMigratable",
                  Status: "True",
                  LastProbeTime: {
                      Time: 0001-01-01T00:00:00Z,
                  },
                  LastTransitionTime: {
                      Time: 0001-01-01T00:00:00Z,
                  },
                  Reason: "",
                  Message: "",
              },
              {
                  Type: "Ready",
                  Status: "True",
                  LastProbeTime: {
                      Time: 0001-01-01T00:00:00Z,
                  },
                  LastTransitionTime: {
                      Time: 2020-08-28T22:09:30Z,
                  },
                  Reason: "",
                  Message: "",
              },
          ]
      to contain element matching
          <*gstruct.FieldsMatcher | 0xc002c99140>: {
              Fields: {
                  "Type": {
                      Expected: "AgentConnected",
                  },
              },
              IgnoreExtras: true,
              IgnoreMissing: false,
              failures: [
                  {
                      Path: ".Type",
                      Err: {
                          s: "Expected\n    <v1.VirtualMachineInstanceConditionType>: Ready\nto equal\n    <v1.VirtualMachineInstanceConditionType>: AgentConnected",
                      },
                  },
              ],
          }

      /root/go/src/kubevirt.io/kubevirt/tests/vmi_configuration_test.go:1118
------------------------------
STEP: Starting a VirtualMachineInstance
{"component":"tests","kind":"VirtualMachineInstance","level":"info","msg":"Event(v1.ObjectReference{Kind:\"VirtualMachineInstance\", Namespace:\"kubevirt-test-default\", Name:\"testvmildvzpwdh59kfpbh4bxwrxtpsglrnjqw6x2kjd6fpllbtx29s\", UID:\"36c9b9e7-9d27-4d82-b609-be9928cfff47\", APIVersion:\"kubevirt.io/v1alpha3\", ResourceVersion:\"76734\", FieldPath:\"\"}): type: 'Normal' reason: 'SuccessfulCreate' Created virtual machine pod virt-launcher-testvmildvzpwdh59kfpbh4bxwrxtpsglrnjqw6x2kjdhp64c","name":"testvmildvzpwdh59kfpbh4bxwrxtpsglrnjqw6x2kjd6fpllbtx29s","namespace":"kubevirt-test-default","pos":"utils.go:332","timestamp":"2020-08-28T22:09:27.160144Z","uid":"36c9b9e7-9d27-4d82-b609-be9928cfff47"}
{"component":"tests","kind":"VirtualMachineInstance","level":"info","msg":"Event(v1.ObjectReference{Kind:\"VirtualMachineInstance\", Namespace:\"kubevirt-test-default\", Name:\"testvmildvzpwdh59kfpbh4bxwrxtpsglrnjqw6x2kjd6fpllbtx29s\", UID:\"36c9b9e7-9d27-4d82-b609-be9928cfff47\", APIVersion:\"kubevirt.io/v1alpha3\", ResourceVersion:\"76767\", FieldPath:\"\"}): type: 'Normal' reason: 'Created' VirtualMachineInstance defined.","name":"testvmildvzpwdh59kfpbh4bxwrxtpsglrnjqw6x2kjd6fpllbtx29s","namespace":"kubevirt-test-default","pos":"utils.go:332","timestamp":"2020-08-28T22:09:34.081115Z","uid":"36c9b9e7-9d27-4d82-b609-be9928cfff47"}
{"component":"tests","kind":"VirtualMachineInstance","level":"info","msg":"Event(v1.ObjectReference{Kind:\"VirtualMachineInstance\", Namespace:\"kubevirt-test-default\", Name:\"testvmildvzpwdh59kfpbh4bxwrxtpsglrnjqw6x2kjd6fpllbtx29s\", UID:\"36c9b9e7-9d27-4d82-b609-be9928cfff47\", APIVersion:\"kubevirt.io/v1alpha3\", ResourceVersion:\"76767\", FieldPath:\"\"}): type: 'Normal' reason: 'Started' VirtualMachineInstance started.","name":"testvmildvzpwdh59kfpbh4bxwrxtpsglrnjqw6x2kjd6fpllbtx29s","namespace":"kubevirt-test-default","pos":"utils.go:332","timestamp":"2020-08-28T22:09:34.152127Z","uid":"36c9b9e7-9d27-4d82-b609-be9928cfff47"}
STEP: VMI has the guest agent connected condition
• [SLOW TEST:11.282 seconds]
Configurations
/root/go/src/kubevirt.io/kubevirt/tests/vmi_configuration_test.go:56
  VirtualMachineInstance definition
  /root/go/src/kubevirt.io/kubevirt/tests/vmi_configuration_test.go:172
    [rfe_id:140][crit:medium][vendor:cnv-qe@redhat.com][level:component]with serial-number
    /root/go/src/kubevirt.io/kubevirt/tests/vmi_configuration_test.go:1330
      [test_id:3121]should have serial-number set when present
      /root/go/src/kubevirt.io/kubevirt/tests/vmi_configuration_test.go:1337
------------------------------
• [SLOW TEST:12.656 seconds]
Configurations
/root/go/src/kubevirt.io/kubevirt/tests/vmi_configuration_test.go:56
  VirtualMachineInstance definition
  /root/go/src/kubevirt.io/kubevirt/tests/vmi_configuration_test.go:172
    [rfe_id:140][crit:medium][vendor:cnv-qe@redhat.com][level:component]with serial-number
    /root/go/src/kubevirt.io/kubevirt/tests/vmi_configuration_test.go:1330
      [test_id:3122]should not have serial-number set when not present
      /root/go/src/kubevirt.io/kubevirt/tests/vmi_configuration_test.go:1357
------------------------------
• Failure [200.982 seconds]
Configurations
/root/go/src/kubevirt.io/kubevirt/tests/vmi_configuration_test.go:56
  VirtualMachineInstance definition
  /root/go/src/kubevirt.io/kubevirt/tests/vmi_configuration_test.go:172
    with Clock and timezone
    /root/go/src/kubevirt.io/kubevirt/tests/vmi_configuration_test.go:1376
      guest should see timezone [It]
      /root/go/src/kubevirt.io/kubevirt/tests/vmi_configuration_test.go:1378

      Unexpected error:
          <expect.TimeoutError>: 180000000000
          expect: timer expired after 180 seconds
      occurred

      /root/go/src/kubevirt.io/kubevirt/tests/vmi_configuration_test.go:1398
------------------------------
STEP: Creating a VMI with timezone set
STEP: Waiting for succesful start of VMI
{"component":"tests","kind":"VirtualMachineInstance","level":"info","msg":"Event(v1.ObjectReference{Kind:\"VirtualMachineInstance\", Namespace:\"kubevirt-test-default\", Name:\"testvmip7snztsdrbqg92b5v8rjdkwxzl45s5ns89fv4lc52sf59qr8\", UID:\"464f19a1-1719-4191-93e2-714ed7d2b818\", APIVersion:\"kubevirt.io/v1alpha3\", ResourceVersion:\"77971\", FieldPath:\"\"}): type: 'Normal' reason: 'SuccessfulCreate' Created virtual machine pod virt-launcher-testvmip7snztsdrbqg92b5v8rjdkwxzl45s5ns89fv4scr6q","name":"testvmip7snztsdrbqg92b5v8rjdkwxzl45s5ns89fv4lc52sf59qr8","namespace":"kubevirt-test-default","pos":"utils.go:332","timestamp":"2020-08-28T22:14:00.845566Z","uid":"464f19a1-1719-4191-93e2-714ed7d2b818"}
{"component":"tests","kind":"VirtualMachineInstance","level":"info","msg":"Event(v1.ObjectReference{Kind:\"VirtualMachineInstance\", Namespace:\"kubevirt-test-default\", Name:\"testvmip7snztsdrbqg92b5v8rjdkwxzl45s5ns89fv4lc52sf59qr8\", UID:\"464f19a1-1719-4191-93e2-714ed7d2b818\", APIVersion:\"kubevirt.io/v1alpha3\", ResourceVersion:\"78012\", FieldPath:\"\"}): type: 'Normal' reason: 'Created' VirtualMachineInstance defined.","name":"testvmip7snztsdrbqg92b5v8rjdkwxzl45s5ns89fv4lc52sf59qr8","namespace":"kubevirt-test-default","pos":"utils.go:332","timestamp":"2020-08-28T22:14:08.296442Z","uid":"464f19a1-1719-4191-93e2-714ed7d2b818"}
{"component":"tests","kind":"VirtualMachineInstance","level":"info","msg":"Event(v1.ObjectReference{Kind:\"VirtualMachineInstance\", Namespace:\"kubevirt-test-default\", Name:\"testvmip7snztsdrbqg92b5v8rjdkwxzl45s5ns89fv4lc52sf59qr8\", UID:\"464f19a1-1719-4191-93e2-714ed7d2b818\", APIVersion:\"kubevirt.io/v1alpha3\", ResourceVersion:\"78012\", FieldPath:\"\"}): type: 'Normal' reason: 'Started' VirtualMachineInstance started.","name":"testvmip7snztsdrbqg92b5v8rjdkwxzl45s5ns89fv4lc52sf59qr8","namespace":"kubevirt-test-default","pos":"utils.go:332","timestamp":"2020-08-28T22:14:08.325044Z","uid":"464f19a1-1719-4191-93e2-714ed7d2b818"}
STEP: Logging to VMI
Sent: "\n"
Sent: "\n"
Sent: "\n"
{"component":"tests","kind":"VirtualMachineInstance","level":"info","msg":"Login: [{2
[    0.000000] Initializing cgroup subsys cpuset\r\n[    0.000000] Initializing cgroup subsys cpu\r\n[    0.000000] Initializing cgroup subsys cpuacct\r\n[    0.000000] Linux version 4.4.0-28-generic (buildd@lcy01-13) (gcc version 5.3.1 20160413 (Ubuntu 5.3.1-14ubuntu2.1) ) #47-Ubuntu SMP Fri Jun 24 10:09:13 UTC 2016 (Ubuntu 4.4.0-28.47-generic 4.4.13)\r\n[    0.000000] Command line: LABEL=cirros-rootfs ro console=tty1 console=ttyS0\r\n[    0.000000] KERNEL supported cpus:\r\n[    0.000000]   Intel GenuineIntel\r\n[    0.000000]   AMD AuthenticAMD\r\n[    0.000000]   Centaur CentaurHauls\r\n[    0.000000] x86/fpu: xstate_offset[2]:  576, xstate_sizes[2]:  256\r\n[    0.000000] x86/fpu: Supporting XSAVE feature 0x01: 'x87 floating point registers'\r\n[    0.000000] x86/fpu: Supporting XSAVE feature 0x02: 'SSE registers'\r\n[    0.000000] x86/fpu: Supporting XSAVE feature 0x04: 'AVX registers'\r\n[    0.000000] x86/fpu: Enabled xstate features 0x7, context size is 832 bytes, using 'standard' format.\r\n[    0.000000] x86/fpu: Using 'eager' FPU context switches.\r\n[    0.000000] e820: BIOS-provided physical RAM map:\r\n[    0.000000] BIOS-e820: [mem 0x0000000000000000-0x000000000009fbff] usable\r\n[    0.000000] BIOS-e820: [mem 0x000000000009fc00-0x000000000009ffff] reserved\r\n[    0.000000] BIOS-e820: [mem 0x00000000000f0000-0x00000000000fffff] reserved\r\n[    0.000000] BIOS-e820: [mem 0x0000000000100000-0x0000000003ddbfff] usable\r\n[    0.000000] BIOS-e820: [mem 0x0000000003ddc000-0x0000000003dfffff] reserved\r\n[    0.000000] BIOS-e820: [mem 0x00000000b0000000-0x00000000bfffffff] reserved\r\n[    0.000000] BIOS-e820: [mem 0x00000000fed1c000-0x00000000fed1ffff] reserved\r\n[    0.000000] BIOS-e820: [mem 0x00000000feffc000-0x00000000feffffff] reserved\r\n[    0.000000] BIOS-e820: [mem 0x00000000fffc0000-0x00000000ffffffff] reserved\r\n[    0.000000] NX (Execute Disable) protection: active\r\n[    0.000000] SMBIOS 2.8 present.\r\n[    0.000000] Hypervisor detected: KVM\r\n[    0.000000] e820: last_pfn = 0x3ddc max_arch_pfn = 0x400000000\r\n[    0.000000] x86/PAT: Configuration [0-7]: WB  WC  UC- UC  WB  WC  UC- WT  \r\n[    0.000000] found SMP MP-table at [mem 0x000f5cc0-0x000f5ccf] mapped at [ffff8800000f5cc0]\r\n[    0.000000] Scanning 1 areas for low memory corruption\r\n[    0.000000] Using GB pages for direct mapping\r\n[    0.000000] RAMDISK: [mem 0x03916000-0x03dcbfff]\r\n[    0.000000] ACPI: Early table checksum verification disabled\r\n[    0.000000] ACPI: RSDP 0x00000000000F5A50 000014 (v00 BOCHS )\r\n[    0.000000] ACPI: RSDT 0x0000000003DE20A6 000030 (v01 BOCHS  BXPCRSDT 00000001 BXPC 00000001)\r\n[    0.000000] ACPI: FACP 0x0000000003DE1EFE 0000F4 (v03 BOCHS  BXPCFACP 00000001 BXPC 00000001)\r\n[    0.000000] ACPI: DSDT 0x0000000003DE0040 001EBE (v01 BOCHS  BXPCDSDT 00000001 BXPC 00000001)\r\n[    0.000000] ACPI: FACS 0x0000000003DE0000 000040\r\n[    0.000000] ACPI: APIC 0x0000000003DE1FF2 000078 (v01 BOCHS  BXPCAPIC 00000001 BXPC 00000001)\r\n[    0.000000] ACPI: MCFG 0x0000000003DE206A 00003C (v01 BOCHS  BXPCMCFG 00000001 BXPC 00000001)\r\n[    0.000000] No NUMA configuration found\r\n[    0.000000] Faking a node at [mem 0x0000000000000000-0x0000000003ddbfff]\r\n[    0.000000] NODE_DATA(0) allocated [mem 0x03dd7000-0x03ddbfff]\r\n[    0.000000] kvm-clock: Using msrs 4b564d01 and 4b564d00\r\n[    0.000000] kvm-clock: cpu 0, msr 0:3dd3001, primary cpu clock\r\n[    0.000000] clocksource: kvm-clock: mask: 0xffffffffffffffff max_cycles: 0x1cd42e4dffb, max_idle_ns: 881590591483 ns\r\n[    0.000000] Zone ranges:\r\n[    0.000000]   DMA      [mem 0x0000000000001000-0x0000000000ffffff]\r\n[    0.000000]   DMA32    [mem 0x0000000001000000-0x0000000003ddbfff]\r\n[    0.000000]   Normal   empty\r\n[    0.000000]   Device   empty\r\n[    0.000000] Movable zone start for each node\r\n[    0.000000] Early memory node ranges\r\n[    0.000000]   node   0: [mem 0x0000000000001000-0x000000000009efff]\r\n[    0.000000]   node   0: [mem 0x0000000000100000-0x0000000003ddbfff]\r\n[    0.000000] Initmem setup node 0 [mem 0x0000000000001000-0x0000000003ddbfff]\r\n[    0.000000] ACPI: PM-Timer IO Port: 0x608\r\n[    0.000000] ACPI: LAPIC_NMI (acpi_id[0xff] dfl dfl lint[0x1])\r\n[    0.000000] IOAPIC[0]: apic_id 0, version 17, address 0xfec00000, GSI 0-23\r\n[    0.000000] ACPI: INT_SRC_OVR (bus 0 bus_irq 0 global_irq 2 dfl dfl)\r\n[    0.000000] ACPI: INT_SRC_OVR (bus 0 bus_irq 5 global_irq 5 high level)\r\n[    0.000000] ACPI: INT_SRC_OVR (bus 0 bus_irq 9 global_irq 9 high level)\r\n[    0.000000] ACPI: INT_SRC_OVR (bus 0 bus_irq 10 global_irq 10 high level)\r\n[    0.000000] ACPI: INT_SRC_OVR (bus 0 bus_irq 11 global_irq 11 high level)\r\n[    0.000000] Using ACPI (MADT) for SMP configuration information\r\n[    0.000000] smpboot: Allowing 1 CPUs, 0 hotplug CPUs\r\n[    0.000000] PM: Registered nosave memory: [mem 0x00000000-0x00000fff]\r\n[    0.000000] PM: Registered nosave memory: [mem 0x0009f000-0x0009ffff]\r\n[    0.000000] PM: Registered nosave memory: [mem 0x000a0000-0x000effff]\r\n[    0.000000] PM: Registered nosave memory: [mem 0x000f0000-0x000fffff]\r\n[    0.000000] e820: [mem 0x03e00000-0xafffffff] available for PCI devices\r\n[    0.000000] Booting paravirtualized kernel on KVM\r\n[    0.000000] clocksource: refined-jiffies: mask: 0xffffffff max_cycles: 0xffffffff, max_idle_ns: 7645519600211568 ns\r\n[    0.000000] setup_percpu: NR_CPUS:256 nr_cpumask_bits:256 nr_cpu_ids:1 nr_node_ids:1\r\n[    0.000000] PERCPU: Embedded 33 pages/cpu @ffff880003600000 s98008 r8192 d28968 u2097152\r\n[    0.000000] KVM setup async PF for cpu 0\r\n[    0.000000] kvm-stealtime: cpu 0, msr 360d940\r\n[    0.000000] PV qspinlock hash table entries: 256 (order: 0, 4096 bytes)\r\n[    0.000000] Built 1 zonelists in Node order, mobility grouping on.  Total pages: 15469\r\n[    0.000000] Policy zone: DMA32\r\n[    0.000000] Kernel command line: LABEL=cirros-rootfs ro console=tty1 console=ttyS0\r\n[    0.000000] PID hash table entries: 256 (order: -1, 2048 bytes)\r\n[    0.000000] Memory: 37152K/62952K available (8368K kernel code, 1280K rwdata, 3928K rodata, 1480K init, 1292K bss, 25800K reserved, 0K cma-reserved)\r\n[    0.000000] SLUB: HWalign=64, Order=0-3, MinObjects=0, CPUs=1, Nodes=1\r\n[    0.000000] Hierarchical RCU implementation.\r\n[    0.000000] \tBuild-time adjustment of leaf fanout to 64.\r\n[    0.000000] \tRCU restricting CPUs from NR_CPUS=256 to nr_cpu_ids=1.\r\n[    0.000000] RCU: Adjusting geometry for rcu_fanout_leaf=64, nr_cpu_ids=1\r\n[    0.000000] NR_IRQS:16640 nr_irqs:256 16\r\n[    0.000000] Console: colour VGA+ 80x25\r\n[    0.000000] console [tty1] enabled\r\n[    0.000000] console [ttyS0] enabled\r\n[    0.000000] tsc: Detected 2394.454 MHz processor\r\n[    0.224000] Calibrating delay loop (skipped) preset value.. 4788.90 BogoMIPS (lpj=9577816)\r\n[    0.332943] pid_max: default: 32768 minimum: 301\r\n[    0.408000] ACPI: Core revision 20150930\r\n[    0.815267] ACPI: 1 ACPI AML tables successfully acquired and loaded\r\n[    1.065276] Security Framework initialized\r\n[    1.092000] Yama: becoming mindful.\r\n[    1.312000] AppArmor: AppArmor initialized\r\n[    1.400000] Dentry cache hash table entries: 8192 (order: 4, 65536 bytes)\r\n[    1.603923] Inode-cache hash table entries: 4096 (order: 3, 32768 bytes)\r\n[    1.696926] Mount-cache hash table entries: 512 (order: 0, 4096 bytes)\r\n[    1.776641] Mountpoint-cache hash table entries: 512 (order: 0, 4096 bytes)\r\n[    2.888000] Initializing cgroup subsys io\r\n[    2.961316] Initializing cgroup subsys memory\r\n[    3.040962] Initializing cgroup subsys devices\r\n[    3.065520] Initializing cgroup subsys freezer\r\n[    3.116941] Initializing cgroup subsys net_cls\r\n[    3.138003] Initializing cgroup subsys perf_event\r\n[    3.220656] Initializing cgroup subsys net_prio\r\n[    3.248818] Initializing cgroup subsys hugetlb\r\n[    3.256748] Initializing cgroup subsys pids\r\n[    3.585827] CPU: Physical Processor ID: 0\r\n[    3.757341] mce: CPU supports 10 MCE banks\r\n[    4.050993] Last level iTLB entries: 4KB 0, 2MB 0, 4MB 0\r\n[    4.052696] Last level dTLB entries: 4KB 0, 2MB 0, 4MB 0, 1GB 0\r\n[   32.774984] random: nonblocking pool is initialized\r\n[   55.025631] Freeing SMP alternatives memory: 28K (ffffffff820b4000 - ffffffff820bb000)\r\n []}]","name":"testvmip7snztsdrbqg92b5v8rjdkwxzl45s5ns89fv4lc52sf59qr8","namespace":"kubevirt-test-default","pos":"utils.go:2984","timestamp":"2020-08-28T22:17:19.121249Z","uid":"464f19a1-1719-4191-93e2-714ed7d2b818"}
• Failure [214.934 seconds]
Configurations
/root/go/src/kubevirt.io/kubevirt/tests/vmi_configuration_test.go:56
  [rfe_id:140][crit:medium][vendor:cnv-qe@redhat.com][level:component]with CPU spec
  /root/go/src/kubevirt.io/kubevirt/tests/vmi_configuration_test.go:1418
    [rfe_id:140][crit:medium][vendor:cnv-qe@redhat.com][level:component]when CPU model defined
    /root/go/src/kubevirt.io/kubevirt/tests/vmi_configuration_test.go:1485
      [test_id:1678]should report defined CPU model [It]
      /root/go/src/kubevirt.io/kubevirt/tests/vmi_configuration_test.go:1486

      Unexpected error:
          <expect.TimeoutError>: 180000000000
          expect: timer expired after 180 seconds
      occurred

      /root/go/src/kubevirt.io/kubevirt/tests/vmi_configuration_test.go:1502
------------------------------
{"component":"tests","kind":"VirtualMachineInstance","level":"info","msg":"Event(v1.ObjectReference{Kind:\"VirtualMachineInstance\", Namespace:\"kubevirt-test-default\", Name:\"testvmid2llfhgmj2gk8p4n7576rrgtfvktg9mwjlj6c68mbw49h4bq\", UID:\"306a70b0-5bc8-4be3-bf1b-b2395b22a324\", APIVersion:\"kubevirt.io/v1alpha3\", ResourceVersion:\"78892\", FieldPath:\"\"}): type: 'Normal' reason: 'Created' VirtualMachineInstance defined.","name":"testvmid2llfhgmj2gk8p4n7576rrgtfvktg9mwjlj6c68mbw49h4bq","namespace":"kubevirt-test-default","pos":"utils.go:332","timestamp":"2020-08-28T22:17:28.796141Z","uid":"306a70b0-5bc8-4be3-bf1b-b2395b22a324"}
{"component":"tests","kind":"VirtualMachineInstance","level":"info","msg":"Event(v1.ObjectReference{Kind:\"VirtualMachineInstance\", Namespace:\"kubevirt-test-default\", Name:\"testvmid2llfhgmj2gk8p4n7576rrgtfvktg9mwjlj6c68mbw49h4bq\", UID:\"306a70b0-5bc8-4be3-bf1b-b2395b22a324\", APIVersion:\"kubevirt.io/v1alpha3\", ResourceVersion:\"78901\", FieldPath:\"\"}): type: 'Normal' reason: 'Started' VirtualMachineInstance started.","name":"testvmid2llfhgmj2gk8p4n7576rrgtfvktg9mwjlj6c68mbw49h4bq","namespace":"kubevirt-test-default","pos":"utils.go:332","timestamp":"2020-08-28T22:17:28.857131Z","uid":"306a70b0-5bc8-4be3-bf1b-b2395b22a324"}
STEP: Starting a VirtualMachineInstance
{"component":"tests","kind":"VirtualMachineInstance","level":"info","msg":"Event(v1.ObjectReference{Kind:\"VirtualMachineInstance\", Namespace:\"kubevirt-test-default\", Name:\"testvmi4fzg7jg8tlg4v8q5f46w65bkh9ln4c9lnpkcrtch229j56mw\", UID:\"8562dbfc-7faa-4a94-9fda-5790e65f5d88\", APIVersion:\"kubevirt.io/v1alpha3\", ResourceVersion:\"78947\", FieldPath:\"\"}): type: 'Normal' reason: 'SuccessfulCreate' Created virtual machine pod virt-launcher-testvmi4fzg7jg8tlg4v8q5f46w65bkh9ln4c9lnpkcrnlpqv","name":"testvmi4fzg7jg8tlg4v8q5f46w65bkh9ln4c9lnpkcrtch229j56mw","namespace":"kubevirt-test-default","pos":"utils.go:332","timestamp":"2020-08-28T22:17:36.022322Z","uid":"8562dbfc-7faa-4a94-9fda-5790e65f5d88"}
{"component":"tests","kind":"VirtualMachineInstance","level":"info","msg":"Event(v1.ObjectReference{Kind:\"VirtualMachineInstance\", Namespace:\"kubevirt-test-default\", Name:\"testvmi4fzg7jg8tlg4v8q5f46w65bkh9ln4c9lnpkcrtch229j56mw\", UID:\"8562dbfc-7faa-4a94-9fda-5790e65f5d88\", APIVersion:\"kubevirt.io/v1alpha3\", ResourceVersion:\"78985\", FieldPath:\"\"}): type: 'Normal' reason: 'Created' VirtualMachineInstance defined.","name":"testvmi4fzg7jg8tlg4v8q5f46w65bkh9ln4c9lnpkcrtch229j56mw","namespace":"kubevirt-test-default","pos":"utils.go:332","timestamp":"2020-08-28T22:17:43.759093Z","uid":"8562dbfc-7faa-4a94-9fda-5790e65f5d88"}
{"component":"tests","kind":"VirtualMachineInstance","level":"info","msg":"Event(v1.ObjectReference{Kind:\"VirtualMachineInstance\", Namespace:\"kubevirt-test-default\", Name:\"testvmi4fzg7jg8tlg4v8q5f46w65bkh9ln4c9lnpkcrtch229j56mw\", UID:\"8562dbfc-7faa-4a94-9fda-5790e65f5d88\", APIVersion:\"kubevirt.io/v1alpha3\", ResourceVersion:\"78997\", FieldPath:\"\"}): type: 'Normal' reason: 'Started' VirtualMachineInstance started.","name":"testvmi4fzg7jg8tlg4v8q5f46w65bkh9ln4c9lnpkcrtch229j56mw","namespace":"kubevirt-test-default","pos":"utils.go:332","timestamp":"2020-08-28T22:17:43.836207Z","uid":"8562dbfc-7faa-4a94-9fda-5790e65f5d88"}
STEP: Expecting the VirtualMachineInstance console
Sent: "\n"
Sent: "\n"
Sent: "\n"
{"component":"tests","kind":"VirtualMachineInstance","level":"info","msg":"Login: [{2
[    0.000000] Initializing cgroup subsys cpuset\r\n[    0.000000] Initializing cgroup subsys cpu\r\n[    0.000000] Initializing cgroup subsys cpuacct\r\n[    0.000000] Linux version 4.4.0-28-generic (buildd@lcy01-13) (gcc version 5.3.1 20160413 (Ubuntu 5.3.1-14ubuntu2.1) ) #47-Ubuntu SMP Fri Jun 24 10:09:13 UTC 2016 (Ubuntu 4.4.0-28.47-generic 4.4.13)\r\n[    0.000000] Command line: LABEL=cirros-rootfs ro console=tty1 console=ttyS0\r\n[    0.000000] KERNEL supported cpus:\r\n[    0.000000]   Intel GenuineIntel\r\n[    0.000000]   AMD AuthenticAMD\r\n[    0.000000]   Centaur CentaurHauls\r\n[    0.000000] x86/fpu: Legacy x87 FPU detected.\r\n[    0.000000] x86/fpu: Using 'lazy' FPU context switches.\r\n[    0.000000] e820: BIOS-provided physical RAM map:\r\n[    0.000000] BIOS-e820: [mem 0x0000000000000000-0x000000000009fbff] usable\r\n[    0.000000] BIOS-e820: [mem 0x000000000009fc00-0x000000000009ffff] reserved\r\n[    0.000000] BIOS-e820: [mem 0x00000000000f0000-0x00000000000fffff] reserved\r\n[    0.000000] BIOS-e820: [mem 0x0000000000100000-0x0000000003ddbfff] usable\r\n[    0.000000] BIOS-e820: [mem 0x0000000003ddc000-0x0000000003dfffff] reserved\r\n[    0.000000] BIOS-e820: [mem 0x00000000b0000000-0x00000000bfffffff] reserved\r\n[    0.000000] BIOS-e820: [mem 0x00000000fed1c000-0x00000000fed1ffff] reserved\r\n[    0.000000] BIOS-e820: [mem 0x00000000feffc000-0x00000000feffffff] reserved\r\n[    0.000000] BIOS-e820: [mem 0x00000000fffc0000-0x00000000ffffffff] reserved\r\n[    0.000000] NX (Execute Disable) protection: active\r\n[    0.000000] SMBIOS 2.8 present.\r\n[    0.000000] Hypervisor detected: KVM\r\n[    0.000000] e820: last_pfn = 0x3ddc max_arch_pfn = 0x400000000\r\n[    0.000000] x86/PAT: Configuration [0-7]: WB  WC  UC- UC  WB  WC  UC- WT  \r\n[    0.000000] found SMP MP-table at [mem 0x000f5cc0-0x000f5ccf] mapped at [ffff8800000f5cc0]\r\n[    0.000000] Scanning 1 areas for low memory corruption\r\n[    0.000000] RAMDISK: [mem 0x03916000-0x03dcbfff]\r\n[    0.000000] ACPI: Early table checksum verification disabled\r\n[    0.000000] ACPI: RSDP 0x00000000000F5A50 000014 (v00 BOCHS )\r\n[    0.000000] ACPI: RSDT 0x0000000003DE20A6 000030 (v01 BOCHS  BXPCRSDT 00000001 BXPC 00000001)\r\n[    0.000000] ACPI: FACP 0x0000000003DE1EFE 0000F4 (v03 BOCHS  BXPCFACP 00000001 BXPC 00000001)\r\n[    0.000000] ACPI: DSDT 0x0000000003DE0040 001EBE (v01 BOCHS  BXPCDSDT 00000001 BXPC 00000001)\r\n[    0.000000] ACPI: FACS 0x0000000003DE0000 000040\r\n[    0.000000] ACPI: APIC 0x0000000003DE1FF2 000078 (v01 BOCHS  BXPCAPIC 00000001 BXPC 00000001)\r\n[    0.000000] ACPI: MCFG 0x0000000003DE206A 00003C (v01 BOCHS  BXPCMCFG 00000001 BXPC 00000001)\r\n[    0.000000] No NUMA configuration found\r\n[    0.000000] Faking a node at [mem 0x0000000000000000-0x0000000003ddbfff]\r\n[    0.000000] NODE_DATA(0) allocated [mem 0x03dd7000-0x03ddbfff]\r\n[    0.000000] kvm-clock: Using msrs 4b564d01 and 4b564d00\r\n[    0.000000] kvm-clock: cpu 0, msr 0:3dd3001, primary cpu clock\r\n[    0.000000] clocksource: kvm-clock: mask: 0xffffffffffffffff max_cycles: 0x1cd42e4dffb, max_idle_ns: 881590591483 ns\r\n[    0.000000] Zone ranges:\r\n[    0.000000]   DMA      [mem 0x0000000000001000-0x0000000000ffffff]\r\n[    0.000000]   DMA32    [mem 0x0000000001000000-0x0000000003ddbfff]\r\n[    0.000000]   Normal   empty\r\n[    0.000000]   Device   empty\r\n[    0.000000] Movable zone start for each node\r\n[    0.000000] Early memory node ranges\r\n[    0.000000]   node   0: [mem 0x0000000000001000-0x000000000009efff]\r\n[    0.000000]   node   0: [mem 0x0000000000100000-0x0000000003ddbfff]\r\n[    0.000000] Initmem setup node 0 [mem 0x0000000000001000-0x0000000003ddbfff]\r\n[    0.000000] ACPI: PM-Timer IO Port: 0x608\r\n[    0.000000] ACPI: LAPIC_NMI (acpi_id[0xff] dfl dfl lint[0x1])\r\n[    0.000000] IOAPIC[0]: apic_id 0, version 17, address 0xfec00000, GSI 0-23\r\n[    0.000000] ACPI: INT_SRC_OVR (bus 0 bus_irq 0 global_irq 2 dfl dfl)\r\n[    0.000000] ACPI: INT_SRC_OVR (bus 0 bus_irq 5 global_irq 5 high level)\r\n[    0.000000] ACPI: INT_SRC_OVR (bus 0 bus_irq 9 global_irq 9 high level)\r\n[    0.000000] ACPI: INT_SRC_OVR (bus 0 bus_irq 10 global_irq 10 high level)\r\n[    0.000000] ACPI: INT_SRC_OVR (bus 0 bus_irq 11 global_irq 11 high level)\r\n[    0.000000] Using ACPI (MADT) for SMP configuration information\r\n[    0.000000] smpboot: Allowing 1 CPUs, 0 hotplug CPUs\r\n[    0.000000] PM: Registered nosave memory: [mem 0x00000000-0x00000fff]\r\n[    0.000000] PM: Registered nosave memory: [mem 0x0009f000-0x0009ffff]\r\n[    0.000000] PM: Registered nosave memory: [mem 0x000a0000-0x000effff]\r\n[    0.000000] PM: Registered nosave memory: [mem 0x000f0000-0x000fffff]\r\n[    0.000000] e820: [mem 0x03e00000-0xafffffff] available for PCI devices\r\n[    0.000000] Booting paravirtualized kernel on KVM\r\n[    0.000000] clocksource: refined-jiffies: mask: 0xffffffff max_cycles: 0xffffffff, max_idle_ns: 7645519600211568 ns\r\n[    0.000000] setup_percpu: NR_CPUS:256 nr_cpumask_bits:256 nr_cpu_ids:1 nr_node_ids:1\r\n[    0.000000] PERCPU: Embedded 33 pages/cpu @ffff880003600000 s98008 r8192 d28968 u2097152\r\n[    0.000000] KVM setup async PF for cpu 0\r\n[    0.000000] kvm-stealtime: cpu 0, msr 360d940\r\n[    0.000000] PV qspinlock hash table entries: 256 (order: 0, 4096 bytes)\r\n[    0.000000] Built 1 zonelists in Node order, mobility grouping on.  Total pages: 15469\r\n[    0.000000] Policy zone: DMA32\r\n[    0.000000] Kernel command line: LABEL=cirros-rootfs ro console=tty1 console=ttyS0\r\n[    0.000000] PID hash table entries: 256 (order: -1, 2048 bytes)\r\n[    0.000000] Memory: 37152K/62952K available (8368K kernel code, 1280K rwdata, 3928K rodata, 1480K init, 1292K bss, 25800K reserved, 0K cma-reserved)\r\n[    0.000000] SLUB: HWalign=64, Order=0-3, MinObjects=0, CPUs=1, Nodes=1\r\n[    0.000000] Hierarchical RCU implementation.\r\n[    0.000000] \tBuild-time adjustment of leaf fanout to 64.\r\n[    0.000000] \tRCU restricting CPUs from NR_CPUS=256 to nr_cpu_ids=1.\r\n[    0.000000] RCU: Adjusting geometry for rcu_fanout_leaf=64, nr_cpu_ids=1\r\n[    0.000000] NR_IRQS:16640 nr_irqs:256 16\r\n[    0.000000] Console: colour VGA+ 80x25\r\n[    0.000000] console [tty1] enabled\r\n[    0.000000] console [ttyS0] enabled\r\n[    0.000000] tsc: Detected 2394.454 MHz processor\r\n[    0.124000] Calibrating delay loop (skipped) preset value.. 4788.90 BogoMIPS (lpj=9577816)\r\n[    0.128872] pid_max: default: 32768 minimum: 301\r\n[    0.150138] ACPI: Core revision 20150930\r\n[    0.648810] ACPI: 1 ACPI AML tables successfully acquired and loaded\r\n[    0.761539] Security Framework initialized\r\n[    0.813260] Yama: becoming mindful.\r\n[    0.888000] AppArmor: AppArmor initialized\r\n[    0.970012] Dentry cache hash table entries: 8192 (order: 4, 65536 bytes)\r\n[    1.150133] Inode-cache hash table entries: 4096 (order: 3, 32768 bytes)\r\n[    1.205242] Mount-cache hash table entries: 512 (order: 0, 4096 bytes)\r\n[    1.212743] Mountpoint-cache hash table entries: 512 (order: 0, 4096 bytes)\r\n[    1.853138] Initializing cgroup subsys io\r\n[    1.889199] Initializing cgroup subsys memory\r\n[    2.010015] Initializing cgroup subsys devices\r\n[    2.046233] Initializing cgroup subsys freezer\r\n[    2.113009] Initializing cgroup subsys net_cls\r\n[    2.124600] Initializing cgroup subsys perf_event\r\n[    2.160585] Initializing cgroup subsys net_prio\r\n[    2.166094] Initializing cgroup subsys hugetlb\r\n[    2.180697] Initializing cgroup subsys pids\r\n[    2.681606] mce: CPU supports 10 MCE banks\r\n[    2.968000] Last level iTLB entries: 4KB 0, 2MB 0, 4MB 0\r\n[    3.068594] Last level dTLB entries: 4KB 0, 2MB 0, 4MB 0, 1GB 0\r\n[   32.775208] random: nonblocking pool is initialized\r\n[   45.037793] Freeing SMP alternatives memory: 28K (ffffffff820b4000 - ffffffff820bb000)\r\n []}]","name":"testvmi4fzg7jg8tlg4v8q5f46w65bkh9ln4c9lnpkcrtch229j56mw","namespace":"kubevirt-test-default","pos":"utils.go:2984","timestamp":"2020-08-28T22:20:54.055051Z","uid":""}
• Failure [200.287 seconds]
Configurations
/root/go/src/kubevirt.io/kubevirt/tests/vmi_configuration_test.go:56
  [rfe_id:140][crit:medium][vendor:cnv-qe@redhat.com][level:component]with CPU spec
  /root/go/src/kubevirt.io/kubevirt/tests/vmi_configuration_test.go:1418
    [rfe_id:140][crit:medium][vendor:cnv-qe@redhat.com][level:component]when CPU model equals to passthrough
    /root/go/src/kubevirt.io/kubevirt/tests/vmi_configuration_test.go:1513
      [test_id:1679]should report exactly the same model as node CPU [It]
      /root/go/src/kubevirt.io/kubevirt/tests/vmi_configuration_test.go:1514

      Unexpected error:
          <expect.TimeoutError>: 180000000000
          expect: timer expired after 180 seconds
      occurred

      /root/go/src/kubevirt.io/kubevirt/tests/vmi_configuration_test.go:1526
------------------------------
STEP: Starting a VirtualMachineInstance
{"component":"tests","kind":"VirtualMachineInstance","level":"info","msg":"Event(v1.ObjectReference{Kind:\"VirtualMachineInstance\", Namespace:\"kubevirt-test-default\", Name:\"testvmi4fzg7jg8tlg4v8q5f46w65bkh9ln4c9lnpkcrtch229j56mw\", UID:\"2877e3f3-3d87-4f54-92aa-2b4ec439157f\", APIVersion:\"kubevirt.io/v1alpha3\", ResourceVersion:\"79732\", FieldPath:\"\"}): type: 'Normal' reason: 'Created' VirtualMachineInstance defined.","name":"testvmi4fzg7jg8tlg4v8q5f46w65bkh9ln4c9lnpkcrtch229j56mw","namespace":"kubevirt-test-default","pos":"utils.go:332","timestamp":"2020-08-28T22:21:03.927862Z","uid":"2877e3f3-3d87-4f54-92aa-2b4ec439157f"}
{"component":"tests","kind":"VirtualMachineInstance","level":"info","msg":"Event(v1.ObjectReference{Kind:\"VirtualMachineInstance\", Namespace:\"kubevirt-test-default\", Name:\"testvmi4fzg7jg8tlg4v8q5f46w65bkh9ln4c9lnpkcrtch229j56mw\", UID:\"2877e3f3-3d87-4f54-92aa-2b4ec439157f\", APIVersion:\"kubevirt.io/v1alpha3\", ResourceVersion:\"79732\", FieldPath:\"\"}): type: 'Normal' reason: 'Started' VirtualMachineInstance started.","name":"testvmi4fzg7jg8tlg4v8q5f46w65bkh9ln4c9lnpkcrtch229j56mw","namespace":"kubevirt-test-default","pos":"utils.go:332","timestamp":"2020-08-28T22:21:03.982539Z","uid":"2877e3f3-3d87-4f54-92aa-2b4ec439157f"}
STEP: Expecting the VirtualMachineInstance console
Sent: "\n"
Sent: "\n"
Sent: "\n"
{"component":"tests","kind":"VirtualMachineInstance","level":"info","msg":"Login: [{2
[    0.000000] Initializing cgroup subsys cpuset\r\n[    0.000000] Initializing cgroup subsys cpu\r\n[    0.000000] Initializing cgroup subsys cpuacct\r\n[    0.000000] Linux version 4.4.0-28-generic (buildd@lcy01-13) (gcc version 5.3.1 20160413 (Ubuntu 5.3.1-14ubuntu2.1) ) #47-Ubuntu SMP Fri Jun 24 10:09:13 UTC 2016 (Ubuntu 4.4.0-28.47-generic 4.4.13)\r\n[    0.000000] Command line: LABEL=cirros-rootfs ro console=tty1 console=ttyS0\r\n[    0.000000] KERNEL supported cpus:\r\n[    0.000000]   Intel GenuineIntel\r\n[    0.000000]   AMD AuthenticAMD\r\n[    0.000000]   Centaur CentaurHauls\r\n[    0.000000] x86/fpu: xstate_offset[2]:  576, xstate_sizes[2]:  256\r\n[    0.000000] x86/fpu: Supporting XSAVE feature 0x01: 'x87 floating point registers'\r\n[    0.000000] x86/fpu: Supporting XSAVE feature 0x02: 'SSE registers'\r\n[    0.000000] x86/fpu: Supporting XSAVE feature 0x04: 'AVX registers'\r\n[    0.000000] x86/fpu: Enabled xstate features 0x7, context size is 832 bytes, using 'standard' format.\r\n[    0.000000] x86/fpu: Using 'eager' FPU context switches.\r\n[    0.000000] e820: BIOS-provided physical RAM map:\r\n[    0.000000] BIOS-e820: [mem 0x0000000000000000-0x000000000009fbff] usable\r\n[    0.000000] BIOS-e820: [mem 0x000000000009fc00-0x000000000009ffff] reserved\r\n[    0.000000] BIOS-e820: [mem 0x00000000000f0000-0x00000000000fffff] reserved\r\n[    0.000000] BIOS-e820: [mem 0x0000000000100000-0x0000000003ddbfff] usable\r\n[    0.000000] BIOS-e820: [mem 0x0000000003ddc000-0x0000000003dfffff] reserved\r\n[    0.000000] BIOS-e820: [mem 0x00000000b0000000-0x00000000bfffffff] reserved\r\n[    0.000000] BIOS-e820: [mem 0x00000000fed1c000-0x00000000fed1ffff] reserved\r\n[    0.000000] BIOS-e820: [mem 0x00000000feffc000-0x00000000feffffff] reserved\r\n[    0.000000] BIOS-e820: [mem 0x00000000fffc0000-0x00000000ffffffff] reserved\r\n[    0.000000] NX (Execute Disable) protection: active\r\n[    0.000000] SMBIOS 2.8 present.\r\n[    0.000000] Hypervisor detected: KVM\r\n[    0.000000] e820: last_pfn = 0x3ddc max_arch_pfn = 0x400000000\r\n[    0.000000] x86/PAT: Configuration [0-7]: WB  WC  UC- UC  WB  WC  UC- WT  \r\n[    0.000000] found SMP MP-table at [mem 0x000f5cc0-0x000f5ccf] mapped at [ffff8800000f5cc0]\r\n[    0.000000] Scanning 1 areas for low memory corruption\r\n[    0.000000] Using GB pages for direct mapping\r\n[    0.000000] RAMDISK: [mem 0x03916000-0x03dcbfff]\r\n[    0.000000] ACPI: Early table checksum verification disabled\r\n[    0.000000] ACPI: RSDP 0x00000000000F5A50 000014 (v00 BOCHS )\r\n[    0.000000] ACPI: RSDT 0x0000000003DE20A6 000030 (v01 BOCHS  BXPCRSDT 00000001 BXPC 00000001)\r\n[    0.000000] ACPI: FACP 0x0000000003DE1EFE 0000F4 (v03 BOCHS  BXPCFACP 00000001 BXPC 00000001)\r\n[    0.000000] ACPI: DSDT 0x0000000003DE0040 001EBE (v01 BOCHS  BXPCDSDT 00000001 BXPC 00000001)\r\n[    0.000000] ACPI: FACS 0x0000000003DE0000 000040\r\n[    0.000000] ACPI: APIC 0x0000000003DE1FF2 000078 (v01 BOCHS  BXPCAPIC 00000001 BXPC 00000001)\r\n[    0.000000] ACPI: MCFG 0x0000000003DE206A 00003C (v01 BOCHS  BXPCMCFG 00000001 BXPC 00000001)\r\n[    0.000000] No NUMA configuration found\r\n[    0.000000] Faking a node at [mem 0x0000000000000000-0x0000000003ddbfff]\r\n[    0.000000] NODE_DATA(0) allocated [mem 0x03dd7000-0x03ddbfff]\r\n[    0.000000] kvm-clock: Using msrs 4b564d01 and 4b564d00\r\n[    0.000000] kvm-clock: cpu 0, msr 0:3dd3001, primary cpu clock\r\n[    0.000000] clocksource: kvm-clock: mask: 0xffffffffffffffff max_cycles: 0x1cd42e4dffb, max_idle_ns: 881590591483 ns\r\n[    0.000000] Zone ranges:\r\n[    0.000000]   DMA      [mem 0x0000000000001000-0x0000000000ffffff]\r\n[    0.000000]   DMA32    [mem 0x0000000001000000-0x0000000003ddbfff]\r\n[    0.000000]   Normal   empty\r\n[    0.000000]   Device   empty\r\n[    0.000000] Movable zone start for each node\r\n[    0.000000] Early memory node ranges\r\n[    0.000000]   node   0: [mem 0x0000000000001000-0x000000000009efff]\r\n[    0.000000]   node   0: [mem 0x0000000000100000-0x0000000003ddbfff]\r\n[    0.000000] Initmem setup node 0 [mem 0x0000000000001000-0x0000000003ddbfff]\r\n[    0.000000] ACPI: PM-Timer IO Port: 0x608\r\n[    0.000000] ACPI: LAPIC_NMI (acpi_id[0xff] dfl dfl lint[0x1])\r\n[    0.000000] IOAPIC[0]: apic_id 0, version 17, address 0xfec00000, GSI 0-23\r\n[    0.000000] ACPI: INT_SRC_OVR (bus 0 bus_irq 0 global_irq 2 dfl dfl)\r\n[    0.000000] ACPI: INT_SRC_OVR (bus 0 bus_irq 5 global_irq 5 high level)\r\n[    0.000000] ACPI: INT_SRC_OVR (bus 0 bus_irq 9 global_irq 9 high level)\r\n[    0.000000] ACPI: INT_SRC_OVR (bus 0 bus_irq 10 global_irq 10 high level)\r\n[    0.000000] ACPI: INT_SRC_OVR (bus 0 bus_irq 11 global_irq 11 high level)\r\n[    0.000000] Using ACPI (MADT) for SMP configuration information\r\n[    0.000000] smpboot: Allowing 1 CPUs, 0 hotplug CPUs\r\n[    0.000000] PM: Registered nosave memory: [mem 0x00000000-0x00000fff]\r\n[    0.000000] PM: Registered nosave memory: [mem 0x0009f000-0x0009ffff]\r\n[    0.000000] PM: Registered nosave memory: [mem 0x000a0000-0x000effff]\r\n[    0.000000] PM: Registered nosave memory: [mem 0x000f0000-0x000fffff]\r\n[    0.000000] e820: [mem 0x03e00000-0xafffffff] available for PCI devices\r\n[    0.000000] Booting paravirtualized kernel on KVM\r\n[    0.000000] clocksource: refined-jiffies: mask: 0xffffffff max_cycles: 0xffffffff, max_idle_ns: 7645519600211568 ns\r\n[    0.000000] setup_percpu: NR_CPUS:256 nr_cpumask_bits:256 nr_cpu_ids:1 nr_node_ids:1\r\n[    0.000000] PERCPU: Embedded 33 pages/cpu @ffff880003600000 s98008 r8192 d28968 u2097152\r\n[    0.000000] KVM setup async PF for cpu 0\r\n[    0.000000] kvm-stealtime: cpu 0, msr 360d940\r\n[    0.000000] PV qspinlock hash table entries: 256 (order: 0, 4096 bytes)\r\n[    0.000000] Built 1 zonelists in Node order, mobility grouping on.  Total pages: 15469\r\n[    0.000000] Policy zone: DMA32\r\n[    0.000000] Kernel command line: LABEL=cirros-rootfs ro console=tty1 console=ttyS0\r\n[    0.000000] PID hash table entries: 256 (order: -1, 2048 bytes)\r\n[    0.000000] Memory: 37152K/62952K available (8368K kernel code, 1280K rwdata, 3928K rodata, 1480K init, 1292K bss, 25800K reserved, 0K cma-reserved)\r\n[    0.000000] SLUB: HWalign=64, Order=0-3, MinObjects=0, CPUs=1, Nodes=1\r\n[    0.000000] Hierarchical RCU implementation.\r\n[    0.000000] \tBuild-time adjustment of leaf fanout to 64.\r\n[    0.000000] \tRCU restricting CPUs from NR_CPUS=256 to nr_cpu_ids=1.\r\n[    0.000000] RCU: Adjusting geometry for rcu_fanout_leaf=64, nr_cpu_ids=1\r\n[    0.000000] NR_IRQS:16640 nr_irqs:256 16\r\n[    0.000000] Console: colour VGA+ 80x25\r\n[    0.000000] console [tty1] enabled\r\n[    0.000000] console [ttyS0] enabled\r\n[    0.000000] tsc: Detected 2394.454 MHz processor\r\n[    0.128000] Calibrating delay loop (skipped) preset value.. 4788.90 BogoMIPS (lpj=9577816)\r\n[    0.136908] pid_max: default: 32768 minimum: 301\r\n[    0.170012] ACPI: Core revision 20150930\r\n[    0.281099] ACPI: 1 ACPI AML tables successfully acquired and loaded\r\n[    0.324000] Security Framework initialized\r\n[    0.356839] Yama: becoming mindful.\r\n[    0.392815] AppArmor: AppArmor initialized\r\n[    0.573015] Dentry cache hash table entries: 8192 (order: 4, 65536 bytes)\r\n[    0.637355] Inode-cache hash table entries: 4096 (order: 3, 32768 bytes)\r\n[    0.741241] Mount-cache hash table entries: 512 (order: 0, 4096 bytes)\r\n[    0.760617] Mountpoint-cache hash table entries: 512 (order: 0, 4096 bytes)\r\n[    1.580000] Initializing cgroup subsys io\r\n[    1.640949] Initializing cgroup subsys memory\r\n[    1.761752] Initializing cgroup subsys devices\r\n[    1.771022] Initializing cgroup subsys freezer\r\n[    1.796740] Initializing cgroup subsys net_cls\r\n[    1.809987] Initializing cgroup subsys perf_event\r\n[    1.841858] Initializing cgroup subsys net_prio\r\n[    1.876700] Initializing cgroup subsys hugetlb\r\n[    1.912665] Initializing cgroup subsys pids\r\n[    2.601409] CPU: Physical Processor ID: 0\r\n[    2.768000] mce: CPU supports 10 MCE banks\r\n[    3.200873] Last level iTLB entries: 4KB 0, 2MB 0, 4MB 0\r\n[    3.236711] Last level dTLB entries: 4KB 0, 2MB 0, 4MB 0, 1GB 0\r\n[   32.774445] random: nonblocking pool is initialized\r\n[   60.722133] Freeing SMP alternatives memory: 28K (ffffffff820b4000 - ffffffff820bb000)\r\n []}]","name":"testvmi4fzg7jg8tlg4v8q5f46w65bkh9ln4c9lnpkcrtch229j56mw","namespace":"kubevirt-test-default","pos":"utils.go:2984","timestamp":"2020-08-28T22:24:14.342976Z","uid":""}
• Failure [200.162 seconds]
Configurations
/root/go/src/kubevirt.io/kubevirt/tests/vmi_configuration_test.go:56
  [rfe_id:140][crit:medium][vendor:cnv-qe@redhat.com][level:component]with CPU spec
  /root/go/src/kubevirt.io/kubevirt/tests/vmi_configuration_test.go:1418
    [rfe_id:140][crit:medium][vendor:cnv-qe@redhat.com][level:component]when CPU model not defined
    /root/go/src/kubevirt.io/kubevirt/tests/vmi_configuration_test.go:1537
      [test_id:1680]should report CPU model from libvirt capabilities [It]
      /root/go/src/kubevirt.io/kubevirt/tests/vmi_configuration_test.go:1538

      Unexpected error:
          <expect.TimeoutError>: 180000000000
          expect: timer expired after 180 seconds
      occurred

      /root/go/src/kubevirt.io/kubevirt/tests/vmi_configuration_test.go:1546
------------------------------
STEP: Starting a VirtualMachineInstance
{"component":"tests","kind":"VirtualMachineInstance","level":"info","msg":"Event(v1.ObjectReference{Kind:\"VirtualMachineInstance\", Namespace:\"kubevirt-test-default\", Name:\"testvmi4fzg7jg8tlg4v8q5f46w65bkh9ln4c9lnpkcrtch229j56mw\", UID:\"5a83ddf5-c6f2-4722-bbb6-e48bb3360817\", APIVersion:\"kubevirt.io/v1alpha3\", ResourceVersion:\"80614\", FieldPath:\"\"}): type: 'Normal' reason: 'Created' VirtualMachineInstance defined.","name":"testvmi4fzg7jg8tlg4v8q5f46w65bkh9ln4c9lnpkcrtch229j56mw","namespace":"kubevirt-test-default","pos":"utils.go:332","timestamp":"2020-08-28T22:24:24.033981Z","uid":"5a83ddf5-c6f2-4722-bbb6-e48bb3360817"}
{"component":"tests","kind":"VirtualMachineInstance","level":"info","msg":"Event(v1.ObjectReference{Kind:\"VirtualMachineInstance\", Namespace:\"kubevirt-test-default\", Name:\"testvmi4fzg7jg8tlg4v8q5f46w65bkh9ln4c9lnpkcrtch229j56mw\", UID:\"5a83ddf5-c6f2-4722-bbb6-e48bb3360817\", APIVersion:\"kubevirt.io/v1alpha3\", ResourceVersion:\"80614\", FieldPath:\"\"}): type: 'Normal' reason: 'Started' VirtualMachineInstance started.","name":"testvmi4fzg7jg8tlg4v8q5f46w65bkh9ln4c9lnpkcrtch229j56mw","namespace":"kubevirt-test-default","pos":"utils.go:332","timestamp":"2020-08-28T22:24:24.083091Z","uid":"5a83ddf5-c6f2-4722-bbb6-e48bb3360817"}
STEP: Expecting the VirtualMachineInstance console
Sent: "\n"
Sent: "\n"
Sent: "\n"
{"component":"tests","kind":"VirtualMachineInstance","level":"info","msg":"Login: [{2
[    0.000000] Initializing cgroup subsys cpuset\r\n[    0.000000] Initializing cgroup subsys cpu\r\n[    0.000000] Initializing cgroup subsys cpuacct\r\n[    0.000000] Linux version 4.4.0-28-generic (buildd@lcy01-13) (gcc version 5.3.1 20160413 (Ubuntu 5.3.1-14ubuntu2.1) ) #47-Ubuntu SMP Fri Jun 24 10:09:13 UTC 2016 (Ubuntu 4.4.0-28.47-generic 4.4.13)\r\n[    0.000000] Command line: LABEL=cirros-rootfs ro console=tty1 console=ttyS0\r\n[    0.000000] KERNEL supported cpus:\r\n[    0.000000]   Intel GenuineIntel\r\n[    0.000000]   AMD AuthenticAMD\r\n[    0.000000]   Centaur CentaurHauls\r\n[    0.000000] x86/fpu: xstate_offset[2]:  576, xstate_sizes[2]:  256\r\n[    0.000000] x86/fpu: Supporting XSAVE feature 0x01: 'x87 floating point registers'\r\n[    0.000000] x86/fpu: Supporting XSAVE feature 0x02: 'SSE registers'\r\n[    0.000000] x86/fpu: Supporting XSAVE feature 0x04: 'AVX registers'\r\n[    0.000000] x86/fpu: Enabled xstate features 0x7, context size is 832 bytes, using 'standard' format.\r\n[    0.000000] x86/fpu: Using 'eager' FPU context switches.\r\n[    0.000000] e820: BIOS-provided physical RAM map:\r\n[    0.000000] BIOS-e820: [mem 0x0000000000000000-0x000000000009fbff] usable\r\n[    0.000000] BIOS-e820: [mem 0x000000000009fc00-0x000000000009ffff] reserved\r\n[    0.000000] BIOS-e820: [mem 0x00000000000f0000-0x00000000000fffff] reserved\r\n[    0.000000] BIOS-e820: [mem 0x0000000000100000-0x0000000003ddbfff] usable\r\n[    0.000000] BIOS-e820: [mem 0x0000000003ddc000-0x0000000003dfffff] reserved\r\n[    0.000000] BIOS-e820: [mem 0x00000000b0000000-0x00000000bfffffff] reserved\r\n[    0.000000] BIOS-e820: [mem 0x00000000fed1c000-0x00000000fed1ffff] reserved\r\n[    0.000000] BIOS-e820: [mem 0x00000000feffc000-0x00000000feffffff] reserved\r\n[    0.000000] BIOS-e820: [mem 0x00000000fffc0000-0x00000000ffffffff] reserved\r\n[    0.000000] NX (Execute Disable) protection: active\r\n[    0.000000] SMBIOS 2.8 present.\r\n[    0.000000] Hypervisor detected: KVM\r\n[    0.000000] e820: last_pfn = 0x3ddc max_arch_pfn = 0x400000000\r\n[    0.000000] x86/PAT: Configuration [0-7]: WB  WC  UC- UC  WB  WC  UC- WT  \r\n[    0.000000] found SMP MP-table at [mem 0x000f5cc0-0x000f5ccf] mapped at [ffff8800000f5cc0]\r\n[    0.000000] Scanning 1 areas for low memory corruption\r\n[    0.000000] Using GB pages for direct mapping\r\n[    0.000000] RAMDISK: [mem 0x03916000-0x03dcbfff]\r\n[    0.000000] ACPI: Early table checksum verification disabled\r\n[    0.000000] ACPI: RSDP 0x00000000000F5A50 000014 (v00 BOCHS )\r\n[    0.000000] ACPI: RSDT 0x0000000003DE20A6 000030 (v01 BOCHS  BXPCRSDT 00000001 BXPC 00000001)\r\n[    0.000000] ACPI: FACP 0x0000000003DE1EFE 0000F4 (v03 BOCHS  BXPCFACP 00000001 BXPC 00000001)\r\n[    0.000000] ACPI: DSDT 0x0000000003DE0040 001EBE (v01 BOCHS  BXPCDSDT 00000001 BXPC 00000001)\r\n[    0.000000] ACPI: FACS 0x0000000003DE0000 000040\r\n[    0.000000] ACPI: APIC 0x0000000003DE1FF2 000078 (v01 BOCHS  BXPCAPIC 00000001 BXPC 00000001)\r\n[    0.000000] ACPI: MCFG 0x0000000003DE206A 00003C (v01 BOCHS  BXPCMCFG 00000001 BXPC 00000001)\r\n[    0.000000] No NUMA configuration found\r\n[    0.000000] Faking a node at [mem 0x0000000000000000-0x0000000003ddbfff]\r\n[    0.000000] NODE_DATA(0) allocated [mem 0x03dd7000-0x03ddbfff]\r\n[    0.000000] kvm-clock: Using msrs 4b564d01 and 4b564d00\r\n[    0.000000] kvm-clock: cpu 0, msr 0:3dd3001, primary cpu clock\r\n[    0.000000] clocksource: kvm-clock: mask: 0xffffffffffffffff max_cycles: 0x1cd42e4dffb, max_idle_ns: 881590591483 ns\r\n[    0.000000] Zone ranges:\r\n[    0.000000]   DMA      [mem 0x0000000000001000-0x0000000000ffffff]\r\n[    0.000000]   DMA32    [mem 0x0000000001000000-0x0000000003ddbfff]\r\n[    0.000000]   Normal   empty\r\n[    0.000000]   Device   empty\r\n[    0.000000] Movable zone start for each node\r\n[    0.000000] Early memory node ranges\r\n[    0.000000]   node   0: [mem 0x0000000000001000-0x000000000009efff]\r\n[    0.000000]   node   0: [mem 0x0000000000100000-0x0000000003ddbfff]\r\n[    0.000000] Initmem setup node 0 [mem 0x0000000000001000-0x0000000003ddbfff]\r\n[    0.000000] ACPI: PM-Timer IO Port: 0x608\r\n[    0.000000] ACPI: LAPIC_NMI (acpi_id[0xff] dfl dfl lint[0x1])\r\n[    0.000000] IOAPIC[0]: apic_id 0, version 17, address 0xfec00000, GSI 0-23\r\n[    0.000000] ACPI: INT_SRC_OVR (bus 0 bus_irq 0 global_irq 2 dfl dfl)\r\n[    0.000000] ACPI: INT_SRC_OVR (bus 0 bus_irq 5 global_irq 5 high level)\r\n[    0.000000] ACPI: INT_SRC_OVR (bus 0 bus_irq 9 global_irq 9 high level)\r\n[    0.000000] ACPI: INT_SRC_OVR (bus 0 bus_irq 10 global_irq 10 high level)\r\n[    0.000000] ACPI: INT_SRC_OVR (bus 0 bus_irq 11 global_irq 11 high level)\r\n[    0.000000] Using ACPI (MADT) for SMP configuration information\r\n[    0.000000] smpboot: Allowing 1 CPUs, 0 hotplug CPUs\r\n[    0.000000] PM: Registered nosave memory: [mem 0x00000000-0x00000fff]\r\n[    0.000000] PM: Registered nosave memory: [mem 0x0009f000-0x0009ffff]\r\n[    0.000000] PM: Registered nosave memory: [mem 0x000a0000-0x000effff]\r\n[    0.000000] PM: Registered nosave memory: [mem 0x000f0000-0x000fffff]\r\n[    0.000000] e820: [mem 0x03e00000-0xafffffff] available for PCI devices\r\n[    0.000000] Booting paravirtualized kernel on KVM\r\n[    0.000000] clocksource: refined-jiffies: mask: 0xffffffff max_cycles: 0xffffffff, max_idle_ns: 7645519600211568 ns\r\n[    0.000000] setup_percpu: NR_CPUS:256 nr_cpumask_bits:256 nr_cpu_ids:1 nr_node_ids:1\r\n[    0.000000] PERCPU: Embedded 33 pages/cpu @ffff880003600000 s98008 r8192 d28968 u2097152\r\n[    0.000000] KVM setup async PF for cpu 0\r\n[    0.000000] kvm-stealtime: cpu 0, msr 360d940\r\n[    0.000000] PV qspinlock hash table entries: 256 (order: 0, 4096 bytes)\r\n[    0.000000] Built 1 zonelists in Node order, mobility grouping on.  Total pages: 15469\r\n[    0.000000] Policy zone: DMA32\r\n[    0.000000] Kernel command line: LABEL=cirros-rootfs ro console=tty1 console=ttyS0\r\n[    0.000000] PID hash table entries: 256 (order: -1, 2048 bytes)\r\n[    0.000000] Memory: 37152K/62952K available (8368K kernel code, 1280K rwdata, 3928K rodata, 1480K init, 1292K bss, 25800K reserved, 0K cma-reserved)\r\n[    0.000000] SLUB: HWalign=64, Order=0-3, MinObjects=0, CPUs=1, Nodes=1\r\n[    0.000000] Hierarchical RCU implementation.\r\n[    0.000000] \tBuild-time adjustment of leaf fanout to 64.\r\n[    0.000000] \tRCU restricting CPUs from NR_CPUS=256 to nr_cpu_ids=1.\r\n[    0.000000] RCU: Adjusting geometry for rcu_fanout_leaf=64, nr_cpu_ids=1\r\n[    0.000000] NR_IRQS:16640 nr_irqs:256 16\r\n[    0.000000] Console: colour VGA+ 80x25\r\n[    0.000000] console [tty1] enabled\r\n[    0.000000] console [ttyS0] enabled\r\n[    0.000000] tsc: Detected 2394.454 MHz processor\r\n[    0.204000] Calibrating delay loop (skipped) preset value.. 4788.90 BogoMIPS (lpj=9577816)\r\n[    0.349889] pid_max: default: 32768 minimum: 301\r\n[    0.355332] ACPI: Core revision 20150930\r\n[    1.166184] ACPI: 1 ACPI AML tables successfully acquired and loaded\r\n[    1.272761] Security Framework initialized\r\n[    1.280819] Yama: becoming mindful.\r\n[    1.480000] AppArmor: AppArmor initialized\r\n[    1.632000] Dentry cache hash table entries: 8192 (order: 4, 65536 bytes)\r\n[    1.769426] Inode-cache hash table entries: 4096 (order: 3, 32768 bytes)\r\n[    1.949400] Mount-cache hash table entries: 512 (order: 0, 4096 bytes)\r\n[    1.956691] Mountpoint-cache hash table entries: 512 (order: 0, 4096 bytes)\r\n[    2.425898] Initializing cgroup subsys io\r\n[    2.748633] Initializing cgroup subsys memory\r\n[    2.808826] Initializing cgroup subsys devices\r\n[    2.904887] Initializing cgroup subsys freezer\r\n[    2.921018] Initializing cgroup subsys net_cls\r\n[    2.964577] Initializing cgroup subsys perf_event\r\n[    3.045192] Initializing cgroup subsys net_prio\r\n[    3.073230] Initializing cgroup subsys hugetlb\r\n[    3.084765] Initializing cgroup subsys pids\r\n[    3.371537] CPU: Physical Processor ID: 0\r\n[    3.494213] mce: CPU supports 10 MCE banks\r\n[    3.685985] Last level iTLB entries: 4KB 0, 2MB 0, 4MB 0\r\n[    3.688735] Last level dTLB entries: 4KB 0, 2MB 0, 4MB 0, 1GB 0\r\n[   32.776000] random: nonblocking pool is initialized\r\n[   61.012000] Freeing SMP alternatives memory: 28K (ffffffff820b4000 - ffffffff820bb000)\r\n []}]","name":"testvmi4fzg7jg8tlg4v8q5f46w65bkh9ln4c9lnpkcrtch229j56mw","namespace":"kubevirt-test-default","pos":"utils.go:2984","timestamp":"2020-08-28T22:27:34.505247Z","uid":""}
• Failure [202.206 seconds]
Configurations
/root/go/src/kubevirt.io/kubevirt/tests/vmi_configuration_test.go:56
  [rfe_id:140][crit:medium][vendor:cnv-qe@redhat.com][level:component]with CPU spec
  /root/go/src/kubevirt.io/kubevirt/tests/vmi_configuration_test.go:1418
    when CPU features defined
    /root/go/src/kubevirt.io/kubevirt/tests/vmi_configuration_test.go:1557
      [test_id:3123]should start a Virtaul Machine with matching features [It]
      /root/go/src/kubevirt.io/kubevirt/tests/vmi_configuration_test.go:1558

      Unexpected error:
          <expect.TimeoutError>: 180000000000
          expect: timer expired after 180 seconds
      occurred

      /root/go/src/kubevirt.io/kubevirt/tests/vmi_configuration_test.go:1574
------------------------------
STEP: Starting a VirtualMachineInstance
{"component":"tests","kind":"VirtualMachineInstance","level":"info","msg":"Event(v1.ObjectReference{Kind:\"VirtualMachineInstance\", Namespace:\"kubevirt-test-default\", Name:\"testvmi4fzg7jg8tlg4v8q5f46w65bkh9ln4c9lnpkcrtch229j56mw\", UID:\"60f962be-0893-49e2-9be2-918e52b616cf\", APIVersion:\"kubevirt.io/v1alpha3\", ResourceVersion:\"81488\", FieldPath:\"\"}): type: 'Normal' reason: 'Created' VirtualMachineInstance defined.","name":"testvmi4fzg7jg8tlg4v8q5f46w65bkh9ln4c9lnpkcrtch229j56mw","namespace":"kubevirt-test-default","pos":"utils.go:332","timestamp":"2020-08-28T22:27:45.828901Z","uid":"60f962be-0893-49e2-9be2-918e52b616cf"}
{"component":"tests","kind":"VirtualMachineInstance","level":"info","msg":"Event(v1.ObjectReference{Kind:\"VirtualMachineInstance\", Namespace:\"kubevirt-test-default\", Name:\"testvmi4fzg7jg8tlg4v8q5f46w65bkh9ln4c9lnpkcrtch229j56mw\", UID:\"60f962be-0893-49e2-9be2-918e52b616cf\", APIVersion:\"kubevirt.io/v1alpha3\", ResourceVersion:\"81488\", FieldPath:\"\"}): type: 'Normal' reason: 'Started' VirtualMachineInstance started.","name":"testvmi4fzg7jg8tlg4v8q5f46w65bkh9ln4c9lnpkcrtch229j56mw","namespace":"kubevirt-test-default","pos":"utils.go:332","timestamp":"2020-08-28T22:27:45.935624Z","uid":"60f962be-0893-49e2-9be2-918e52b616cf"}
STEP: Expecting the VirtualMachineInstance console
Sent: "\n"
Sent: "\n"
Sent: "\n"
{"component":"tests","kind":"VirtualMachineInstance","level":"info","msg":"Login: [{2
[    0.000000] Initializing cgroup subsys cpuset\r\n[    0.000000] Initializing cgroup subsys cpu\r\n[    0.000000] Initializing cgroup subsys cpuacct\r\n[    0.000000] Linux version 4.4.0-28-generic (buildd@lcy01-13) (gcc version 5.3.1 20160413 (Ubuntu 5.3.1-14ubuntu2.1) ) #47-Ubuntu SMP Fri Jun 24 10:09:13 UTC 2016 (Ubuntu 4.4.0-28.47-generic 4.4.13)\r\n[    0.000000] Command line: LABEL=cirros-rootfs ro console=tty1 console=ttyS0\r\n[    0.000000] KERNEL supported cpus:\r\n[    0.000000]   Intel GenuineIntel\r\n[    0.000000]   AMD AuthenticAMD\r\n[    0.000000]   Centaur CentaurHauls\r\n[    0.000000] x86/fpu: xstate_offset[2]:  576, xstate_sizes[2]:  256\r\n[    0.000000] x86/fpu: Supporting XSAVE feature 0x01: 'x87 floating point registers'\r\n[    0.000000] x86/fpu: Supporting XSAVE feature 0x02: 'SSE registers'\r\n[    0.000000] x86/fpu: Supporting XSAVE feature 0x04: 'AVX registers'\r\n[    0.000000] x86/fpu: Enabled xstate features 0x7, context size is 832 bytes, using 'standard' format.\r\n[    0.000000] x86/fpu: Using 'eager' FPU context switches.\r\n[    0.000000] e820: BIOS-provided physical RAM map:\r\n[    0.000000] BIOS-e820: [mem 0x0000000000000000-0x000000000009fbff] usable\r\n[    0.000000] BIOS-e820: [mem 0x000000000009fc00-0x000000000009ffff] reserved\r\n[    0.000000] BIOS-e820: [mem 0x00000000000f0000-0x00000000000fffff] reserved\r\n[    0.000000] BIOS-e820: [mem 0x0000000000100000-0x0000000003ddbfff] usable\r\n[    0.000000] BIOS-e820: [mem 0x0000000003ddc000-0x0000000003dfffff] reserved\r\n[    0.000000] BIOS-e820: [mem 0x00000000b0000000-0x00000000bfffffff] reserved\r\n[    0.000000] BIOS-e820: [mem 0x00000000fed1c000-0x00000000fed1ffff] reserved\r\n[    0.000000] BIOS-e820: [mem 0x00000000feffc000-0x00000000feffffff] reserved\r\n[    0.000000] BIOS-e820: [mem 0x00000000fffc0000-0x00000000ffffffff] reserved\r\n[    0.000000] NX (Execute Disable) protection: active\r\n[    0.000000] SMBIOS 2.8 present.\r\n[    0.000000] Hypervisor detected: KVM\r\n[    0.000000] e820: last_pfn = 0x3ddc max_arch_pfn = 0x400000000\r\n[    0.000000] x86/PAT: Configuration [0-7]: WB  WC  UC- UC  WB  WC  UC- WT  \r\n[    0.000000] found SMP MP-table at [mem 0x000f5cc0-0x000f5ccf] mapped at [ffff8800000f5cc0]\r\n[    0.000000] Scanning 1 areas for low memory corruption\r\n[    0.000000] Using GB pages for direct mapping\r\n[    0.000000] RAMDISK: [mem 0x03916000-0x03dcbfff]\r\n[    0.000000] ACPI: Early table checksum verification disabled\r\n[    0.000000] ACPI: RSDP 0x00000000000F5A50 000014 (v00 BOCHS )\r\n[    0.000000] ACPI: RSDT 0x0000000003DE20A6 000030 (v01 BOCHS  BXPCRSDT 00000001 BXPC 00000001)\r\n[    0.000000] ACPI: FACP 0x0000000003DE1EFE 0000F4 (v03 BOCHS  BXPCFACP 00000001 BXPC 00000001)\r\n[    0.000000] ACPI: DSDT 0x0000000003DE0040 001EBE (v01 BOCHS  BXPCDSDT 00000001 BXPC 00000001)\r\n[    0.000000] ACPI: FACS 0x0000000003DE0000 000040\r\n[    0.000000] ACPI: APIC 0x0000000003DE1FF2 000078 (v01 BOCHS  BXPCAPIC 00000001 BXPC 00000001)\r\n[    0.000000] ACPI: MCFG 0x0000000003DE206A 00003C (v01 BOCHS  BXPCMCFG 00000001 BXPC 00000001)\r\n[    0.000000] No NUMA configuration found\r\n[    0.000000] Faking a node at [mem 0x0000000000000000-0x0000000003ddbfff]\r\n[    0.000000] NODE_DATA(0) allocated [mem 0x03dd7000-0x03ddbfff]\r\n[    0.000000] kvm-clock: Using msrs 4b564d01 and 4b564d00\r\n[    0.000000] kvm-clock: cpu 0, msr 0:3dd3001, primary cpu clock\r\n[    0.000000] clocksource: kvm-clock: mask: 0xffffffffffffffff max_cycles: 0x1cd42e4dffb, max_idle_ns: 881590591483 ns\r\n[    0.000000] Zone ranges:\r\n[    0.000000]   DMA      [mem 0x0000000000001000-0x0000000000ffffff]\r\n[    0.000000]   DMA32    [mem 0x0000000001000000-0x0000000003ddbfff]\r\n[    0.000000]   Normal   empty\r\n[    0.000000]   Device   empty\r\n[    0.000000] Movable zone start for each node\r\n[    0.000000] Early memory node ranges\r\n[    0.000000]   node   0: [mem 0x0000000000001000-0x000000000009efff]\r\n[    0.000000]   node   0: [mem 0x0000000000100000-0x0000000003ddbfff]\r\n[    0.000000] Initmem setup node 0 [mem 0x0000000000001000-0x0000000003ddbfff]\r\n[    0.000000] ACPI: PM-Timer IO Port: 0x608\r\n[    0.000000] ACPI: LAPIC_NMI (acpi_id[0xff] dfl dfl lint[0x1])\r\n[    0.000000] IOAPIC[0]: apic_id 0, version 17, address 0xfec00000, GSI 0-23\r\n[    0.000000] ACPI: INT_SRC_OVR (bus 0 bus_irq 0 global_irq 2 dfl dfl)\r\n[    0.000000] ACPI: INT_SRC_OVR (bus 0 bus_irq 5 global_irq 5 high level)\r\n[    0.000000] ACPI: INT_SRC_OVR (bus 0 bus_irq 9 global_irq 9 high level)\r\n[    0.000000] ACPI: INT_SRC_OVR (bus 0 bus_irq 10 global_irq 10 high level)\r\n[    0.000000] ACPI: INT_SRC_OVR (bus 0 bus_irq 11 global_irq 11 high level)\r\n[    0.000000] Using ACPI (MADT) for SMP configuration information\r\n[    0.000000] smpboot: Allowing 1 CPUs, 0 hotplug CPUs\r\n[    0.000000] PM: Registered nosave memory: [mem 0x00000000-0x00000fff]\r\n[    0.000000] PM: Registered nosave memory: [mem 0x0009f000-0x0009ffff]\r\n[    0.000000] PM: Registered nosave memory: [mem 0x000a0000-0x000effff]\r\n[    0.000000] PM: Registered nosave memory: [mem 0x000f0000-0x000fffff]\r\n[    0.000000] e820: [mem 0x03e00000-0xafffffff] available for PCI devices\r\n[    0.000000] Booting paravirtualized kernel on KVM\r\n[    0.000000] clocksource: refined-jiffies: mask: 0xffffffff max_cycles: 0xffffffff, max_idle_ns: 7645519600211568 ns\r\n[    0.000000] setup_percpu: NR_CPUS:256 nr_cpumask_bits:256 nr_cpu_ids:1 nr_node_ids:1\r\n[    0.000000] PERCPU: Embedded 33 pages/cpu @ffff880003600000 s98008 r8192 d28968 u2097152\r\n[    0.000000] KVM setup async PF for cpu 0\r\n[    0.000000] kvm-stealtime: cpu 0, msr 360d940\r\n[    0.000000] PV qspinlock hash table entries: 256 (order: 0, 4096 bytes)\r\n[    0.000000] Built 1 zonelists in Node order, mobility grouping on.  Total pages: 15469\r\n[    0.000000] Policy zone: DMA32\r\n[    0.000000] Kernel command line: LABEL=cirros-rootfs ro console=tty1 console=ttyS0\r\n[    0.000000] PID hash table entries: 256 (order: -1, 2048 bytes)\r\n[    0.000000] Memory: 37152K/62952K available (8368K kernel code, 1280K rwdata, 3928K rodata, 1480K init, 1292K bss, 25800K reserved, 0K cma-reserved)\r\n[    0.000000] SLUB: HWalign=64, Order=0-3, MinObjects=0, CPUs=1, Nodes=1\r\n[    0.000000] Hierarchical RCU implementation.\r\n[    0.000000] \tBuild-time adjustment of leaf fanout to 64.\r\n[    0.000000] \tRCU restricting CPUs from NR_CPUS=256 to nr_cpu_ids=1.\r\n[    0.000000] RCU: Adjusting geometry for rcu_fanout_leaf=64, nr_cpu_ids=1\r\n[    0.000000] NR_IRQS:16640 nr_irqs:256 16\r\n[    0.000000] Console: colour VGA+ 80x25\r\n[    0.000000] console [tty1] enabled\r\n[    0.000000] console [ttyS0] enabled\r\n[    0.000000] tsc: Detected 2394.454 MHz processor\r\n[    0.284000] Calibrating delay loop (skipped) preset value.. 4788.90 BogoMIPS (lpj=9577816)\r\n[    0.357902] pid_max: default: 32768 minimum: 301\r\n[    0.362713] ACPI: Core revision 20150930\r\n[    0.662245] ACPI: 1 ACPI AML tables successfully acquired and loaded\r\n[    0.724000] Security Framework initialized\r\n[    0.745338] Yama: becoming mindful.\r\n[    0.850698] AppArmor: AppArmor initialized\r\n[    0.932000] Dentry cache hash table entries: 8192 (order: 4, 65536 bytes)\r\n[    1.118468] Inode-cache hash table entries: 4096 (order: 3, 32768 bytes)\r\n[    1.192833] Mount-cache hash table entries: 512 (order: 0, 4096 bytes)\r\n[    1.204712] Mountpoint-cache hash table entries: 512 (order: 0, 4096 bytes)\r\n[    2.266067] Initializing cgroup subsys io\r\n[    2.325334] Initializing cgroup subsys memory\r\n[    2.384905] Initializing cgroup subsys devices\r\n[    2.436594] Initializing cgroup subsys freezer\r\n[    2.544557] Initializing cgroup subsys net_cls\r\n[    2.549546] Initializing cgroup subsys perf_event\r\n[    2.625292] Initializing cgroup subsys net_prio\r\n[    2.632702] Initializing cgroup subsys hugetlb\r\n[    2.644801] Initializing cgroup subsys pids\r\n[    3.253309] CPU: Physical Processor ID: 0\r\n[    3.425870] mce: CPU supports 10 MCE banks\r\n[    3.823102] Last level iTLB entries: 4KB 0, 2MB 0, 4MB 0\r\n[    3.888695] Last level dTLB entries: 4KB 0, 2MB 0, 4MB 0, 1GB 0\r\n[   32.776000] random: nonblocking pool is initialized\r\n[   63.118717] Freeing SMP alternatives memory: 28K (ffffffff820b4000 - ffffffff820bb000)\r\n []}]","name":"testvmi4fzg7jg8tlg4v8q5f46w65bkh9ln4c9lnpkcrtch229j56mw","namespace":"kubevirt-test-default","pos":"utils.go:2984","timestamp":"2020-08-28T22:30:56.712068Z","uid":""}
• [SLOW TEST:11.402 seconds]
Configurations
/root/go/src/kubevirt.io/kubevirt/tests/vmi_configuration_test.go:56
  [rfe_id:2869][crit:medium][vendor:cnv-qe@redhat.com][level:component]with machine type settings
  /root/go/src/kubevirt.io/kubevirt/tests/vmi_configuration_test.go:1588
    [test_id:3124]should set machine type from VMI spec
    /root/go/src/kubevirt.io/kubevirt/tests/vmi_configuration_test.go:1596
------------------------------
• [SLOW TEST:12.036 seconds]
Configurations
/root/go/src/kubevirt.io/kubevirt/tests/vmi_configuration_test.go:56
  [rfe_id:2869][crit:medium][vendor:cnv-qe@redhat.com][level:component]with machine type settings
  /root/go/src/kubevirt.io/kubevirt/tests/vmi_configuration_test.go:1588
    [test_id:3125]should set default machine type when it is not provided
    /root/go/src/kubevirt.io/kubevirt/tests/vmi_configuration_test.go:1606
------------------------------
• [SLOW TEST:11.764 seconds]
Configurations
/root/go/src/kubevirt.io/kubevirt/tests/vmi_configuration_test.go:56
  [rfe_id:2869][crit:medium][vendor:cnv-qe@redhat.com][level:component]with machine type settings
  /root/go/src/kubevirt.io/kubevirt/tests/vmi_configuration_test.go:1588
    [test_id:3126]should set machine type from kubevirt-config
    /root/go/src/kubevirt.io/kubevirt/tests/vmi_configuration_test.go:1616
------------------------------
•••
------------------------------
• [SLOW TEST:6.649 seconds]
Configurations
/root/go/src/kubevirt.io/kubevirt/tests/vmi_configuration_test.go:56
  [rfe_id:140][crit:medium][vendor:cnv-qe@redhat.com][level:component]with CPU request settings
  /root/go/src/kubevirt.io/kubevirt/tests/vmi_configuration_test.go:1639
    [test_id:3129]should set CPU request from kubevirt-config
    /root/go/src/kubevirt.io/kubevirt/tests/vmi_configuration_test.go:1668
------------------------------
• [SLOW TEST:19.747 seconds]
Configurations
/root/go/src/kubevirt.io/kubevirt/tests/vmi_configuration_test.go:56
  [rfe_id:904][crit:medium][vendor:cnv-qe@redhat.com][level:component]with driver cache settings and PVC
  /root/go/src/kubevirt.io/kubevirt/tests/vmi_configuration_test.go:1686
    [test_id:1681]should set appropriate cache modes
    /root/go/src/kubevirt.io/kubevirt/tests/vmi_configuration_test.go:1703
------------------------------
• Failure [202.193 seconds]
Configurations
/root/go/src/kubevirt.io/kubevirt/tests/vmi_configuration_test.go:56
  [rfe_id:898][crit:medium][vendor:cnv-qe@redhat.com][level:component]New VirtualMachineInstance with all supported drives
  /root/go/src/kubevirt.io/kubevirt/tests/vmi_configuration_test.go:1772
    [test_id:1682]should have all the device nodes [It]
    /root/go/src/kubevirt.io/kubevirt/tests/vmi_configuration_test.go:1796

    Unexpected error:
        <expect.TimeoutError>: 180000000000
        expect: timer expired after 180 seconds
    occurred

    /root/go/src/kubevirt.io/kubevirt/tests/vmi_configuration_test.go:1802
------------------------------
{"component":"tests","kind":"VirtualMachineInstance","level":"info","msg":"Event(v1.ObjectReference{Kind:\"VirtualMachineInstance\", Namespace:\"kubevirt-test-default\", Name:\"testvmi6x9gm42q4c7dfnp4skngfpcfg62kw4p5zcrljxjjcqn4445m\", UID:\"3aafd7b0-c408-4452-bc39-2f6d541e1253\", APIVersion:\"kubevirt.io/v1alpha3\", ResourceVersion:\"82961\", FieldPath:\"\"}): type: 'Normal' reason: 'SuccessfulCreate' Created virtual machine pod virt-launcher-testvmi6x9gm42q4c7dfnp4skngfpcfg62kw4p5zcrljm8jmm","name":"testvmi6x9gm42q4c7dfnp4skngfpcfg62kw4p5zcrljxjjcqn4445m","namespace":"kubevirt-test-default","pos":"utils.go:332","timestamp":"2020-08-28T22:32:14.351933Z","uid":"3aafd7b0-c408-4452-bc39-2f6d541e1253"}
{"component":"tests","kind":"VirtualMachineInstance","level":"info","msg":"Event(v1.ObjectReference{Kind:\"VirtualMachineInstance\", Namespace:\"kubevirt-test-default\", Name:\"testvmi6x9gm42q4c7dfnp4skngfpcfg62kw4p5zcrljxjjcqn4445m\", UID:\"3aafd7b0-c408-4452-bc39-2f6d541e1253\", APIVersion:\"kubevirt.io/v1alpha3\", ResourceVersion:\"83005\", FieldPath:\"\"}): type: 'Normal' reason: 'Created' VirtualMachineInstance defined.","name":"testvmi6x9gm42q4c7dfnp4skngfpcfg62kw4p5zcrljxjjcqn4445m","namespace":"kubevirt-test-default","pos":"utils.go:332","timestamp":"2020-08-28T22:32:22.772523Z","uid":"3aafd7b0-c408-4452-bc39-2f6d541e1253"}
{"component":"tests","kind":"VirtualMachineInstance","level":"info","msg":"Event(v1.ObjectReference{Kind:\"VirtualMachineInstance\", Namespace:\"kubevirt-test-default\", Name:\"testvmi6x9gm42q4c7dfnp4skngfpcfg62kw4p5zcrljxjjcqn4445m\", UID:\"3aafd7b0-c408-4452-bc39-2f6d541e1253\", APIVersion:\"kubevirt.io/v1alpha3\", ResourceVersion:\"83005\", FieldPath:\"\"}): type: 'Normal' reason: 'Started' VirtualMachineInstance started.","name":"testvmi6x9gm42q4c7dfnp4skngfpcfg62kw4p5zcrljxjjcqn4445m","namespace":"kubevirt-test-default","pos":"utils.go:332","timestamp":"2020-08-28T22:32:22.811610Z","uid":"3aafd7b0-c408-4452-bc39-2f6d541e1253"}
Sent: "\n"
Sent: "\n"
Sent: "\n"
{"component":"tests","kind":"VirtualMachineInstance","level":"info","msg":"Login: [{2
[    0.000000] Initializing cgroup subsys cpuset\r\n[    0.000000] Initializing cgroup subsys cpu\r\n[    0.000000] Initializing cgroup subsys cpuacct\r\n[    0.000000] Linux version 4.4.0-28-generic (buildd@lcy01-13) (gcc version 5.3.1 20160413 (Ubuntu 5.3.1-14ubuntu2.1) ) #47-Ubuntu SMP Fri Jun 24 10:09:13 UTC 2016 (Ubuntu 4.4.0-28.47-generic 4.4.13)\r\n[    0.000000] Command line: LABEL=cirros-rootfs ro console=tty1 console=ttyS0\r\n[    0.000000] KERNEL supported cpus:\r\n[    0.000000]   Intel GenuineIntel\r\n[    0.000000]   AMD AuthenticAMD\r\n[    0.000000]   Centaur CentaurHauls\r\n[    0.000000] x86/fpu: xstate_offset[2]:  576, xstate_sizes[2]:  256\r\n[    0.000000] x86/fpu: Supporting XSAVE feature 0x01: 'x87 floating point registers'\r\n[    0.000000] x86/fpu: Supporting XSAVE feature 0x02: 'SSE registers'\r\n[    0.000000] x86/fpu: Supporting XSAVE feature 0x04: 'AVX registers'\r\n[    0.000000] x86/fpu: Enabled xstate features 0x7, context size is 832 bytes, using 'standard' format.\r\n[    0.000000] x86/fpu: Using 'eager' FPU context switches.\r\n[    0.000000] e820: BIOS-provided physical RAM map:\r\n[    0.000000] BIOS-e820: [mem 0x0000000000000000-0x000000000009fbff] usable\r\n[    0.000000] BIOS-e820: [mem 0x000000000009fc00-0x000000000009ffff] reserved\r\n[    0.000000] BIOS-e820: [mem 0x00000000000f0000-0x00000000000fffff] reserved\r\n[    0.000000] BIOS-e820: [mem 0x0000000000100000-0x0000000003ddbfff] usable\r\n[    0.000000] BIOS-e820: [mem 0x0000000003ddc000-0x0000000003dfffff] reserved\r\n[    0.000000] BIOS-e820: [mem 0x00000000b0000000-0x00000000bfffffff] reserved\r\n[    0.000000] BIOS-e820: [mem 0x00000000fed1c000-0x00000000fed1ffff] reserved\r\n[    0.000000] BIOS-e820: [mem 0x00000000feffc000-0x00000000feffffff] reserved\r\n[    0.000000] BIOS-e820: [mem 0x00000000fffc0000-0x00000000ffffffff] reserved\r\n[    0.000000] NX (Execute Disable) protection: active\r\n[    0.000000] SMBIOS 2.8 present.\r\n[    0.000000] Hypervisor detected: KVM\r\n[    0.000000] e820: last_pfn = 0x3ddc max_arch_pfn = 0x400000000\r\n[    0.000000] x86/PAT: Configuration [0-7]: WB  WC  UC- UC  WB  WC  UC- WT  \r\n[    0.000000] found SMP MP-table at [mem 0x000f5cc0-0x000f5ccf] mapped at [ffff8800000f5cc0]\r\n[    0.000000] Scanning 1 areas for low memory corruption\r\n[    0.000000] Using GB pages for direct mapping\r\n[    0.000000] RAMDISK: [mem 0x03916000-0x03dcbfff]\r\n[    0.000000] ACPI: Early table checksum verification disabled\r\n[    0.000000] ACPI: RSDP 0x00000000000F5A50 000014 (v00 BOCHS )\r\n[    0.000000] ACPI: RSDT 0x0000000003DE20A6 000030 (v01 BOCHS  BXPCRSDT 00000001 BXPC 00000001)\r\n[    0.000000] ACPI: FACP 0x0000000003DE1EFE 0000F4 (v03 BOCHS  BXPCFACP 00000001 BXPC 00000001)\r\n[    0.000000] ACPI: DSDT 0x0000000003DE0040 001EBE (v01 BOCHS  BXPCDSDT 00000001 BXPC 00000001)\r\n[    0.000000] ACPI: FACS 0x0000000003DE0000 000040\r\n[    0.000000] ACPI: APIC 0x0000000003DE1FF2 000078 (v01 BOCHS  BXPCAPIC 00000001 BXPC 00000001)\r\n[    0.000000] ACPI: MCFG 0x0000000003DE206A 00003C (v01 BOCHS  BXPCMCFG 00000001 BXPC 00000001)\r\n[    0.000000] No NUMA configuration found\r\n[    0.000000] Faking a node at [mem 0x0000000000000000-0x0000000003ddbfff]\r\n[    0.000000] NODE_DATA(0) allocated [mem 0x03dd7000-0x03ddbfff]\r\n[    0.000000] kvm-clock: Using msrs 4b564d01 and 4b564d00\r\n[    0.000000] kvm-clock: cpu 0, msr 0:3dd3001, primary cpu clock\r\n[    0.000000] clocksource: kvm-clock: mask: 0xffffffffffffffff max_cycles: 0x1cd42e4dffb, max_idle_ns: 881590591483 ns\r\n[    0.000000] Zone ranges:\r\n[    0.000000]   DMA      [mem 0x0000000000001000-0x0000000000ffffff]\r\n[    0.000000]   DMA32    [mem 0x0000000001000000-0x0000000003ddbfff]\r\n[    0.000000]   Normal   empty\r\n[    0.000000]   Device   empty\r\n[    0.000000] Movable zone start for each node\r\n[    0.000000] Early memory node ranges\r\n[    0.000000]   node   0: [mem 0x0000000000001000-0x000000000009efff]\r\n[    0.000000]   node   0: [mem 0x0000000000100000-0x0000000003ddbfff]\r\n[    0.000000] Initmem setup node 0 [mem 0x0000000000001000-0x0000000003ddbfff]\r\n[    0.000000] ACPI: PM-Timer IO Port: 0x608\r\n[    0.000000] ACPI: LAPIC_NMI (acpi_id[0xff] dfl dfl lint[0x1])\r\n[    0.000000] IOAPIC[0]: apic_id 0, version 17, address 0xfec00000, GSI 0-23\r\n[    0.000000] ACPI: INT_SRC_OVR (bus 0 bus_irq 0 global_irq 2 dfl dfl)\r\n[    0.000000] ACPI: INT_SRC_OVR (bus 0 bus_irq 5 global_irq 5 high level)\r\n[    0.000000] ACPI: INT_SRC_OVR (bus 0 bus_irq 9 global_irq 9 high level)\r\n[    0.000000] ACPI: INT_SRC_OVR (bus 0 bus_irq 10 global_irq 10 high level)\r\n[    0.000000] ACPI: INT_SRC_OVR (bus 0 bus_irq 11 global_irq 11 high level)\r\n[    0.000000] Using ACPI (MADT) for SMP configuration information\r\n[    0.000000] smpboot: Allowing 1 CPUs, 0 hotplug CPUs\r\n[    0.000000] PM: Registered nosave memory: [mem 0x00000000-0x00000fff]\r\n[    0.000000] PM: Registered nosave memory: [mem 0x0009f000-0x0009ffff]\r\n[    0.000000] PM: Registered nosave memory: [mem 0x000a0000-0x000effff]\r\n[    0.000000] PM: Registered nosave memory: [mem 0x000f0000-0x000fffff]\r\n[    0.000000] e820: [mem 0x03e00000-0xafffffff] available for PCI devices\r\n[    0.000000] Booting paravirtualized kernel on KVM\r\n[    0.000000] clocksource: refined-jiffies: mask: 0xffffffff max_cycles: 0xffffffff, max_idle_ns: 7645519600211568 ns\r\n[    0.000000] setup_percpu: NR_CPUS:256 nr_cpumask_bits:256 nr_cpu_ids:1 nr_node_ids:1\r\n[    0.000000] PERCPU: Embedded 33 pages/cpu @ffff880003600000 s98008 r8192 d28968 u2097152\r\n[    0.000000] KVM setup async PF for cpu 0\r\n[    0.000000] kvm-stealtime: cpu 0, msr 360d940\r\n[    0.000000] PV qspinlock hash table entries: 256 (order: 0, 4096 bytes)\r\n[    0.000000] Built 1 zonelists in Node order, mobility grouping on.  Total pages: 15469\r\n[    0.000000] Policy zone: DMA32\r\n[    0.000000] Kernel command line: LABEL=cirros-rootfs ro console=tty1 console=ttyS0\r\n[    0.000000] PID hash table entries: 256 (order: -1, 2048 bytes)\r\n[    0.000000] Memory: 37152K/62952K available (8368K kernel code, 1280K rwdata, 3928K rodata, 1480K init, 1292K bss, 25800K reserved, 0K cma-reserved)\r\n[    0.000000] SLUB: HWalign=64, Order=0-3, MinObjects=0, CPUs=1, Nodes=1\r\n[    0.000000] Hierarchical RCU implementation.\r\n[    0.000000] \tBuild-time adjustment of leaf fanout to 64.\r\n[    0.000000] \tRCU restricting CPUs from NR_CPUS=256 to nr_cpu_ids=1.\r\n[    0.000000] RCU: Adjusting geometry for rcu_fanout_leaf=64, nr_cpu_ids=1\r\n[    0.000000] NR_IRQS:16640 nr_irqs:256 16\r\n[    0.000000] Console: colour VGA+ 80x25\r\n[    0.000000] console [tty1] enabled\r\n[    0.000000] console [ttyS0] enabled\r\n[    0.000000] tsc: Detected 2394.454 MHz processor\r\n[    0.152000] Calibrating delay loop (skipped) preset value.. 4788.90 BogoMIPS (lpj=9577816)\r\n[    0.209864] pid_max: default: 32768 minimum: 301\r\n[    0.261650] ACPI: Core revision 20150930\r\n[    0.546943] ACPI: 1 ACPI AML tables successfully acquired and loaded\r\n[    0.912000] Security Framework initialized\r\n[    0.960921] Yama: becoming mindful.\r\n[    1.369655] AppArmor: AppArmor initialized\r\n[    1.574325] Dentry cache hash table entries: 8192 (order: 4, 65536 bytes)\r\n[    1.668741] Inode-cache hash table entries: 4096 (order: 3, 32768 bytes)\r\n[    1.776865] Mount-cache hash table entries: 512 (order: 0, 4096 bytes)\r\n[    1.784655] Mountpoint-cache hash table entries: 512 (order: 0, 4096 bytes)\r\n[    2.637086] Initializing cgroup subsys io\r\n[    2.656901] Initializing cgroup subsys memory\r\n[    2.801424] Initializing cgroup subsys devices\r\n[    2.841463] Initializing cgroup subsys freezer\r\n[    2.848925] Initializing cgroup subsys net_cls\r\n[    2.910728] Initializing cgroup subsys perf_event\r\n[    3.008686] Initializing cgroup subsys net_prio\r\n[    3.016589] Initializing cgroup subsys hugetlb\r\n[    3.060729] Initializing cgroup subsys pids\r\n[    3.294382] CPU: Physical Processor ID: 0\r\n[    3.381655] mce: CPU supports 10 MCE banks\r\n[    3.587399] Last level iTLB entries: 4KB 0, 2MB 0, 4MB 0\r\n[    3.608853] Last level dTLB entries: 4KB 0, 2MB 0, 4MB 0, 1GB 0\r\n[   32.775755] random: nonblocking pool is initialized\r\n[   56.768000] Freeing SMP alternatives memory: 28K (ffffffff820b4000 - ffffffff820bb000)\r\n []}]","name":"testvmi6x9gm42q4c7dfnp4skngfpcfg62kw4p5zcrljxjjcqn4445m","namespace":"kubevirt-test-default","pos":"utils.go:2984","timestamp":"2020-08-28T22:35:33.445052Z","uid":"3aafd7b0-c408-4452-bc39-2f6d541e1253"}
• Failure [200.009 seconds]
Configurations
/root/go/src/kubevirt.io/kubevirt/tests/vmi_configuration_test.go:56
  [rfe_id:898][crit:medium][vendor:cnv-qe@redhat.com][level:component]New VirtualMachineInstance with all supported drives
  /root/go/src/kubevirt.io/kubevirt/tests/vmi_configuration_test.go:1772
    [test_id:3906]should configure custom Pci address [It]
    /root/go/src/kubevirt.io/kubevirt/tests/vmi_configuration_test.go:1815

    Unexpected error:
        <expect.TimeoutError>: 180000000000
        expect: timer expired after 180 seconds
    occurred

    /root/go/src/kubevirt.io/kubevirt/tests/vmi_configuration_test.go:1821
------------------------------
STEP: checking disk1 Pci address
{"component":"tests","kind":"VirtualMachineInstance","level":"info","msg":"Event(v1.ObjectReference{Kind:\"VirtualMachineInstance\", Namespace:\"kubevirt-test-default\", Name:\"testvmilrlqj6mptq2zn557nch7hkgs646nqd99dnb7xcxj7fg5p8c4\", UID:\"be0049db-188e-410c-97b7-8d258d2525ca\", APIVersion:\"kubevirt.io/v1alpha3\", ResourceVersion:\"83836\", FieldPath:\"\"}): type: 'Normal' reason: 'SuccessfulCreate' Created virtual machine pod virt-launcher-testvmilrlqj6mptq2zn557nch7hkgs646nqd99dnb7xqgs8f","name":"testvmilrlqj6mptq2zn557nch7hkgs646nqd99dnb7xcxj7fg5p8c4","namespace":"kubevirt-test-default","pos":"utils.go:332","timestamp":"2020-08-28T22:35:36.193695Z","uid":"be0049db-188e-410c-97b7-8d258d2525ca"}
{"component":"tests","kind":"VirtualMachineInstance","level":"info","msg":"Event(v1.ObjectReference{Kind:\"VirtualMachineInstance\", Namespace:\"kubevirt-test-default\", Name:\"testvmilrlqj6mptq2zn557nch7hkgs646nqd99dnb7xcxj7fg5p8c4\", UID:\"be0049db-188e-410c-97b7-8d258d2525ca\", APIVersion:\"kubevirt.io/v1alpha3\", ResourceVersion:\"83890\", FieldPath:\"\"}): type: 'Normal' reason: 'Created' VirtualMachineInstance defined.","name":"testvmilrlqj6mptq2zn557nch7hkgs646nqd99dnb7xcxj7fg5p8c4","namespace":"kubevirt-test-default","pos":"utils.go:332","timestamp":"2020-08-28T22:35:43.069684Z","uid":"be0049db-188e-410c-97b7-8d258d2525ca"}
{"component":"tests","kind":"VirtualMachineInstance","level":"info","msg":"Event(v1.ObjectReference{Kind:\"VirtualMachineInstance\", Namespace:\"kubevirt-test-default\", Name:\"testvmilrlqj6mptq2zn557nch7hkgs646nqd99dnb7xcxj7fg5p8c4\", UID:\"be0049db-188e-410c-97b7-8d258d2525ca\", APIVersion:\"kubevirt.io/v1alpha3\", ResourceVersion:\"83912\", FieldPath:\"\"}): type: 'Normal' reason: 'Started' VirtualMachineInstance started.","name":"testvmilrlqj6mptq2zn557nch7hkgs646nqd99dnb7xcxj7fg5p8c4","namespace":"kubevirt-test-default","pos":"utils.go:332","timestamp":"2020-08-28T22:35:43.142602Z","uid":"be0049db-188e-410c-97b7-8d258d2525ca"}
Sent: "\n"
Sent: "\n"
Sent: "\n"
{"component":"tests","kind":"VirtualMachineInstance","level":"info","msg":"Login: [{2
[    0.000000] Initializing cgroup subsys cpuset\r\n[    0.000000] Initializing cgroup subsys cpu\r\n[    0.000000] Initializing cgroup subsys cpuacct\r\n[    0.000000] Linux version 4.4.0-28-generic (buildd@lcy01-13) (gcc version 5.3.1 20160413 (Ubuntu 5.3.1-14ubuntu2.1) ) #47-Ubuntu SMP Fri Jun 24 10:09:13 UTC 2016 (Ubuntu 4.4.0-28.47-generic 4.4.13)\r\n[    0.000000] Command line: LABEL=cirros-rootfs ro console=tty1 console=ttyS0\r\n[    0.000000] KERNEL supported cpus:\r\n[    0.000000]   Intel GenuineIntel\r\n[    0.000000]   AMD AuthenticAMD\r\n[    0.000000]   Centaur CentaurHauls\r\n[    0.000000] x86/fpu: xstate_offset[2]:  576, xstate_sizes[2]:  256\r\n[    0.000000] x86/fpu: Supporting XSAVE feature 0x01: 'x87 floating point registers'\r\n[    0.000000] x86/fpu: Supporting XSAVE feature 0x02: 'SSE registers'\r\n[    0.000000] x86/fpu: Supporting XSAVE feature 0x04: 'AVX registers'\r\n[    0.000000] x86/fpu: Enabled xstate features 0x7, context size is 832 bytes, using 'standard' format.\r\n[    0.000000] x86/fpu: Using 'eager' FPU context switches.\r\n[    0.000000] e820: BIOS-provided physical RAM map:\r\n[    0.000000] BIOS-e820: [mem 0x0000000000000000-0x000000000009fbff] usable\r\n[    0.000000] BIOS-e820: [mem 0x000000000009fc00-0x000000000009ffff] reserved\r\n[    0.000000] BIOS-e820: [mem 0x00000000000f0000-0x00000000000fffff] reserved\r\n[    0.000000] BIOS-e820: [mem 0x0000000000100000-0x0000000003ddbfff] usable\r\n[    0.000000] BIOS-e820: [mem 0x0000000003ddc000-0x0000000003dfffff] reserved\r\n[    0.000000] BIOS-e820: [mem 0x00000000b0000000-0x00000000bfffffff] reserved\r\n[    0.000000] BIOS-e820: [mem 0x00000000fed1c000-0x00000000fed1ffff] reserved\r\n[    0.000000] BIOS-e820: [mem 0x00000000feffc000-0x00000000feffffff] reserved\r\n[    0.000000] BIOS-e820: [mem 0x00000000fffc0000-0x00000000ffffffff] reserved\r\n[    0.000000] NX (Execute Disable) protection: active\r\n[    0.000000] SMBIOS 2.8 present.\r\n[    0.000000] Hypervisor detected: KVM\r\n[    0.000000] e820: last_pfn = 0x3ddc max_arch_pfn = 0x400000000\r\n[    0.000000] x86/PAT: Configuration [0-7]: WB  WC  UC- UC  WB  WC  UC- WT  \r\n[    0.000000] found SMP MP-table at [mem 0x000f5cb0-0x000f5cbf] mapped at [ffff8800000f5cb0]\r\n[    0.000000] Scanning 1 areas for low memory corruption\r\n[    0.000000] Using GB pages for direct mapping\r\n[    0.000000] RAMDISK: [mem 0x03916000-0x03dcbfff]\r\n[    0.000000] ACPI: Early table checksum verification disabled\r\n[    0.000000] ACPI: RSDP 0x00000000000F5A40 000014 (v00 BOCHS )\r\n[    0.000000] ACPI: RSDT 0x0000000003DE20B7 000030 (v01 BOCHS  BXPCRSDT 00000001 BXPC 00000001)\r\n[    0.000000] ACPI: FACP 0x0000000003DE1F0F 0000F4 (v03 BOCHS  BXPCFACP 00000001 BXPC 00000001)\r\n[    0.000000] ACPI: DSDT 0x0000000003DE0040 001ECF (v01 BOCHS  BXPCDSDT 00000001 BXPC 00000001)\r\n[    0.000000] ACPI: FACS 0x0000000003DE0000 000040\r\n[    0.000000] ACPI: APIC 0x0000000003DE2003 000078 (v01 BOCHS  BXPCAPIC 00000001 BXPC 00000001)\r\n[    0.000000] ACPI: MCFG 0x0000000003DE207B 00003C (v01 BOCHS  BXPCMCFG 00000001 BXPC 00000001)\r\n[    0.000000] No NUMA configuration found\r\n[    0.000000] Faking a node at [mem 0x0000000000000000-0x0000000003ddbfff]\r\n[    0.000000] NODE_DATA(0) allocated [mem 0x03dd7000-0x03ddbfff]\r\n[    0.000000] kvm-clock: Using msrs 4b564d01 and 4b564d00\r\n[    0.000000] kvm-clock: cpu 0, msr 0:3dd3001, primary cpu clock\r\n[    0.000000] clocksource: kvm-clock: mask: 0xffffffffffffffff max_cycles: 0x1cd42e4dffb, max_idle_ns: 881590591483 ns\r\n[    0.000000] Zone ranges:\r\n[    0.000000]   DMA      [mem 0x0000000000001000-0x0000000000ffffff]\r\n[    0.000000]   DMA32    [mem 0x0000000001000000-0x0000000003ddbfff]\r\n[    0.000000]   Normal   empty\r\n[    0.000000]   Device   empty\r\n[    0.000000] Movable zone start for each node\r\n[    0.000000] Early memory node ranges\r\n[    0.000000]   node   0: [mem 0x0000000000001000-0x000000000009efff]\r\n[    0.000000]   node   0: [mem 0x0000000000100000-0x0000000003ddbfff]\r\n[    0.000000] Initmem setup node 0 [mem 0x0000000000001000-0x0000000003ddbfff]\r\n[    0.000000] ACPI: PM-Timer IO Port: 0x608\r\n[    0.000000] ACPI: LAPIC_NMI (acpi_id[0xff] dfl dfl lint[0x1])\r\n[    0.000000] IOAPIC[0]: apic_id 0, version 17, address 0xfec00000, GSI 0-23\r\n[    0.000000] ACPI: INT_SRC_OVR (bus 0 bus_irq 0 global_irq 2 dfl dfl)\r\n[    0.000000] ACPI: INT_SRC_OVR (bus 0 bus_irq 5 global_irq 5 high level)\r\n[    0.000000] ACPI: INT_SRC_OVR (bus 0 bus_irq 9 global_irq 9 high level)\r\n[    0.000000] ACPI: INT_SRC_OVR (bus 0 bus_irq 10 global_irq 10 high level)\r\n[    0.000000] ACPI: INT_SRC_OVR (bus 0 bus_irq 11 global_irq 11 high level)\r\n[    0.000000] Using ACPI (MADT) for SMP configuration information\r\n[    0.000000] smpboot: Allowing 1 CPUs, 0 hotplug CPUs\r\n[    0.000000] PM: Registered nosave memory: [mem 0x00000000-0x00000fff]\r\n[    0.000000] PM: Registered nosave memory: [mem 0x0009f000-0x0009ffff]\r\n[    0.000000] PM: Registered nosave memory: [mem 0x000a0000-0x000effff]\r\n[    0.000000] PM: Registered nosave memory: [mem 0x000f0000-0x000fffff]\r\n[    0.000000] e820: [mem 0x03e00000-0xafffffff] available for PCI devices\r\n[    0.000000] Booting paravirtualized kernel on KVM\r\n[    0.000000] clocksource: refined-jiffies: mask: 0xffffffff max_cycles: 0xffffffff, max_idle_ns: 7645519600211568 ns\r\n[    0.000000] setup_percpu: NR_CPUS:256 nr_cpumask_bits:256 nr_cpu_ids:1 nr_node_ids:1\r\n[    0.000000] PERCPU: Embedded 33 pages/cpu @ffff880003600000 s98008 r8192 d28968 u2097152\r\n[    0.000000] KVM setup async PF for cpu 0\r\n[    0.000000] kvm-stealtime: cpu 0, msr 360d940\r\n[    0.000000] PV qspinlock hash table entries: 256 (order: 0, 4096 bytes)\r\n[    0.000000] Built 1 zonelists in Node order, mobility grouping on.  Total pages: 15469\r\n[    0.000000] Policy zone: DMA32\r\n[    0.000000] Kernel command line: LABEL=cirros-rootfs ro console=tty1 console=ttyS0\r\n[    0.000000] PID hash table entries: 256 (order: -1, 2048 bytes)\r\n[    0.000000] Memory: 37152K/62952K available (8368K kernel code, 1280K rwdata, 3928K rodata, 1480K init, 1292K bss, 25800K reserved, 0K cma-reserved)\r\n[    0.000000] SLUB: HWalign=64, Order=0-3, MinObjects=0, CPUs=1, Nodes=1\r\n[    0.000000] Hierarchical RCU implementation.\r\n[    0.000000] \tBuild-time adjustment of leaf fanout to 64.\r\n[    0.000000] \tRCU restricting CPUs from NR_CPUS=256 to nr_cpu_ids=1.\r\n[    0.000000] RCU: Adjusting geometry for rcu_fanout_leaf=64, nr_cpu_ids=1\r\n[    0.000000] NR_IRQS:16640 nr_irqs:256 16\r\n[    0.000000] Console: colour VGA+ 80x25\r\n[    0.000000] console [tty1] enabled\r\n[    0.000000] console [ttyS0] enabled\r\n[    0.000000] tsc: Detected 2394.454 MHz processor\r\n[    0.160000] Calibrating delay loop (skipped) preset value.. 4788.90 BogoMIPS (lpj=9577816)\r\n[    0.169961] pid_max: default: 32768 minimum: 301\r\n[    0.209903] ACPI: Core revision 20150930\r\n[    0.948000] ACPI: 1 ACPI AML tables successfully acquired and loaded\r\n[    1.144000] Security Framework initialized\r\n[    1.209273] Yama: becoming mindful.\r\n[    1.576000] AppArmor: AppArmor initialized\r\n[    1.630448] Dentry cache hash table entries: 8192 (order: 4, 65536 bytes)\r\n[    1.840000] Inode-cache hash table entries: 4096 (order: 3, 32768 bytes)\r\n[    1.929477] Mount-cache hash table entries: 512 (order: 0, 4096 bytes)\r\n[    1.936616] Mountpoint-cache hash table entries: 512 (order: 0, 4096 bytes)\r\n[    2.816000] Initializing cgroup subsys io\r\n[    2.837502] Initializing cgroup subsys memory\r\n[    2.882604] Initializing cgroup subsys devices\r\n[    2.946674] Initializing cgroup subsys freezer\r\n[    3.001098] Initializing cgroup subsys net_cls\r\n[    3.032816] Initializing cgroup subsys perf_event\r\n[    3.056699] Initializing cgroup subsys net_prio\r\n[    3.076806] Initializing cgroup subsys hugetlb\r\n[    3.080773] Initializing cgroup subsys pids\r\n[    3.705950] CPU: Physical Processor ID: 0\r\n[    4.061529] mce: CPU supports 10 MCE banks\r\n[    4.359397] Last level iTLB entries: 4KB 0, 2MB 0, 4MB 0\r\n[    4.396681] Last level dTLB entries: 4KB 0, 2MB 0, 4MB 0, 1GB 0\r\n[   32.774963] random: nonblocking pool is initialized\r\n[   64.364000] Freeing SMP alternatives memory: 28K (ffffffff820b4000 - ffffffff820bb000)\r\n []}]","name":"testvmilrlqj6mptq2zn557nch7hkgs646nqd99dnb7xcxj7fg5p8c4","namespace":"kubevirt-test-default","pos":"utils.go:2984","timestamp":"2020-08-28T22:38:53.454463Z","uid":"be0049db-188e-410c-97b7-8d258d2525ca"}
• [SLOW TEST:9.943 seconds]
Configurations
/root/go/src/kubevirt.io/kubevirt/tests/vmi_configuration_test.go:56
  [rfe_id:898][crit:medium][vendor:cnv-qe@redhat.com][level:component]New VirtualMachineInstance with all supported drives
  /root/go/src/kubevirt.io/kubevirt/tests/vmi_configuration_test.go:1772
    [test_id:1020]should not create the VM with wrong PCI adress
    /root/go/src/kubevirt.io/kubevirt/tests/vmi_configuration_test.go:1826
------------------------------
• [SLOW TEST:49.815 seconds]
Configurations
/root/go/src/kubevirt.io/kubevirt/tests/vmi_configuration_test.go:56
  [rfe_id:897][crit:medium][vendor:cnv-qe@redhat.com][level:component]VirtualMachineInstance with CPU pinning
  /root/go/src/kubevirt.io/kubevirt/tests/vmi_configuration_test.go:1855
    with cpu pinning enabled
    /root/go/src/kubevirt.io/kubevirt/tests/vmi_configuration_test.go:1886
      [test_id:1684]should set the cpumanager label to false when it's not running
      /root/go/src/kubevirt.io/kubevirt/tests/vmi_configuration_test.go:1887
------------------------------
•
------------------------------
• Failure [216.190 seconds]
Configurations
/root/go/src/kubevirt.io/kubevirt/tests/vmi_configuration_test.go:56
  [rfe_id:897][crit:medium][vendor:cnv-qe@redhat.com][level:component]VirtualMachineInstance with CPU pinning
  /root/go/src/kubevirt.io/kubevirt/tests/vmi_configuration_test.go:1855
    with cpu pinning enabled
    /root/go/src/kubevirt.io/kubevirt/tests/vmi_configuration_test.go:1886
      [test_id:991]should be scheduled on a node with running cpu manager [It]
      /root/go/src/kubevirt.io/kubevirt/tests/vmi_configuration_test.go:1919

      Unexpected error:
          <expect.TimeoutError>: 180000000000
          expect: timer expired after 180 seconds
      occurred

      /root/go/src/kubevirt.io/kubevirt/tests/vmi_configuration_test.go:1975
------------------------------
STEP: Starting a VirtualMachineInstance
{"component":"tests","kind":"VirtualMachineInstance","level":"info","msg":"Event(v1.ObjectReference{Kind:\"VirtualMachineInstance\", Namespace:\"kubevirt-test-default\", Name:\"testvmiqbcfghxsnfdghjhn9nlx2gvh7zj7268zfmwszn5xtnd54mv6\", UID:\"11bf3672-dcb2-4aa6-8d8d-467cfce95bdf\", APIVersion:\"kubevirt.io/v1alpha3\", ResourceVersion:\"85079\", FieldPath:\"\"}): type: 'Normal' reason: 'SuccessfulCreate' Created virtual machine pod virt-launcher-testvmiqbcfghxsnfdghjhn9nlx2gvh7zj7268zfmwszhp7w9","name":"testvmiqbcfghxsnfdghjhn9nlx2gvh7zj7268zfmwszn5xtnd54mv6","namespace":"kubevirt-test-default","pos":"utils.go:332","timestamp":"2020-08-28T22:40:01.503176Z","uid":"11bf3672-dcb2-4aa6-8d8d-467cfce95bdf"}
{"component":"tests","kind":"VirtualMachineInstance","level":"info","msg":"Event(v1.ObjectReference{Kind:\"VirtualMachineInstance\", Namespace:\"kubevirt-test-default\", Name:\"testvmiqbcfghxsnfdghjhn9nlx2gvh7zj7268zfmwszn5xtnd54mv6\", UID:\"11bf3672-dcb2-4aa6-8d8d-467cfce95bdf\", APIVersion:\"kubevirt.io/v1alpha3\", ResourceVersion:\"85170\", FieldPath:\"\"}): type: 'Normal' reason: 'Created' VirtualMachineInstance defined.","name":"testvmiqbcfghxsnfdghjhn9nlx2gvh7zj7268zfmwszn5xtnd54mv6","namespace":"kubevirt-test-default","pos":"utils.go:332","timestamp":"2020-08-28T22:40:21.185595Z","uid":"11bf3672-dcb2-4aa6-8d8d-467cfce95bdf"}
{"component":"tests","kind":"VirtualMachineInstance","level":"info","msg":"Event(v1.ObjectReference{Kind:\"VirtualMachineInstance\", Namespace:\"kubevirt-test-default\", Name:\"testvmiqbcfghxsnfdghjhn9nlx2gvh7zj7268zfmwszn5xtnd54mv6\", UID:\"11bf3672-dcb2-4aa6-8d8d-467cfce95bdf\", APIVersion:\"kubevirt.io/v1alpha3\", ResourceVersion:\"85183\", FieldPath:\"\"}): type: 'Normal' reason: 'Started' VirtualMachineInstance started.","name":"testvmiqbcfghxsnfdghjhn9nlx2gvh7zj7268zfmwszn5xtnd54mv6","namespace":"kubevirt-test-default","pos":"utils.go:332","timestamp":"2020-08-28T22:40:21.326113Z","uid":"11bf3672-dcb2-4aa6-8d8d-467cfce95bdf"}
STEP: Checking that the VMI QOS is guaranteed
STEP: Checking that the pod QOS is guaranteed
{"component":"tests","level":"info","msg":"1-2\n","pos":"vmi_configuration_test.go:1965","timestamp":"2020-08-28T22:40:22.526457Z"}
STEP: Expecting the VirtualMachineInstance console
Sent: "\n"
Sent: "\n"
Sent: "\n"
